Microchip MPLAB XC8 Compiler V1.42 ()

Linker command line:

--edf=/opt/microchip/xc8/v1.42/dat/en_msgs.txt -cs \
  -h+dist/default/production/PIC10F322_blink.production.sym \
  --cmf=dist/default/production/PIC10F322_blink.production.cmf -z -w9 \
  --norlf -Q10F322 -o/tmp/xcX4h9wlI \
  -Mdist/default/production/PIC10F322_blink.production.map -E1 -ver=XC8 \
  -ACODE=00h-01FFh -ASTRCODE=00h-01FFh -ASTRING=00h-0FFhx2 \
  -ACONST=00h-0FFhx2 -AENTRY=00h-0FFhx2 -ABANK0=040h-07Dh -ARAM=040h-07Dh \
  -AABS1=040h-07Fh -ACOMMON=07Eh-07Fh -ASFR0=00h-03Fh \
  -preset_vec=00h,intentry,init,end_init -ppowerup=CODE -pcinit=CODE \
  -pfunctab=CODE -ACONFIG=02007h-02007h -pconfig=CONFIG -DCONFIG=2 \
  -AIDLOC=02000h-02003h -pidloc=IDLOC -DIDLOC=2 -DCODE=2 -DSTRCODE=2 \
  -DSTRING=2 -DCONST=2 -DENTRY=2 -k /tmp/xcXyGzNJP.obj \
  dist/default/production/PIC10F322_blink.production.obj 

Object code version is 3.11

Machine type is 10F322



                Name                               Link     Load   Length Selector   Space Scale
/tmp/xcXyGzNJP.obj
                end_init                              0        0        2        0       0
dist/default/production/PIC10F322_blink.production.obj
                cinit                               1FE      1FE        2      3FC       0
                text2                               1D9      1D9        3      3B2       0
                text1                               1DC      1DC        3      3B8       0
                maintext                            1DF      1DF       1F      3BE       0
                cstackBANK0                          40       40        3       40       1

TOTAL           Name                               Link     Load   Length     Space
        CLASS   CODE           
                end_init                              0        0        2         0
                cinit                               1FE      1FE        2         0
                text2                               1D9      1D9        3         0
                text1                               1DC      1DC        3         0
                maintext                            1DF      1DF       1F         0

        CLASS   STRCODE        

        CLASS   STRING         

        CLASS   CONST          

        CLASS   ENTRY          

        CLASS   BANK0          
                cstackBANK0                          40       40        3         1

        CLASS   RAM            

        CLASS   ABS1           
                abs_s1                               7E       7E        2         1

        CLASS   COMMON         

        CLASS   SFR0           

        CLASS   CONFIG         

        CLASS   IDLOC          

        CLASS   STACK          

        CLASS   EEDATA         



SEGMENTS        Name                           Load    Length   Top    Selector   Space  Class     Delta

                reset_vec                      000000  000002  000002         0       0  CODE        2
                cstackBANK0                    000040  000003  000043        40       1  BANK0       1
                text2                          0001D9  000003  0001DC       3B2       0  CODE        2
                text1                          0001DC  000003  0001DF       3B8       0  CODE        2
                maintext                       0001DF  00001F  0001FE       3BE       0  CODE        2
                cinit                          0001FE  000002  000200       3FC       0  CODE        2


UNUSED ADDRESS RANGES

        Name                Unused          Largest block    Delta
        BANK0            043-07D            3B           1
        CODE             002-1D8           1D7           2
        CONFIG           2007-2007             1           2
        CONST            002-1D8            FE           2
        ENTRY            002-1D8            FE           2
        IDLOC            2000-2003             4           2
        RAM              043-07D            3B           1
        SFR0             000-03F            40           1
        STRCODE          002-1D8           1D7           2
        STRING           002-1D8            FE           2

                                  Symbol Table

_PINS_Initialize                                
__CFG_BOREN$OFF                 (abs)        000
__CFG_BORV$LO                   (abs)        000
__CFG_CP$OFF                    (abs)        000
__CFG_FOSC$INTOSC               (abs)        000
__CFG_LPBOR$OFF                 (abs)        000
__CFG_LVP$ON                    (abs)        000
__CFG_MCLRE$ON                  (abs)        000
__CFG_PWRTE$OFF                 (abs)        000
__CFG_WDTE$OFF                  (abs)        000
__CFG_WRT$OFF                   (abs)        000
__Habs1                         abs1         000
__Hbank0                        bank0        000
__Hclrtext                      clrtext      000
__Hcode                         code         000
__Hcommon                       common       000
__Hconfig                       config       000
__HcstackBANK0                  cstackBANK0  000
__HcstackCOMMON                 cstackCOMMON 000
__Heeprom_data                  eeprom_data  000
__Hfunctab                      functab      000
__Hidloc                        idloc        000
__Hinit                         init         000
__Hintentry                     intentry     000
__Hmaintext                     maintext     000
__Hpowerup                      powerup      000
__Hram                          ram          000
__Hreset_vec                    reset_vec    000
__Hsfr0                         sfr0         000
__Hspace_2                      (abs)        000
__Hspace_3                      (abs)        000
__Hstack                        stack        000
__Hstrings                      strings      000
__Htext                         text         000
__Labs1                         abs1         000
__Lbank0                        bank0        000
__Lclrtext                      clrtext      000
__Lcode                         code         000
__Lcommon                       common       000
__Lconfig                       config       000
__LcstackBANK0                  cstackBANK0  000
__LcstackCOMMON                 cstackCOMMON 000
__Leeprom_data                  eeprom_data  000
__Lend_init                     end_init     000
__Lfunctab                      functab      000
__Lidloc                        idloc        000
__Linit                         init         000
__Lintentry                     intentry     000
__Lmaintext                     maintext     000
__Lpowerup                      powerup      000
__Lram                          ram          000
__Lreset_vec                    reset_vec    000
__Lsfr0                         sfr0         000
__Lspace_0                      (abs)        000
__Lspace_1                      (abs)        000
__Lspace_2                      (abs)        000
__Lspace_3                      (abs)        000
__Lstack                        stack        000
__Lstrings                      strings      000
__Ltext                         text         000
___int_sp                       stack        000
___latbits                      (abs)        000
___sp                           stack        000
__pcstackCOMMON                 cstackCOMMON 000
__size_of_OSCILLATOR_Initialize (abs)        000
__size_of_SYSTEM_Initialize     (abs)        000
__size_of_main                  (abs)        000
intlevel0                       functab      000
intlevel1                       functab      000
intlevel2                       functab      000
intlevel3                       functab      000
intlevel4                       functab      000
intlevel5                       functab      000
reset_vec                       reset_vec    000
stackhi                         (abs)        000
stacklo                         (abs)        000
start                           init         000
__Hend_init                     end_init     002
_TRISA                          (abs)        006
_LATA                           (abs)        007
_LATAbits                       (abs)        007
_ANSELA                         (abs)        008
_WPUA                           (abs)        009
_OSCCON                         (abs)        010
__pcstackBANK0                  cstackBANK0  040
__Hspace_1                      (abs)        043
__S1                            (abs)        043
btemp                           (abs)        07E
wtemp0                          (abs)        07E
__Hspace_0                      (abs)        200
__S0                            (abs)        200
_OSCILLATOR_Initialize          text2        1D9
__ptext2                        text2        1D9
_SYSTEM_Initialize              text1        1DC
__end_of_OSCILLATOR_Initialize  text2        1DC
__ptext1                        text1        1DC
__end_of_SYSTEM_Initialize      text1        1DF
__pmaintext                     maintext     1DF
_main                           maintext     1DF
__Lcinit                        cinit        1FE
__end_of__initialization        cinit        1FE
__end_of_main                   maintext     1FE
__initialization                cinit        1FE
__Hcinit                        cinit        200
end_of_initialization           cinit        1FE
start_initialization            cinit        1FE
