Microchip MPLAB XC8 Compiler V1.41 ()

Linker command line:

--edf=/opt/microchip/xc8/v1.41/dat/en_msgs.txt -cs \
  -h+dist/free/production/MusicMaker.X.production.sym \
  --cmf=dist/free/production/MusicMaker.X.production.cmf -z -Q16F18855 \
  -o/tmp/xcX3pFyby -Mdist/free/production/MusicMaker.X.production.map -E1 \
  -ver=XC8 -ASTACK=0213Ch-02203h -pstack=STACK -ACODE=00h-07FFhx4 \
  -ASTRCODE=00h-01FFFh -ASTRING=00h-0FFhx32 -ACONST=00h-0FFhx32 \
  -AENTRY=00h-0FFhx32 -ACOMMON=070h-07Fh -ABANK0=020h-06Fh \
  -ABANK1=0A0h-0EFh -ABANK2=0120h-016Fh -ABANK3=01A0h-01EFh \
  -ABANK4=0220h-026Fh -ABANK5=02A0h-02EFh -ABANK6=0320h-036Fh \
  -ABANK7=03A0h-03EFh -ABANK8=0420h-046Fh -ABANK9=04A0h-04EFh \
  -ABANK10=0520h-056Fh -ABANK11=05A0h-05EFh -ABANK12=0620h-064Fh \
  -ABIGRAM=02000h-023EFh \
  -ARAM=020h-06Fh,0A0h-0EFh,0120h-016Fh,01A0h-01EFh,0220h-026Fh,02A0h-02EFh,0320h-036Fh,03A0h-03EFh,0420h-046Fh,04A0h-04EFh,0520h-056Fh,05A0h-05EFh,0620h-064Fh \
  -AABS1=020h-07Fh,0A0h-0EFh,0120h-016Fh,01A0h-01EFh,0220h-026Fh,02A0h-02EFh,0320h-036Fh,03A0h-03EFh,0420h-046Fh,04A0h-04EFh,0520h-056Fh,05A0h-05EFh,0620h-064Fh \
  -ASFR0=00h-01Fh -ASFR1=080h-09Fh -ASFR2=0100h-011Fh -ASFR3=0180h-019Fh \
  -ASFR4=0200h-021Fh -ASFR5=0280h-029Fh -ASFR6=0300h-031Fh \
  -ASFR7=0380h-039Fh -ASFR8=0400h-041Fh -ASFR9=0480h-049Fh \
  -ASFR10=0500h-051Fh -ASFR11=0580h-059Fh -ASFR12=0600h-061Fh \
  -ASFR13=0680h-06EFh -ASFR14=0700h-076Fh -ASFR15=0780h-07EFh \
  -ASFR16=0800h-086Fh -ASFR17=0880h-08EFh -ASFR18=0900h-096Fh \
  -ASFR19=0980h-09EFh -ASFR20=0A00h-0A6Fh -ASFR21=0A80h-0AEFh \
  -ASFR22=0B00h-0B6Fh -ASFR23=0B80h-0BEFh -ASFR24=0C00h-0C6Fh \
  -ASFR25=0C80h-0CEFh -ASFR26=0D00h-0D6Fh -ASFR27=0D80h-0DEFh \
  -ASFR28=0E00h-0E6Fh -ASFR29=0E80h-0EEFh -ASFR30=0F00h-0F6Fh \
  -ASFR31=0F80h-0FEFh -preset_vec=00h,intentry,init,end_init -ppowerup=CODE \
  -pcinit=CODE -pfunctab=CODE -ACONFIG=08007h-0800Bh -pconfig=CONFIG \
  -DCONFIG=2 -AIDLOC=08000h-08003h -pidloc=IDLOC -DIDLOC=2 \
  -AEEDATA=00h-0FFh/0F000h -peeprom_data=EEDATA -DEEDATA=2 -DCODE=2 \
  -DSTRCODE=2 -DSTRING=2 -DCONST=2 -DENTRY=2 -k /tmp/xcXd2nBpl.obj \
  dist/free/production/MusicMaker.X.production.obj 

Object code version is 3.11

Machine type is 16F18855



                Name                               Link     Load   Length Selector   Space Scale
/tmp/xcXd2nBpl.obj
                end_init                              2        2        2        0       0
                reset_vec                             0        0        2        0       0
                config                             8007     8007        5    1000E       0
dist/free/production/MusicMaker.X.production.obj
                cinit                               7C1      7C1       3F      F82       0
                text27                              F1E      F1E       10     1E3C       0
                text26                              F54      F54       18     1EA8       0
                text25                              EE1      EE1        B     1DC2       0
                text24                              EEC      EEC        C     1DD8       0
                text23                              ED8      ED8        9     1DB0       0
                text22                               62       62       3C       C4       0
                text21                              EBB      EBB        3     1D76       0
                text20                              EF8      EF8        C     1DF0       0
                text19                              F2E      F2E       12     1E5C       0
                text18                              EC8      EC8        8     1D90       0
                text17                              EBE      EBE        5     1D7C       0
                text16                               2E       2E       34       5C       0
                text15                              FA4      FA4       2C     1F48       0
                text14                              F86      F86       1E     1F0C       0
                text13                              F10      F10        E     1E20       0
                text12                              ED0      ED0        8     1DA0       0
                text11                              EC3      EC3        5     1D86       0
                text10                              445      445      190      88A       0
                text9                               F6C      F6C       1A     1ED8       0
                text8                                 B        B       23       16       0
                text7                                 6        6        5        C       0
                text6                               12A      12A       51      254       0
                text5                               1D7      1D7       64      3AE       0
                text4                               2C2      2C2       A9      584       0
                text3                               23B      23B       87      476       0
                text2                               F40      F40       14     1E80       0
                text1                               17B      17B       5C      2F6       0
                maintext                            36B      36B       DA      6D6       0
                cstackBANK0                          20       20       31       20       1
                cstackCOMMON                         70       70        E       70       1
                inittext                            F04      F04        C     1E08       0
                dataBANK3                           1A0      1A0       4C      1A0       1
                dataBANK2                           120      120       40      120       1
                dataBANK1                            A0       A0       30       A0       1
                bssBANK0                             51       51        5       20       1
                stringtext                          800      800       5B     1000       0
                idataBIGRAM                         5D5      5D5      1EC      BAA       0
                idataBANK3                           DE       DE       4C      1BC       0
                idataBANK2                           9E       9E       40      13C       0
                idataBANK1                          FD0      FD0       30     1FA0       0

TOTAL           Name                               Link     Load   Length     Space
        CLASS   STACK          

        CLASS   CODE           
                end_init                              2        2        2         0
                cinit                               7C1      7C1       3F         0
                reset_vec                             0        0        2         0
                text27                              F1E      F1E       10         0
                text26                              F54      F54       18         0
                text25                              EE1      EE1        B         0
                text24                              EEC      EEC        C         0
                text23                              ED8      ED8        9         0
                text22                               62       62       3C         0
                text21                              EBB      EBB        3         0
                text20                              EF8      EF8        C         0
                text19                              F2E      F2E       12         0
                text18                              EC8      EC8        8         0
                text17                              EBE      EBE        5         0
                text16                               2E       2E       34         0
                text15                              FA4      FA4       2C         0
                text14                              F86      F86       1E         0
                text13                              F10      F10        E         0
                text12                              ED0      ED0        8         0
                text11                              EC3      EC3        5         0
                text10                              445      445      190         0
                text9                               F6C      F6C       1A         0
                text8                                 B        B       23         0
                text7                                 6        6        5         0
                text6                               12A      12A       51         0
                text5                               1D7      1D7       64         0
                text4                               2C2      2C2       A9         0
                text3                               23B      23B       87         0
                text2                               F40      F40       14         0
                text1                               17B      17B       5C         0
                maintext                            36B      36B       DA         0
                inittext                            F04      F04        C         0
                idataBIGRAM                         5D5      5D5      1EC         0
                idataBANK3                           DE       DE       4C         0
                idataBANK2                           9E       9E       40         0
                idataBANK1                          FD0      FD0       30         0

        CLASS   STRCODE        
                stringtext                          800      800       5B         0

        CLASS   STRING         

        CLASS   CONST          

        CLASS   ENTRY          

        CLASS   COMMON         
                cstackCOMMON                         70       70        E         1

        CLASS   BANK0          
                cstackBANK0                          20       20       31         1
                bssBANK0                             51       51        5         1

        CLASS   BANK1          
                dataBANK1                            A0       A0       30         1

        CLASS   BANK2          
                dataBANK2                           120      120       40         1

        CLASS   BANK3          
                dataBANK3                           1A0      1A0       4C         1

        CLASS   BANK4          

        CLASS   BANK5          

        CLASS   BANK6          

        CLASS   BANK7          

        CLASS   BANK8          

        CLASS   BANK9          

        CLASS   BANK10         

        CLASS   BANK11         

        CLASS   BANK12         

        CLASS   BIGRAM         

        CLASS   RAM            

        CLASS   ABS1           
                abs_s1                               7E       7E        2         1
                abs_s1                              344      344       2C         1
                abs_s1                              3A0      3A0       50         1
                abs_s1                              420      420       50         1
                abs_s1                              4A0      4A0       50         1
                abs_s1                              520      520       50         1
                abs_s1                              5A0      5A0       50         1
                abs_s1                              620      620       30         1
                abs_s1                             2204     2204        0         1
                abs_s1                             22C8     22C8        0         1
                abs_s1                             238C     238C        0         1

        CLASS   SFR0           

        CLASS   SFR1           

        CLASS   SFR2           

        CLASS   SFR3           

        CLASS   SFR4           

        CLASS   SFR5           

        CLASS   SFR6           

        CLASS   SFR7           

        CLASS   SFR8           

        CLASS   SFR9           

        CLASS   SFR10          

        CLASS   SFR11          

        CLASS   SFR12          

        CLASS   SFR13          

        CLASS   SFR14          

        CLASS   SFR15          

        CLASS   SFR16          

        CLASS   SFR17          

        CLASS   SFR18          

        CLASS   SFR19          

        CLASS   SFR20          

        CLASS   SFR21          

        CLASS   SFR22          

        CLASS   SFR23          

        CLASS   SFR24          

        CLASS   SFR25          

        CLASS   SFR26          

        CLASS   SFR27          

        CLASS   SFR28          

        CLASS   SFR29          

        CLASS   SFR30          

        CLASS   SFR31          

        CLASS   CONFIG         
                config                             8007     8007        5         0

        CLASS   IDLOC          

        CLASS   EEDATA         

        CLASS   BANK31         

        CLASS   BANK30         

        CLASS   BANK29         

        CLASS   BANK28         

        CLASS   BANK27         

        CLASS   BANK26         

        CLASS   BANK25         

        CLASS   BANK24         

        CLASS   BANK23         

        CLASS   BANK22         

        CLASS   BANK21         

        CLASS   BANK20         

        CLASS   BANK19         

        CLASS   BANK18         

        CLASS   BANK17         

        CLASS   BANK16         

        CLASS   BANK15         

        CLASS   BANK14         

        CLASS   BANK13         



SEGMENTS        Name                           Load    Length   Top    Selector   Space  Class     Delta

                reset_vec                      000000  000004  000004         0       0  CODE        2
                text7                          000006  000005  00000B         C       0  CODE        2
                text8                          00000B  000023  00002E        16       0  CODE        2
                cstackBANK0                    000020  000036  000056        20       1  BANK0       1
                text16                         00002E  000034  000062        5C       0  CODE        2
                cstackCOMMON                   000070  00000E  00007E        70       1  COMMON      1
                dataBANK1                      0000A0  000030  0000D0        A0       1  BANK1       1
                text22                         000062  00003C  00009E        C4       0  CODE        2
                dataBANK2                      000120  000040  000160       120       1  BANK2       1
                idataBANK2                     00009E  000040  0000DE       13C       0  CODE        2
                dataBANK3                      0001A0  00004C  0001EC       1A0       1  BANK3       1
                idataBANK3                     0000DE  00004C  00012A       1BC       0  CODE        2
                text6                          00012A  000051  00017B       254       0  CODE        2
                text1                          00017B  00005C  0001D7       2F6       0  CODE        2
                text5                          0001D7  000064  00023B       3AE       0  CODE        2
                text3                          00023B  000087  0002C2       476       0  CODE        2
                text4                          0002C2  0000A9  00036B       584       0  CODE        2
                maintext                       00036B  0000DA  000445       6D6       0  CODE        2
                text10                         000445  000190  0005D5       88A       0  CODE        2
                idataBIGRAM                    0005D5  0001EC  0007C1       BAA       0  CODE        2
                cinit                          0007C1  00003F  000800       F82       0  CODE        2
                stringtext                     000800  00005B  00085B      1000       0  STRCODE     2
                text21                         000EBB  000003  000EBE      1D76       0  CODE        2
                text17                         000EBE  000005  000EC3      1D7C       0  CODE        2
                text11                         000EC3  000005  000EC8      1D86       0  CODE        2
                text18                         000EC8  000008  000ED0      1D90       0  CODE        2
                text12                         000ED0  000008  000ED8      1DA0       0  CODE        2
                text23                         000ED8  000009  000EE1      1DB0       0  CODE        2
                text25                         000EE1  00000B  000EEC      1DC2       0  CODE        2
                text24                         000EEC  00000C  000EF8      1DD8       0  CODE        2
                text20                         000EF8  00000C  000F04      1DF0       0  CODE        2
                inittext                       000F04  00000C  000F10      1E08       0  CODE        2
                text13                         000F10  00000E  000F1E      1E20       0  CODE        2
                text27                         000F1E  000010  000F2E      1E3C       0  CODE        2
                text19                         000F2E  000012  000F40      1E5C       0  CODE        2
                text2                          000F40  000014  000F54      1E80       0  CODE        2
                text26                         000F54  000018  000F6C      1EA8       0  CODE        2
                text9                          000F6C  00001A  000F86      1ED8       0  CODE        2
                text14                         000F86  00001E  000FA4      1F0C       0  CODE        2
                text15                         000FA4  00002C  000FD0      1F48       0  CODE        2
                idataBANK1                     000FD0  000030  001000      1FA0       0  CODE        2
                config                         008007  000005  00800C     1000E       0  CONFIG      2


UNUSED ADDRESS RANGES

        Name                Unused          Largest block    Delta
        BANK0            00056-0006F              1A           1
        BANK1            000D0-000EF              20           1
        BANK2            00160-0016F              10           1
        BANK3            001EC-001EF               4           1
        BANK4            00220-0026F              50           1
        BANK5            002A0-002EF              50           1
        BANK6            00320-00343              24           1
        BIGRAM           02000-023EF             3F0           1
        CODE             00004-00005               2           2
                         0085B-00EBA             660
                         01000-01FFF             800
        CONST            00004-00005               2           2
                         0085B-00EBA             100
                         01000-01FFF             100
        EEDATA           0F000-0F0FF             100           2
        ENTRY            00004-00005               2           2
                         0085B-00EBA             100
                         01000-01FFF             100
        IDLOC            08000-08003               4           2
        RAM              00056-0006F              1A           1
                         000D0-000EF              20
                         00160-0016F              10
                         001EC-001EF               4
                         00220-0026F              50
                         002A0-002EF              50
                         00320-00343              24
        SFR0             00000-0001F              20           1
        SFR1             00080-0009F              20           1
        SFR10            00500-0051F              20           1
        SFR11            00580-0059F              20           1
        SFR12            00600-0061F              20           1
        SFR13            00680-006EF              70           1
        SFR14            00700-0076F              70           1
        SFR15            00780-007EF              70           1
        SFR16            00800-0086F              70           1
        SFR17            00880-008EF              70           1
        SFR18            00900-0096F              70           1
        SFR19            00980-009EF              70           1
        SFR2             00100-0011F              20           1
        SFR20            00A00-00A6F              70           1
        SFR21            00A80-00AEF              70           1
        SFR22            00B00-00B6F              70           1
        SFR23            00B80-00BEF              70           1
        SFR24            00C00-00C6F              70           1
        SFR25            00C80-00CEF              70           1
        SFR26            00D00-00D6F              70           1
        SFR27            00D80-00DEF              70           1
        SFR28            00E00-00E6F              70           1
        SFR29            00E80-00EEF              70           1
        SFR3             00180-0019F              20           1
        SFR30            00F00-00F6F              70           1
        SFR31            00F80-00FEF              70           1
        SFR4             00200-0021F              20           1
        SFR5             00280-0029F              20           1
        SFR6             00300-0031F              20           1
        SFR7             00380-0039F              20           1
        SFR8             00400-0041F              20           1
        SFR9             00480-0049F              20           1
        STACK            0213C-02203              C8           1
        STRCODE          00004-00005               2           2
                         0085B-00EBA             660
                         01000-01FFF            1000
        STRING           00004-00005               2           2
                         0085B-00EBA             100
                         01000-01FFF             100

                                  Symbol Table

?_ADCC_GetSingleConversion         cstackCOMMON 00070
?___awdiv                          cstackCOMMON 00070
?___ftdiv                          cstackBANK0  00020
?___ftpack                         cstackCOMMON 00070
?___fttol                          cstackBANK0  00030
?___lttoft                         cstackCOMMON 00078
?___lwdiv                          cstackCOMMON 00070
?___lwmod                          cstackCOMMON 00078
?___wmul                           cstackCOMMON 00079
?_printf                           cstackBANK0  00022
ADCC_GetSingleConversion@channel   cstackCOMMON 00073
EUSART_Write@txData                cstackCOMMON 00070
PIN_MANAGER_Initialize@state       cstackCOMMON 00070
SetNCOFreq@value                   cstackCOMMON 00070
TMR0_Load8bitPeriod@periodVal      cstackCOMMON 00070
_ADACCH                            (abs)        00091
_ADACCL                            (abs)        00090
_ADACQ                             (abs)        0009D
_ADACT                             (abs)        00099
_ADCAP                             (abs)        0009B
_ADCC_GetSingleConversion          text27       00F1E
_ADCC_Initialize                   text26       00F54
_ADCLK                             (abs)        00098
_ADCNT                             (abs)        0010C
_ADCON0                            (abs)        00093
_ADCON0bits                        (abs)        00093
_ADCON1                            (abs)        00094
_ADCON1bits                        (abs)        00094
_ADCON2                            (abs)        00095
_ADCON2bits                        (abs)        00095
_ADCON3                            (abs)        00096
_ADCON3bits                        (abs)        00096
_ADERRH                            (abs)        00117
_ADERRL                            (abs)        00116
_ADFLTRH                           (abs)        00115
_ADFLTRL                           (abs)        00114
_ADLTHH                            (abs)        0010F
_ADLTHL                            (abs)        0010E
_ADPCH                             (abs)        0009E
_ADPRE                             (abs)        0009C
_ADPREVH                           (abs)        0008F
_ADPREVL                           (abs)        0008E
_ADREF                             (abs)        0009A
_ADRESH                            (abs)        0008D
_ADRESL                            (abs)        0008C
_ADRPT                             (abs)        0010D
_ADSTAT                            (abs)        00097
_ADSTATbits                        (abs)        00097
_ADSTPTH                           (abs)        00113
_ADSTPTL                           (abs)        00112
_ADUTHH                            (abs)        00111
_ADUTHL                            (abs)        00110
_ANSELA                            (abs)        00F38
_ANSELB                            (abs)        00F43
_ANSELC                            (abs)        00F4E
_BAUD1CON                          (abs)        0011F
_EUSART_Initialize                 text25       00EE1
_EUSART_Write                      text12       00ED0
_GIE                               (abs)        0005F
_LATA                              (abs)        00016
_LATAbits                          (abs)        00016
_LATB                              (abs)        00017
_LATC                              (abs)        00018
_NCO1ACCH                          (abs)        0058D
_NCO1ACCU                          (abs)        0058E
_NCO1CLK                           (abs)        00593
_NCO1CON                           (abs)        00592
_NCO1CONbits                       (abs)        00592
_NCO1INCH                          (abs)        00590
_NCO1INCL                          (abs)        0058F
_NCO1INCU                          (abs)        00591
_NCO1_Initialize                   text24       00EEC
_ODCONA                            (abs)        00F3A
_ODCONB                            (abs)        00F45
_ODCONC                            (abs)        00F50
_OSCCON1                           (abs)        0088D
_OSCCON3                           (abs)        0088F
_OSCEN                             (abs)        00891
_OSCFRQ                            (abs)        00893
_OSCILLATOR_Initialize             text23       00ED8
_OSCTUNE                           (abs)        00892
_PIN_MANAGER_Initialize            text22       00062
_PIR0bits                          (abs)        0070C
_PIR3bits                          (abs)        0070F
_PORTAbits                         (abs)        0000C
_PPSLOCK                           (abs)        00E8F
_PPSLOCKbits                       (abs)        00E8F
_RC0PPS                            (abs)        00F20
_RC1REG                            (abs)        00119
_RC1STA                            (abs)        0011D
_RC1STAbits                        (abs)        0011D
_RC2PPS                            (abs)        00F22
_RC6PPS                            (abs)        00F26
_RXPPSbits                         (abs)        00ECB
_SP1BRGH                           (abs)        0011C
_SP1BRGL                           (abs)        0011B
_SYSTEM_Initialize                 text19       00F2E
_SetNCOFreq                        text18       00EC8
_T0CON0                            (abs)        0001E
_T0CON0bits                        (abs)        0001E
_T0CON1                            (abs)        0001F
_TMR0H                             (abs)        0001D
_TMR0L                             (abs)        0001C
_TMR0_HasOverflowOccured           text17       00EBE
_TMR0_Initialize                   text20       00EF8
_TMR0_Load8bitPeriod               text7        00006
_TMR0_StartTimer                   text21       00EBB
_TRISA                             (abs)        00011
_TRISB                             (abs)        00012
_TRISC                             (abs)        00013
_TX1REG                            (abs)        0011A
_TX1STA                            (abs)        0011E
_WPUA                              (abs)        00F39
_WPUB                              (abs)        00F44
_WPUC                              (abs)        00F4F
_WPUE                              (abs)        00F65
__CFG_BOREN$ON                     (abs)        00000
__CFG_BORV$LO                      (abs)        00000
__CFG_CLKOUTEN$OFF                 (abs)        00000
__CFG_CP$OFF                       (abs)        00000
__CFG_CPD$OFF                      (abs)        00000
__CFG_CSWEN$ON                     (abs)        00000
__CFG_FCMEN$ON                     (abs)        00000
__CFG_FEXTOSC$OFF                  (abs)        00000
__CFG_LPBOREN$OFF                  (abs)        00000
__CFG_LVP$ON                       (abs)        00000
__CFG_MCLRE$ON                     (abs)        00000
__CFG_PPS1WAY$ON                   (abs)        00000
__CFG_PWRTE$OFF                    (abs)        00000
__CFG_RSTOSC$HFINT1                (abs)        00000
__CFG_SCANE$available              (abs)        00000
__CFG_STVREN$ON                    (abs)        00000
__CFG_WDTCCS$SC                    (abs)        00000
__CFG_WDTCPS$WDTCPS_31             (abs)        00000
__CFG_WDTCWS$WDTCWS_7              (abs)        00000
__CFG_WDTE$OFF                     (abs)        00000
__CFG_WRT$OFF                      (abs)        00000
__CFG_ZCD$ON                       (abs)        00000
__Habs1                            abs1         00000
__Hbank0                           bank0        00000
__Hbank1                           bank1        00000
__Hbank10                          bank10       00000
__Hbank11                          bank11       00000
__Hbank12                          bank12       00000
__Hbank13                          bank13       00000
__Hbank14                          bank14       00000
__Hbank15                          bank15       00000
__Hbank16                          bank16       00000
__Hbank17                          bank17       00000
__Hbank18                          bank18       00000
__Hbank19                          bank19       00000
__Hbank2                           bank2        00000
__Hbank20                          bank20       00000
__Hbank21                          bank21       00000
__Hbank22                          bank22       00000
__Hbank23                          bank23       00000
__Hbank24                          bank24       00000
__Hbank25                          bank25       00000
__Hbank26                          bank26       00000
__Hbank27                          bank27       00000
__Hbank28                          bank28       00000
__Hbank29                          bank29       00000
__Hbank3                           bank3        00000
__Hbank30                          bank30       00000
__Hbank31                          bank31       00000
__Hbank4                           bank4        00000
__Hbank5                           bank5        00000
__Hbank6                           bank6        00000
__Hbank7                           bank7        00000
__Hbank8                           bank8        00000
__Hbank9                           bank9        00000
__Hbigram                          bigram       00000
__HbssBANK0                        bssBANK0     00000
__Hcinit                           cinit        00800
__Hclrtext                         clrtext      00000
__Hcode                            code         00000
__Hcommon                          common       00000
__Hconfig                          config       0800C
__HcstackBANK0                     cstackBANK0  00000
__HcstackCOMMON                    cstackCOMMON 00000
__HdataBANK1                       dataBANK1    00000
__HdataBANK2                       dataBANK2    00000
__HdataBANK3                       dataBANK3    00000
__HdataBIGRAM                      dataBIGRAM   00000
__Heeprom_data                     eeprom_data  00000
__Hend_init                        end_init     00004
__Hfunctab                         functab      00000
__HidataBANK1                      idataBANK1   00000
__HidataBANK2                      idataBANK2   00000
__HidataBANK3                      idataBANK3   00000
__HidataBIGRAM                     idataBIGRAM  00000
__Hidloc                           idloc        00000
__Hinit                            init         00002
__Hinittext                        inittext     00000
__Hintentry                        intentry     00002
__Hmaintext                        maintext     00000
__Hpowerup                         powerup      00000
__Hram                             ram          00000
__Hreset_vec                       reset_vec    00002
__Hsfr0                            sfr0         00000
__Hsfr1                            sfr1         00000
__Hsfr10                           sfr10        00000
__Hsfr11                           sfr11        00000
__Hsfr12                           sfr12        00000
__Hsfr13                           sfr13        00000
__Hsfr14                           sfr14        00000
__Hsfr15                           sfr15        00000
__Hsfr16                           sfr16        00000
__Hsfr17                           sfr17        00000
__Hsfr18                           sfr18        00000
__Hsfr19                           sfr19        00000
__Hsfr2                            sfr2         00000
__Hsfr20                           sfr20        00000
__Hsfr21                           sfr21        00000
__Hsfr22                           sfr22        00000
__Hsfr23                           sfr23        00000
__Hsfr24                           sfr24        00000
__Hsfr25                           sfr25        00000
__Hsfr26                           sfr26        00000
__Hsfr27                           sfr27        00000
__Hsfr28                           sfr28        00000
__Hsfr29                           sfr29        00000
__Hsfr3                            sfr3         00000
__Hsfr30                           sfr30        00000
__Hsfr31                           sfr31        00000
__Hsfr4                            sfr4         00000
__Hsfr5                            sfr5         00000
__Hsfr6                            sfr6         00000
__Hsfr7                            sfr7         00000
__Hsfr8                            sfr8         00000
__Hsfr9                            sfr9         00000
__Hspace_0                         (abs)        0800C
__Hspace_1                         (abs)        001EC
__Hspace_2                         (abs)        00000
__Hspace_3                         (abs)        00000
__Hstack                           stack        00000
__Hstrings                         strings      00000
__Hstringtext                      stringtext   00000
__Htext                            text         00000
__Labs1                            abs1         00000
__Lbank0                           bank0        00000
__Lbank1                           bank1        00000
__Lbank10                          bank10       00000
__Lbank11                          bank11       00000
__Lbank12                          bank12       00000
__Lbank13                          bank13       00000
__Lbank14                          bank14       00000
__Lbank15                          bank15       00000
__Lbank16                          bank16       00000
__Lbank17                          bank17       00000
__Lbank18                          bank18       00000
__Lbank19                          bank19       00000
__Lbank2                           bank2        00000
__Lbank20                          bank20       00000
__Lbank21                          bank21       00000
__Lbank22                          bank22       00000
__Lbank23                          bank23       00000
__Lbank24                          bank24       00000
__Lbank25                          bank25       00000
__Lbank26                          bank26       00000
__Lbank27                          bank27       00000
__Lbank28                          bank28       00000
__Lbank29                          bank29       00000
__Lbank3                           bank3        00000
__Lbank30                          bank30       00000
__Lbank31                          bank31       00000
__Lbank4                           bank4        00000
__Lbank5                           bank5        00000
__Lbank6                           bank6        00000
__Lbank7                           bank7        00000
__Lbank8                           bank8        00000
__Lbank9                           bank9        00000
__Lbigram                          bigram       00000
__LbssBANK0                        bssBANK0     00000
__Lcinit                           cinit        007C1
__Lclrtext                         clrtext      00000
__Lcode                            code         00000
__Lcommon                          common       00000
__Lconfig                          config       08007
__LcstackBANK0                     cstackBANK0  00000
__LcstackCOMMON                    cstackCOMMON 00000
__LdataBANK1                       dataBANK1    00000
__LdataBANK2                       dataBANK2    00000
__LdataBANK3                       dataBANK3    00000
__LdataBIGRAM                      dataBIGRAM   00000
__Leeprom_data                     eeprom_data  00000
__Lend_init                        end_init     00002
__Lfunctab                         functab      00000
__LidataBANK1                      idataBANK1   00000
__LidataBANK2                      idataBANK2   00000
__LidataBANK3                      idataBANK3   00000
__LidataBIGRAM                     idataBIGRAM  00000
__Lidloc                           idloc        00000
__Linit                            init         00002
__Linittext                        inittext     00000
__Lintentry                        intentry     00002
__Lmaintext                        maintext     00000
__Lpowerup                         powerup      00000
__Lram                             ram          00000
__Lreset_vec                       reset_vec    00000
__Lsfr0                            sfr0         00000
__Lsfr1                            sfr1         00000
__Lsfr10                           sfr10        00000
__Lsfr11                           sfr11        00000
__Lsfr12                           sfr12        00000
__Lsfr13                           sfr13        00000
__Lsfr14                           sfr14        00000
__Lsfr15                           sfr15        00000
__Lsfr16                           sfr16        00000
__Lsfr17                           sfr17        00000
__Lsfr18                           sfr18        00000
__Lsfr19                           sfr19        00000
__Lsfr2                            sfr2         00000
__Lsfr20                           sfr20        00000
__Lsfr21                           sfr21        00000
__Lsfr22                           sfr22        00000
__Lsfr23                           sfr23        00000
__Lsfr24                           sfr24        00000
__Lsfr25                           sfr25        00000
__Lsfr26                           sfr26        00000
__Lsfr27                           sfr27        00000
__Lsfr28                           sfr28        00000
__Lsfr29                           sfr29        00000
__Lsfr3                            sfr3         00000
__Lsfr30                           sfr30        00000
__Lsfr31                           sfr31        00000
__Lsfr4                            sfr4         00000
__Lsfr5                            sfr5         00000
__Lsfr6                            sfr6         00000
__Lsfr7                            sfr7         00000
__Lsfr8                            sfr8         00000
__Lsfr9                            sfr9         00000
__Lspace_0                         (abs)        00000
__Lspace_1                         (abs)        00000
__Lspace_2                         (abs)        00000
__Lspace_3                         (abs)        00000
__Lstack                           stack        00000
__Lstrings                         strings      00000
__Lstringtext                      stringtext   00000
__Ltext                            text         00000
__S0                               (abs)        0800C
__S1                               (abs)        001EC
__S2                               (abs)        00000
__S3                               (abs)        00000
___awdiv                           text6        0012A
___awdiv@counter                   cstackCOMMON 00075
___awdiv@dividend                  cstackCOMMON 00072
___awdiv@divisor                   cstackCOMMON 00070
___awdiv@quotient                  cstackCOMMON 00077
___awdiv@sign                      cstackCOMMON 00076
___ftdiv                           text4        002C2
___ftdiv@cntr                      cstackBANK0  0002A
___ftdiv@exp                       cstackBANK0  0002E
___ftdiv@f1                        cstackBANK0  00023
___ftdiv@f2                        cstackBANK0  00020
___ftdiv@f3                        cstackBANK0  0002B
___ftdiv@sign                      cstackBANK0  0002F
___ftpack                          text5        001D7
___ftpack@arg                      cstackCOMMON 00070
___ftpack@exp                      cstackCOMMON 00073
___ftpack@sign                     cstackCOMMON 00074
___fttol                           text3        0023B
___fttol@exp1                      cstackBANK0  0003D
___fttol@f1                        cstackBANK0  00030
___fttol@lval                      cstackBANK0  00039
___fttol@sign1                     cstackBANK0  00038
___int_sp                          stack        00000
___latbits                         (abs)        00002
___lttoft                          text2        00F40
___lttoft@c                        cstackCOMMON 00078
___lwdiv                           text16       0002E
___lwdiv@counter                   cstackCOMMON 00077
___lwdiv@dividend                  cstackCOMMON 00072
___lwdiv@divisor                   cstackCOMMON 00070
___lwdiv@quotient                  cstackCOMMON 00075
___lwmod                           text15       00FA4
___lwmod@counter                   cstackCOMMON 0007D
___lwmod@dividend                  cstackCOMMON 0007A
___lwmod@divisor                   cstackCOMMON 00078
___sp                              stack        00000
___wmul                            text14       00F86
___wmul@multiplicand               cstackCOMMON 0007B
___wmul@multiplier                 cstackCOMMON 00079
___wmul@product                    cstackBANK0  00020
__end_of_ADCC_GetSingleConversion  text27       00F2E
__end_of_ADCC_Initialize           text26       00F6C
__end_of_EUSART_Initialize         text25       00EEC
__end_of_EUSART_Write              text12       00ED8
__end_of_NCO1_Initialize           text24       00EF8
__end_of_OSCILLATOR_Initialize     text23       00EE1
__end_of_PIN_MANAGER_Initialize    text22       0009E
__end_of_SYSTEM_Initialize         text19       00F40
__end_of_SetNCOFreq                text18       00ED0
__end_of_TMR0_HasOverflowOccured   text17       00EC3
__end_of_TMR0_Initialize           text20       00F04
__end_of_TMR0_Load8bitPeriod       text7        0000B
__end_of_TMR0_StartTimer           text21       00EBE
__end_of___awdiv                   text6        0017B
__end_of___ftdiv                   text4        0036B
__end_of___ftpack                  text5        0023B
__end_of___fttol                   text3        002C2
__end_of___lttoft                  text2        00F54
__end_of___lwdiv                   text16       00062
__end_of___lwmod                   text15       00FD0
__end_of___wmul                    text14       00FA4
__end_of__initialization           cinit        007FD
__end_of_delay                     text9        00F86
__end_of_dpowers                   stringtext   0080A
__end_of_isdigit                   text13       00F1E
__end_of_main                      maintext     00445
__end_of_playNote                  text8        0002E
__end_of_printf                    text10       005D5
__end_of_putch                     text11       00EC8
__end_of_setTempo                  text1        001D7
__initialization                   cinit        007C1
__pbssBANK0                        bssBANK0     00051
__pcstackBANK0                     cstackBANK0  00020
__pcstackCOMMON                    cstackCOMMON 00070
__pdataBANK1                       dataBANK1    000A0
__pdataBANK2                       dataBANK2    00120
__pdataBANK3                       dataBANK3    001A0
__pdataBIGRAM                      (abs)        02204
__pidataBANK1                      idataBANK1   00FD0
__pidataBANK2                      idataBANK2   0009E
__pidataBANK3                      idataBANK3   000DE
__pidataBIGRAM                     idataBIGRAM  005D5
__pmaintext                        maintext     0036B
__pstringtext                      stringtext   00800
__ptext1                           text1        0017B
__ptext10                          text10       00445
__ptext11                          text11       00EC3
__ptext12                          text12       00ED0
__ptext13                          text13       00F10
__ptext14                          text14       00F86
__ptext15                          text15       00FA4
__ptext16                          text16       0002E
__ptext17                          text17       00EBE
__ptext18                          text18       00EC8
__ptext19                          text19       00F2E
__ptext2                           text2        00F40
__ptext20                          text20       00EF8
__ptext21                          text21       00EBB
__ptext22                          text22       00062
__ptext23                          text23       00ED8
__ptext24                          text24       00EEC
__ptext25                          text25       00EE1
__ptext26                          text26       00F54
__ptext27                          text27       00F1E
__ptext3                           text3        0023B
__ptext4                           text4        002C2
__ptext5                           text5        001D7
__ptext6                           text6        0012A
__ptext7                           text7        00006
__ptext8                           text8        0000B
__ptext9                           text9        00F6C
__size_of_ADCC_GetSingleConversion (abs)        00000
__size_of_ADCC_Initialize          (abs)        00000
__size_of_EUSART_Initialize        (abs)        00000
__size_of_EUSART_Write             (abs)        00000
__size_of_NCO1_Initialize          (abs)        00000
__size_of_OSCILLATOR_Initialize    (abs)        00000
__size_of_PIN_MANAGER_Initialize   (abs)        00000
__size_of_SYSTEM_Initialize        (abs)        00000
__size_of_SetNCOFreq               (abs)        00000
__size_of_TMR0_HasOverflowOccured  (abs)        00000
__size_of_TMR0_Initialize          (abs)        00000
__size_of_TMR0_Load8bitPeriod      (abs)        00000
__size_of_TMR0_StartTimer          (abs)        00000
__size_of___awdiv                  (abs)        00000
__size_of___ftdiv                  (abs)        00000
__size_of___ftpack                 (abs)        00000
__size_of___fttol                  (abs)        00000
__size_of___lttoft                 (abs)        00000
__size_of___lwdiv                  (abs)        00000
__size_of___lwmod                  (abs)        00000
__size_of___wmul                   (abs)        00000
__size_of_delay                    (abs)        00000
__size_of_isdigit                  (abs)        00000
__size_of_main                     (abs)        00000
__size_of_playNote                 (abs)        00000
__size_of_printf                   (abs)        00000
__size_of_putch                    (abs)        00000
__size_of_setTempo                 (abs)        00000
_bhpc                              (abs)        0238C
_delay                             text9        00F6C
_dpowers                           stringtext   00800
_isdigit                           text13       00F10
_isdigit$1027                      cstackCOMMON 00070
_jingle_jangle                     (abs)        02204
_main                              maintext     0036B
_playNote                          text8        0000B
_plumber_down                      (abs)        022C8
_printf                            text10       00445
_putch                             text11       00EC3
_rest                              bssBANK0     00051
_setTempo                          text1        0017B
_setTempo$1344                     cstackBANK0  00043
_sleepy_zelda                      dataBANK2    00120
_songs                             dataBANK1    000A0
_winter_is_coming                  dataBANK3    001A0
btemp                              (abs)        0007E
delay@noteLength                   cstackBANK0  00038
end_of_initialization              cinit        007FD
init_ram                           inittext     00F04
intlevel0                          functab      00000
intlevel1                          functab      00000
intlevel2                          functab      00000
intlevel3                          functab      00000
intlevel4                          functab      00000
intlevel5                          functab      00000
isdigit@c                          cstackCOMMON 00071
main@currSong                      cstackBANK0  00050
main@i                             cstackBANK0  0004E
main@result                        cstackBANK0  0004A
main@songNum                       cstackBANK0  0004F
main@songResultConv                cstackBANK0  0004C
playNote@note                      cstackBANK0  00039
printf@ap                          cstackBANK0  0002E
printf@c                           cstackBANK0  00037
printf@cp                          cstackBANK0  0002F
printf@f                           cstackBANK0  00022
printf@flag                        cstackBANK0  0002D
printf@len                         cstackBANK0  00033
printf@prec                        cstackBANK0  0002C
printf@val                         cstackBANK0  00031
printf@width                       cstackBANK0  00035
putch@txData                       cstackCOMMON 00071
reset_vec                          reset_vec    00000
setTempo@tempo                     cstackBANK0  0003E
setTempo@tempo_ms                  cstackBANK0  00040
setTempo@tempo_period              cstackBANK0  00045
stackhi                            (abs)        02203
stacklo                            (abs)        0213C
start                              init         00002
start_initialization               cinit        007C1
wtemp0                             (abs)        0007E


FUNCTION INFORMATION:

 *************** function _main *****************
 Defined at:
		line 164 in file "main.c"
 Parameters:    Size  Location     Type
		None
 Auto vars:     Size  Location     Type
  songResultCo    2   44[BANK0 ] unsigned int 
  result          2   42[BANK0 ] unsigned int 
  songNum         1   47[BANK0 ] unsigned char 
  i               1   46[BANK0 ] unsigned char 
  currSong        1   48[BANK0 ] PTR struct .
		 -> songs(48), 
 Return value:  Size  Location     Type
                  1    wreg      void 
 Registers used:
		wreg, fsr0l, fsr0h, fsr1l, fsr1h, status,2, status,0, pclath, cstack
 Tracked objects:
		On entry : 
		On exit  : 
		Unchanged: 
 Data sizes:     COMMON   BANK0   BANK1   BANK2   BANK3   BANK4   BANK5   BANK6   BANK7   BANK8   BANK9  BANK10  BANK11  BANK12
      Params:         0       0       0       0       0       0       0       0       0       0       0       0       0       0
      Locals:         0       7       0       0       0       0       0       0       0       0       0       0       0       0
      Temps:          0       4       0       0       0       0       0       0       0       0       0       0       0       0
      Totals:         0      11       0       0       0       0       0       0       0       0       0       0       0       0
Total ram usage:       11 bytes
 Hardware stack levels required when called:    5
 This function calls:
		_ADCC_GetSingleConversion
		_SYSTEM_Initialize
		_SetNCOFreq
		___lwdiv
		_playNote
		_printf
		_setTempo
 This function is called by:
		Startup code after reset
 This function uses a non-reentrant model


 *************** function _setTempo *****************
 Defined at:
		line 158 in file "main.c"
 Parameters:    Size  Location     Type
  tempo           2   30[BANK0 ] int 
 Auto vars:     Size  Location     Type
  tempo_ms        3   32[BANK0 ] unsigned um
  tempo_period    1   37[BANK0 ] unsigned char 
 Return value:  Size  Location     Type
                  1    wreg      void 
 Registers used:
		wreg, status,2, status,0, pclath, cstack
 Tracked objects:
		On entry : 
		On exit  : 
		Unchanged: 
 Data sizes:     COMMON   BANK0   BANK1   BANK2   BANK3   BANK4   BANK5   BANK6   BANK7   BANK8   BANK9  BANK10  BANK11  BANK12
      Params:         0       2       0       0       0       0       0       0       0       0       0       0       0       0
      Locals:         0       6       0       0       0       0       0       0       0       0       0       0       0       0
      Temps:          1       0       0       0       0       0       0       0       0       0       0       0       0       0
      Totals:         1       8       0       0       0       0       0       0       0       0       0       0       0       0
Total ram usage:        9 bytes
 Hardware stack levels used:    1
 Hardware stack levels required when called:    2
 This function calls:
		_TMR0_Load8bitPeriod
		___awdiv
		___ftdiv
		___fttol
		___lttoft
		___wmul
 This function is called by:
		_main
 This function uses a non-reentrant model


 *************** function ___lttoft *****************
 Defined at:
		line 30 in file "/opt/microchip/xc8/v1.41/sources/common/lttoft.c"
 Parameters:    Size  Location     Type
  c               3    8[COMMON] unsigned um
 Auto vars:     Size  Location     Type
		None
 Return value:  Size  Location     Type
                  3    8[COMMON] float 
 Registers used:
		wreg, status,2, status,0, pclath, cstack
 Tracked objects:
		On entry : 
		On exit  : 
		Unchanged: 
 Data sizes:     COMMON   BANK0   BANK1   BANK2   BANK3   BANK4   BANK5   BANK6   BANK7   BANK8   BANK9  BANK10  BANK11  BANK12
      Params:         3       0       0       0       0       0       0       0       0       0       0       0       0       0
      Locals:         0       0       0       0       0       0       0       0       0       0       0       0       0       0
      Temps:          1       0       0       0       0       0       0       0       0       0       0       0       0       0
      Totals:         4       0       0       0       0       0       0       0       0       0       0       0       0       0
Total ram usage:        4 bytes
 Hardware stack levels used:    1
 Hardware stack levels required when called:    1
 This function calls:
		___ftpack
 This function is called by:
		_setTempo
 This function uses a non-reentrant model


 *************** function ___fttol *****************
 Defined at:
		line 44 in file "/opt/microchip/xc8/v1.41/sources/common/fttol.c"
 Parameters:    Size  Location     Type
  f1              3   16[BANK0 ] float 
 Auto vars:     Size  Location     Type
  lval            4   25[BANK0 ] unsigned long 
  exp1            1   29[BANK0 ] unsigned char 
  sign1           1   24[BANK0 ] unsigned char 
 Return value:  Size  Location     Type
                  4   16[BANK0 ] long 
 Registers used:
		wreg, status,2, status,0
 Tracked objects:
		On entry : 
		On exit  : 
		Unchanged: 
 Data sizes:     COMMON   BANK0   BANK1   BANK2   BANK3   BANK4   BANK5   BANK6   BANK7   BANK8   BANK9  BANK10  BANK11  BANK12
      Params:         0       4       0       0       0       0       0       0       0       0       0       0       0       0
      Locals:         0       6       0       0       0       0       0       0       0       0       0       0       0       0
      Temps:          0       4       0       0       0       0       0       0       0       0       0       0       0       0
      Totals:         0      14       0       0       0       0       0       0       0       0       0       0       0       0
Total ram usage:       14 bytes
 Hardware stack levels used:    1
 This function calls:
		Nothing
 This function is called by:
		_setTempo
 This function uses a non-reentrant model


 *************** function ___ftdiv *****************
 Defined at:
		line 56 in file "/opt/microchip/xc8/v1.41/sources/common/ftdiv.c"
 Parameters:    Size  Location     Type
  f2              3    0[BANK0 ] float 
  f1              3    3[BANK0 ] float 
 Auto vars:     Size  Location     Type
  f3              3   11[BANK0 ] float 
  sign            1   15[BANK0 ] unsigned char 
  exp             1   14[BANK0 ] unsigned char 
  cntr            1   10[BANK0 ] unsigned char 
 Return value:  Size  Location     Type
                  3    0[BANK0 ] float 
 Registers used:
		wreg, status,2, status,0, pclath, cstack
 Tracked objects:
		On entry : 
		On exit  : 
		Unchanged: 
 Data sizes:     COMMON   BANK0   BANK1   BANK2   BANK3   BANK4   BANK5   BANK6   BANK7   BANK8   BANK9  BANK10  BANK11  BANK12
      Params:         0       6       0       0       0       0       0       0       0       0       0       0       0       0
      Locals:         0       6       0       0       0       0       0       0       0       0       0       0       0       0
      Temps:          0       4       0       0       0       0       0       0       0       0       0       0       0       0
      Totals:         0      16       0       0       0       0       0       0       0       0       0       0       0       0
Total ram usage:       16 bytes
 Hardware stack levels used:    1
 Hardware stack levels required when called:    1
 This function calls:
		___ftpack
 This function is called by:
		_setTempo
 This function uses a non-reentrant model


 *************** function ___ftpack *****************
 Defined at:
		line 62 in file "/opt/microchip/xc8/v1.41/sources/common/float.c"
 Parameters:    Size  Location     Type
  arg             3    0[COMMON] unsigned um
  exp             1    3[COMMON] unsigned char 
  sign            1    4[COMMON] unsigned char 
 Auto vars:     Size  Location     Type
		None
 Return value:  Size  Location     Type
                  3    0[COMMON] float 
 Registers used:
		wreg, status,2, status,0
 Tracked objects:
		On entry : 
		On exit  : 
		Unchanged: 
 Data sizes:     COMMON   BANK0   BANK1   BANK2   BANK3   BANK4   BANK5   BANK6   BANK7   BANK8   BANK9  BANK10  BANK11  BANK12
      Params:         5       0       0       0       0       0       0       0       0       0       0       0       0       0
      Locals:         0       0       0       0       0       0       0       0       0       0       0       0       0       0
      Temps:          3       0       0       0       0       0       0       0       0       0       0       0       0       0
      Totals:         8       0       0       0       0       0       0       0       0       0       0       0       0       0
Total ram usage:        8 bytes
 Hardware stack levels used:    1
 This function calls:
		Nothing
 This function is called by:
		___ftdiv
		___lttoft
 This function uses a non-reentrant model


 *************** function ___awdiv *****************
 Defined at:
		line 6 in file "/opt/microchip/xc8/v1.41/sources/common/awdiv.c"
 Parameters:    Size  Location     Type
  divisor         2    0[COMMON] int 
  dividend        2    2[COMMON] int 
 Auto vars:     Size  Location     Type
  quotient        2    7[COMMON] int 
  sign            1    6[COMMON] unsigned char 
  counter         1    5[COMMON] unsigned char 
 Return value:  Size  Location     Type
                  2    0[COMMON] int 
 Registers used:
		wreg, status,2, status,0
 Tracked objects:
		On entry : 
		On exit  : 
		Unchanged: 
 Data sizes:     COMMON   BANK0   BANK1   BANK2   BANK3   BANK4   BANK5   BANK6   BANK7   BANK8   BANK9  BANK10  BANK11  BANK12
      Params:         4       0       0       0       0       0       0       0       0       0       0       0       0       0
      Locals:         4       0       0       0       0       0       0       0       0       0       0       0       0       0
      Temps:          1       0       0       0       0       0       0       0       0       0       0       0       0       0
      Totals:         9       0       0       0       0       0       0       0       0       0       0       0       0       0
Total ram usage:        9 bytes
 Hardware stack levels used:    1
 This function calls:
		Nothing
 This function is called by:
		_setTempo
 This function uses a non-reentrant model


 *************** function _TMR0_Load8bitPeriod *****************
 Defined at:
		line 112 in file "mcc_generated_files/tmr0.c"
 Parameters:    Size  Location     Type
  periodVal       1    wreg     unsigned char 
 Auto vars:     Size  Location     Type
  periodVal       1    0[COMMON] unsigned char 
 Return value:  Size  Location     Type
                  1    wreg      void 
 Registers used:
		wreg
 Tracked objects:
		On entry : 
		On exit  : 
		Unchanged: 
 Data sizes:     COMMON   BANK0   BANK1   BANK2   BANK3   BANK4   BANK5   BANK6   BANK7   BANK8   BANK9  BANK10  BANK11  BANK12
      Params:         0       0       0       0       0       0       0       0       0       0       0       0       0       0
      Locals:         1       0       0       0       0       0       0       0       0       0       0       0       0       0
      Temps:          0       0       0       0       0       0       0       0       0       0       0       0       0       0
      Totals:         1       0       0       0       0       0       0       0       0       0       0       0       0       0
Total ram usage:        1 bytes
 Hardware stack levels used:    1
 This function calls:
		Nothing
 This function is called by:
		_setTempo
 This function uses a non-reentrant model


 *************** function _playNote *****************
 Defined at:
		line 146 in file "main.c"
 Parameters:    Size  Location     Type
  note            4   25[BANK0 ] struct .
 Auto vars:     Size  Location     Type
		None
 Return value:  Size  Location     Type
                  1    wreg      void 
 Registers used:
		wreg, fsr0l, fsr0h, fsr1l, fsr1h, status,2, status,0, pclath, cstack
 Tracked objects:
		On entry : 
		On exit  : 
		Unchanged: 
 Data sizes:     COMMON   BANK0   BANK1   BANK2   BANK3   BANK4   BANK5   BANK6   BANK7   BANK8   BANK9  BANK10  BANK11  BANK12
      Params:         0       4       0       0       0       0       0       0       0       0       0       0       0       0
      Locals:         0       0       0       0       0       0       0       0       0       0       0       0       0       0
      Temps:          0       1       0       0       0       0       0       0       0       0       0       0       0       0
      Totals:         0       5       0       0       0       0       0       0       0       0       0       0       0       0
Total ram usage:        5 bytes
 Hardware stack levels used:    1
 Hardware stack levels required when called:    4
 This function calls:
		_SetNCOFreq
		_delay
 This function is called by:
		_main
 This function uses a non-reentrant model


 *************** function _delay *****************
 Defined at:
		line 49 in file "main.c"
 Parameters:    Size  Location     Type
  noteLength      1    wreg     unsigned char 
 Auto vars:     Size  Location     Type
  noteLength      1   24[BANK0 ] unsigned char 
 Return value:  Size  Location     Type
                  1    wreg      void 
 Registers used:
		wreg, fsr0l, fsr0h, fsr1l, fsr1h, status,2, status,0, pclath, cstack
 Tracked objects:
		On entry : 
		On exit  : 
		Unchanged: 
 Data sizes:     COMMON   BANK0   BANK1   BANK2   BANK3   BANK4   BANK5   BANK6   BANK7   BANK8   BANK9  BANK10  BANK11  BANK12
      Params:         0       0       0       0       0       0       0       0       0       0       0       0       0       0
      Locals:         0       1       0       0       0       0       0       0       0       0       0       0       0       0
      Temps:          0       0       0       0       0       0       0       0       0       0       0       0       0       0
      Totals:         0       1       0       0       0       0       0       0       0       0       0       0       0       0
Total ram usage:        1 bytes
 Hardware stack levels used:    1
 Hardware stack levels required when called:    3
 This function calls:
		_TMR0_HasOverflowOccured
		_TMR0_StartTimer
		_printf
 This function is called by:
		_playNote
 This function uses a non-reentrant model


 *************** function _printf *****************
 Defined at:
		line 464 in file "/opt/microchip/xc8/v1.41/sources/common/doprnt.c"
 Parameters:    Size  Location     Type
  f               2    2[BANK0 ] PTR const unsigned char 
		 -> STR_9(7), STR_8(26), STR_1(2), 
 Auto vars:     Size  Location     Type
  tmpval          4    0        struct .
  width           2   21[BANK0 ] int 
  len             2   19[BANK0 ] unsigned int 
  val             2   17[BANK0 ] unsigned int 
  cp              2   15[BANK0 ] PTR const unsigned char 
		 -> STR_10(7), STR_7(9), STR_6(5), STR_5(4), 
		 -> STR_4(8), STR_3(6), STR_2(7), 
  c               1   23[BANK0 ] char 
  ap              1   14[BANK0 ] PTR void [1]
		 -> ?_printf(2), 
  flag            1   13[BANK0 ] unsigned char 
  prec            1   12[BANK0 ] char 
 Return value:  Size  Location     Type
                  2    2[BANK0 ] int 
 Registers used:
		wreg, fsr0l, fsr0h, fsr1l, fsr1h, status,2, status,0, pclath, cstack
 Tracked objects:
		On entry : 
		On exit  : 
		Unchanged: 
 Data sizes:     COMMON   BANK0   BANK1   BANK2   BANK3   BANK4   BANK5   BANK6   BANK7   BANK8   BANK9  BANK10  BANK11  BANK12
      Params:         0       6       0       0       0       0       0       0       0       0       0       0       0       0
      Locals:         0      12       0       0       0       0       0       0       0       0       0       0       0       0
      Temps:          0       4       0       0       0       0       0       0       0       0       0       0       0       0
      Totals:         0      22       0       0       0       0       0       0       0       0       0       0       0       0
Total ram usage:       22 bytes
 Hardware stack levels used:    1
 Hardware stack levels required when called:    2
 This function calls:
		___lwdiv
		___lwmod
		___wmul
		_isdigit
		_putch
 This function is called by:
		_delay
		_main
 This function uses a non-reentrant model


 *************** function _putch *****************
 Defined at:
		line 110 in file "mcc_generated_files/eusart.c"
 Parameters:    Size  Location     Type
  txData          1    wreg     unsigned char 
 Auto vars:     Size  Location     Type
  txData          1    1[COMMON] unsigned char 
 Return value:  Size  Location     Type
                  1    wreg      void 
 Registers used:
		wreg, status,2, status,0, pclath, cstack
 Tracked objects:
		On entry : 
		On exit  : 
		Unchanged: 
 Data sizes:     COMMON   BANK0   BANK1   BANK2   BANK3   BANK4   BANK5   BANK6   BANK7   BANK8   BANK9  BANK10  BANK11  BANK12
      Params:         0       0       0       0       0       0       0       0       0       0       0       0       0       0
      Locals:         1       0       0       0       0       0       0       0       0       0       0       0       0       0
      Temps:          0       0       0       0       0       0       0       0       0       0       0       0       0       0
      Totals:         1       0       0       0       0       0       0       0       0       0       0       0       0       0
Total ram usage:        1 bytes
 Hardware stack levels used:    1
 Hardware stack levels required when called:    1
 This function calls:
		_EUSART_Write
 This function is called by:
		_printf
 This function uses a non-reentrant model


 *************** function _EUSART_Write *****************
 Defined at:
		line 96 in file "mcc_generated_files/eusart.c"
 Parameters:    Size  Location     Type
  txData          1    wreg     unsigned char 
 Auto vars:     Size  Location     Type
  txData          1    0[COMMON] unsigned char 
 Return value:  Size  Location     Type
                  1    wreg      void 
 Registers used:
		wreg
 Tracked objects:
		On entry : 
		On exit  : 
		Unchanged: 
 Data sizes:     COMMON   BANK0   BANK1   BANK2   BANK3   BANK4   BANK5   BANK6   BANK7   BANK8   BANK9  BANK10  BANK11  BANK12
      Params:         0       0       0       0       0       0       0       0       0       0       0       0       0       0
      Locals:         1       0       0       0       0       0       0       0       0       0       0       0       0       0
      Temps:          0       0       0       0       0       0       0       0       0       0       0       0       0       0
      Totals:         1       0       0       0       0       0       0       0       0       0       0       0       0       0
Total ram usage:        1 bytes
 Hardware stack levels used:    1
 This function calls:
		Nothing
 This function is called by:
		_putch
 This function uses a non-reentrant model


 *************** function _isdigit *****************
 Defined at:
		line 8 in file "/opt/microchip/xc8/v1.41/sources/common/isdigit.c"
 Parameters:    Size  Location     Type
  c               1    wreg     unsigned char 
 Auto vars:     Size  Location     Type
  c               1    1[COMMON] unsigned char 
 Return value:  Size  Location     Type
		None               void
 Registers used:
		wreg, status,2, status,0
 Tracked objects:
		On entry : 
		On exit  : 
		Unchanged: 
 Data sizes:     COMMON   BANK0   BANK1   BANK2   BANK3   BANK4   BANK5   BANK6   BANK7   BANK8   BANK9  BANK10  BANK11  BANK12
      Params:         0       0       0       0       0       0       0       0       0       0       0       0       0       0
      Locals:         2       0       0       0       0       0       0       0       0       0       0       0       0       0
      Temps:          0       0       0       0       0       0       0       0       0       0       0       0       0       0
      Totals:         2       0       0       0       0       0       0       0       0       0       0       0       0       0
Total ram usage:        2 bytes
 Hardware stack levels used:    1
 This function calls:
		Nothing
 This function is called by:
		_printf
 This function uses a non-reentrant model


 *************** function ___wmul *****************
 Defined at:
		line 15 in file "/opt/microchip/xc8/v1.41/sources/common/Umul16.c"
 Parameters:    Size  Location     Type
  multiplier      2    9[COMMON] unsigned int 
  multiplicand    2   11[COMMON] unsigned int 
 Auto vars:     Size  Location     Type
  product         2    0[BANK0 ] unsigned int 
 Return value:  Size  Location     Type
                  2    9[COMMON] unsigned int 
 Registers used:
		wreg, status,2, status,0
 Tracked objects:
		On entry : 
		On exit  : 
		Unchanged: 
 Data sizes:     COMMON   BANK0   BANK1   BANK2   BANK3   BANK4   BANK5   BANK6   BANK7   BANK8   BANK9  BANK10  BANK11  BANK12
      Params:         4       0       0       0       0       0       0       0       0       0       0       0       0       0
      Locals:         0       2       0       0       0       0       0       0       0       0       0       0       0       0
      Temps:          0       0       0       0       0       0       0       0       0       0       0       0       0       0
      Totals:         4       2       0       0       0       0       0       0       0       0       0       0       0       0
Total ram usage:        6 bytes
 Hardware stack levels used:    1
 This function calls:
		Nothing
 This function is called by:
		_setTempo
		_printf
 This function uses a non-reentrant model


 *************** function ___lwmod *****************
 Defined at:
		line 6 in file "/opt/microchip/xc8/v1.41/sources/common/lwmod.c"
 Parameters:    Size  Location     Type
  divisor         2    8[COMMON] unsigned int 
  dividend        2   10[COMMON] unsigned int 
 Auto vars:     Size  Location     Type
  counter         1   13[COMMON] unsigned char 
 Return value:  Size  Location     Type
                  2    8[COMMON] unsigned int 
 Registers used:
		wreg, status,2, status,0
 Tracked objects:
		On entry : 
		On exit  : 
		Unchanged: 
 Data sizes:     COMMON   BANK0   BANK1   BANK2   BANK3   BANK4   BANK5   BANK6   BANK7   BANK8   BANK9  BANK10  BANK11  BANK12
      Params:         4       0       0       0       0       0       0       0       0       0       0       0       0       0
      Locals:         1       0       0       0       0       0       0       0       0       0       0       0       0       0
      Temps:          1       0       0       0       0       0       0       0       0       0       0       0       0       0
      Totals:         6       0       0       0       0       0       0       0       0       0       0       0       0       0
Total ram usage:        6 bytes
 Hardware stack levels used:    1
 This function calls:
		Nothing
 This function is called by:
		_printf
 This function uses a non-reentrant model


 *************** function ___lwdiv *****************
 Defined at:
		line 6 in file "/opt/microchip/xc8/v1.41/sources/common/lwdiv.c"
 Parameters:    Size  Location     Type
  divisor         2    0[COMMON] unsigned int 
  dividend        2    2[COMMON] unsigned int 
 Auto vars:     Size  Location     Type
  quotient        2    5[COMMON] unsigned int 
  counter         1    7[COMMON] unsigned char 
 Return value:  Size  Location     Type
                  2    0[COMMON] unsigned int 
 Registers used:
		wreg, status,2, status,0
 Tracked objects:
		On entry : 
		On exit  : 
		Unchanged: 
 Data sizes:     COMMON   BANK0   BANK1   BANK2   BANK3   BANK4   BANK5   BANK6   BANK7   BANK8   BANK9  BANK10  BANK11  BANK12
      Params:         4       0       0       0       0       0       0       0       0       0       0       0       0       0
      Locals:         3       0       0       0       0       0       0       0       0       0       0       0       0       0
      Temps:          1       0       0       0       0       0       0       0       0       0       0       0       0       0
      Totals:         8       0       0       0       0       0       0       0       0       0       0       0       0       0
Total ram usage:        8 bytes
 Hardware stack levels used:    1
 This function calls:
		Nothing
 This function is called by:
		_main
		_printf
 This function uses a non-reentrant model


 *************** function _TMR0_HasOverflowOccured *****************
 Defined at:
		line 117 in file "mcc_generated_files/tmr0.c"
 Parameters:    Size  Location     Type
		None
 Auto vars:     Size  Location     Type
		None
 Return value:  Size  Location     Type
                  1    wreg      unsigned char 
 Registers used:
		wreg, status,2, status,0
 Tracked objects:
		On entry : 
		On exit  : 
		Unchanged: 
 Data sizes:     COMMON   BANK0   BANK1   BANK2   BANK3   BANK4   BANK5   BANK6   BANK7   BANK8   BANK9  BANK10  BANK11  BANK12
      Params:         0       0       0       0       0       0       0       0       0       0       0       0       0       0
      Locals:         0       0       0       0       0       0       0       0       0       0       0       0       0       0
      Temps:          0       0       0       0       0       0       0       0       0       0       0       0       0       0
      Totals:         0       0       0       0       0       0       0       0       0       0       0       0       0       0
Total ram usage:        0 bytes
 Hardware stack levels used:    1
 This function calls:
		Nothing
 This function is called by:
		_delay
 This function uses a non-reentrant model


 *************** function _SetNCOFreq *****************
 Defined at:
		line 43 in file "main.c"
 Parameters:    Size  Location     Type
  value           3    0[COMMON] struct .
 Auto vars:     Size  Location     Type
		None
 Return value:  Size  Location     Type
                  1    wreg      void 
 Registers used:
		wreg
 Tracked objects:
		On entry : 
		On exit  : 
		Unchanged: 
 Data sizes:     COMMON   BANK0   BANK1   BANK2   BANK3   BANK4   BANK5   BANK6   BANK7   BANK8   BANK9  BANK10  BANK11  BANK12
      Params:         3       0       0       0       0       0       0       0       0       0       0       0       0       0
      Locals:         0       0       0       0       0       0       0       0       0       0       0       0       0       0
      Temps:          0       0       0       0       0       0       0       0       0       0       0       0       0       0
      Totals:         3       0       0       0       0       0       0       0       0       0       0       0       0       0
Total ram usage:        3 bytes
 Hardware stack levels used:    1
 This function calls:
		Nothing
 This function is called by:
		_playNote
		_main
 This function uses a non-reentrant model


 *************** function _SYSTEM_Initialize *****************
 Defined at:
		line 82 in file "mcc_generated_files/mcc.c"
 Parameters:    Size  Location     Type
		None
 Auto vars:     Size  Location     Type
		None
 Return value:  Size  Location     Type
                  1    wreg      void 
 Registers used:
		wreg, status,2, status,0, pclath, cstack
 Tracked objects:
		On entry : 
		On exit  : 
		Unchanged: 
 Data sizes:     COMMON   BANK0   BANK1   BANK2   BANK3   BANK4   BANK5   BANK6   BANK7   BANK8   BANK9  BANK10  BANK11  BANK12
      Params:         0       0       0       0       0       0       0       0       0       0       0       0       0       0
      Locals:         0       0       0       0       0       0       0       0       0       0       0       0       0       0
      Temps:          0       0       0       0       0       0       0       0       0       0       0       0       0       0
      Totals:         0       0       0       0       0       0       0       0       0       0       0       0       0       0
Total ram usage:        0 bytes
 Hardware stack levels used:    1
 Hardware stack levels required when called:    2
 This function calls:
		_ADCC_Initialize
		_EUSART_Initialize
		_NCO1_Initialize
		_OSCILLATOR_Initialize
		_PIN_MANAGER_Initialize
		_TMR0_Initialize
 This function is called by:
		_main
 This function uses a non-reentrant model


 *************** function _TMR0_Initialize *****************
 Defined at:
		line 60 in file "mcc_generated_files/tmr0.c"
 Parameters:    Size  Location     Type
		None
 Auto vars:     Size  Location     Type
		None
 Return value:  Size  Location     Type
                  1    wreg      void 
 Registers used:
		wreg, status,2, status,0, pclath, cstack
 Tracked objects:
		On entry : 
		On exit  : 
		Unchanged: 
 Data sizes:     COMMON   BANK0   BANK1   BANK2   BANK3   BANK4   BANK5   BANK6   BANK7   BANK8   BANK9  BANK10  BANK11  BANK12
      Params:         0       0       0       0       0       0       0       0       0       0       0       0       0       0
      Locals:         0       0       0       0       0       0       0       0       0       0       0       0       0       0
      Temps:          0       0       0       0       0       0       0       0       0       0       0       0       0       0
      Totals:         0       0       0       0       0       0       0       0       0       0       0       0       0       0
Total ram usage:        0 bytes
 Hardware stack levels used:    1
 Hardware stack levels required when called:    1
 This function calls:
		_TMR0_StartTimer
 This function is called by:
		_SYSTEM_Initialize
 This function uses a non-reentrant model


 *************** function _TMR0_StartTimer *****************
 Defined at:
		line 84 in file "mcc_generated_files/tmr0.c"
 Parameters:    Size  Location     Type
		None
 Auto vars:     Size  Location     Type
		None
 Return value:  Size  Location     Type
                  1    wreg      void 
 Registers used:
		None
 Tracked objects:
		On entry : 
		On exit  : 
		Unchanged: 
 Data sizes:     COMMON   BANK0   BANK1   BANK2   BANK3   BANK4   BANK5   BANK6   BANK7   BANK8   BANK9  BANK10  BANK11  BANK12
      Params:         0       0       0       0       0       0       0       0       0       0       0       0       0       0
      Locals:         0       0       0       0       0       0       0       0       0       0       0       0       0       0
      Temps:          0       0       0       0       0       0       0       0       0       0       0       0       0       0
      Totals:         0       0       0       0       0       0       0       0       0       0       0       0       0       0
Total ram usage:        0 bytes
 Hardware stack levels used:    1
 This function calls:
		Nothing
 This function is called by:
		_TMR0_Initialize
		_delay
 This function uses a non-reentrant model


 *************** function _PIN_MANAGER_Initialize *****************
 Defined at:
		line 51 in file "mcc_generated_files/pin_manager.c"
 Parameters:    Size  Location     Type
		None
 Auto vars:     Size  Location     Type
  state           1    0[COMMON] unsigned char 
 Return value:  Size  Location     Type
                  1    wreg      void 
 Registers used:
		wreg, status,2, status,0
 Tracked objects:
		On entry : 
		On exit  : 
		Unchanged: 
 Data sizes:     COMMON   BANK0   BANK1   BANK2   BANK3   BANK4   BANK5   BANK6   BANK7   BANK8   BANK9  BANK10  BANK11  BANK12
      Params:         0       0       0       0       0       0       0       0       0       0       0       0       0       0
      Locals:         1       0       0       0       0       0       0       0       0       0       0       0       0       0
      Temps:          0       0       0       0       0       0       0       0       0       0       0       0       0       0
      Totals:         1       0       0       0       0       0       0       0       0       0       0       0       0       0
Total ram usage:        1 bytes
 Hardware stack levels used:    1
 This function calls:
		Nothing
 This function is called by:
		_SYSTEM_Initialize
 This function uses a non-reentrant model


 *************** function _OSCILLATOR_Initialize *****************
 Defined at:
		line 93 in file "mcc_generated_files/mcc.c"
 Parameters:    Size  Location     Type
		None
 Auto vars:     Size  Location     Type
		None
 Return value:  Size  Location     Type
                  1    wreg      void 
 Registers used:
		wreg, status,2
 Tracked objects:
		On entry : 
		On exit  : 
		Unchanged: 
 Data sizes:     COMMON   BANK0   BANK1   BANK2   BANK3   BANK4   BANK5   BANK6   BANK7   BANK8   BANK9  BANK10  BANK11  BANK12
      Params:         0       0       0       0       0       0       0       0       0       0       0       0       0       0
      Locals:         0       0       0       0       0       0       0       0       0       0       0       0       0       0
      Temps:          0       0       0       0       0       0       0       0       0       0       0       0       0       0
      Totals:         0       0       0       0       0       0       0       0       0       0       0       0       0       0
Total ram usage:        0 bytes
 Hardware stack levels used:    1
 This function calls:
		Nothing
 This function is called by:
		_SYSTEM_Initialize
 This function uses a non-reentrant model


 *************** function _NCO1_Initialize *****************
 Defined at:
		line 57 in file "mcc_generated_files/nco1.c"
 Parameters:    Size  Location     Type
		None
 Auto vars:     Size  Location     Type
		None
 Return value:  Size  Location     Type
                  1    wreg      void 
 Registers used:
		wreg, status,2
 Tracked objects:
		On entry : 
		On exit  : 
		Unchanged: 
 Data sizes:     COMMON   BANK0   BANK1   BANK2   BANK3   BANK4   BANK5   BANK6   BANK7   BANK8   BANK9  BANK10  BANK11  BANK12
      Params:         0       0       0       0       0       0       0       0       0       0       0       0       0       0
      Locals:         0       0       0       0       0       0       0       0       0       0       0       0       0       0
      Temps:          0       0       0       0       0       0       0       0       0       0       0       0       0       0
      Totals:         0       0       0       0       0       0       0       0       0       0       0       0       0       0
Total ram usage:        0 bytes
 Hardware stack levels used:    1
 This function calls:
		Nothing
 This function is called by:
		_SYSTEM_Initialize
 This function uses a non-reentrant model


 *************** function _EUSART_Initialize *****************
 Defined at:
		line 55 in file "mcc_generated_files/eusart.c"
 Parameters:    Size  Location     Type
		None
 Auto vars:     Size  Location     Type
		None
 Return value:  Size  Location     Type
                  1    wreg      void 
 Registers used:
		wreg, status,2
 Tracked objects:
		On entry : 
		On exit  : 
		Unchanged: 
 Data sizes:     COMMON   BANK0   BANK1   BANK2   BANK3   BANK4   BANK5   BANK6   BANK7   BANK8   BANK9  BANK10  BANK11  BANK12
      Params:         0       0       0       0       0       0       0       0       0       0       0       0       0       0
      Locals:         0       0       0       0       0       0       0       0       0       0       0       0       0       0
      Temps:          0       0       0       0       0       0       0       0       0       0       0       0       0       0
      Totals:         0       0       0       0       0       0       0       0       0       0       0       0       0       0
Total ram usage:        0 bytes
 Hardware stack levels used:    1
 This function calls:
		Nothing
 This function is called by:
		_SYSTEM_Initialize
 This function uses a non-reentrant model


 *************** function _ADCC_Initialize *****************
 Defined at:
		line 58 in file "mcc_generated_files/adcc.c"
 Parameters:    Size  Location     Type
		None
 Auto vars:     Size  Location     Type
		None
 Return value:  Size  Location     Type
                  1    wreg      void 
 Registers used:
		wreg, status,2
 Tracked objects:
		On entry : 
		On exit  : 
		Unchanged: 
 Data sizes:     COMMON   BANK0   BANK1   BANK2   BANK3   BANK4   BANK5   BANK6   BANK7   BANK8   BANK9  BANK10  BANK11  BANK12
      Params:         0       0       0       0       0       0       0       0       0       0       0       0       0       0
      Locals:         0       0       0       0       0       0       0       0       0       0       0       0       0       0
      Temps:          0       0       0       0       0       0       0       0       0       0       0       0       0       0
      Totals:         0       0       0       0       0       0       0       0       0       0       0       0       0       0
Total ram usage:        0 bytes
 Hardware stack levels used:    1
 This function calls:
		Nothing
 This function is called by:
		_SYSTEM_Initialize
 This function uses a non-reentrant model


 *************** function _ADCC_GetSingleConversion *****************
 Defined at:
		line 128 in file "mcc_generated_files/adcc.c"
 Parameters:    Size  Location     Type
  channel         1    wreg     enum E14259
 Auto vars:     Size  Location     Type
  channel         1    3[COMMON] enum E14259
 Return value:  Size  Location     Type
                  2    0[COMMON] unsigned int 
 Registers used:
		wreg
 Tracked objects:
		On entry : 
		On exit  : 
		Unchanged: 
 Data sizes:     COMMON   BANK0   BANK1   BANK2   BANK3   BANK4   BANK5   BANK6   BANK7   BANK8   BANK9  BANK10  BANK11  BANK12
      Params:         3       0       0       0       0       0       0       0       0       0       0       0       0       0
      Locals:         1       0       0       0       0       0       0       0       0       0       0       0       0       0
      Temps:          0       0       0       0       0       0       0       0       0       0       0       0       0       0
      Totals:         4       0       0       0       0       0       0       0       0       0       0       0       0       0
Total ram usage:        4 bytes
 Hardware stack levels used:    1
 This function calls:
		Nothing
 This function is called by:
		_main
 This function uses a non-reentrant model



MODULE INFORMATION

Module		Function		Class		Link	Load	Size
/opt/microchip/xc8/v1.41/sources/common/lwdiv.c
		___lwdiv       		CODE           	002E	0000	53

/opt/microchip/xc8/v1.41/sources/common/lwdiv.c estimated size: 53

/opt/microchip/xc8/v1.41/sources/common/awdiv.c
		___awdiv       		CODE           	012A	0000	82

/opt/microchip/xc8/v1.41/sources/common/awdiv.c estimated size: 82

/opt/microchip/xc8/v1.41/sources/common/fttol.c
		___fttol       		CODE           	023B	0000	136

/opt/microchip/xc8/v1.41/sources/common/fttol.c estimated size: 136

/opt/microchip/xc8/v1.41/sources/common/lttoft.c
		___lttoft      		CODE           	0F40	0000	21

/opt/microchip/xc8/v1.41/sources/common/lttoft.c estimated size: 21

mcc_generated_files/tmr0.c
		_TMR0_Load8bitPeriod		CODE           	0006	0000	6
		_TMR0_StartTimer		CODE           	0EBB	0000	4
		_TMR0_HasOverflowOccured		CODE           	0EBE	0000	6
		_TMR0_Initialize		CODE           	0EF8	0000	13

mcc_generated_files/tmr0.c estimated size: 29

mcc_generated_files/pin_manager.c
		_PIN_MANAGER_Initialize		CODE           	0062	0000	61

mcc_generated_files/pin_manager.c estimated size: 61

mcc_generated_files/nco1.c
		_NCO1_Initialize		CODE           	0EEC	0000	13

mcc_generated_files/nco1.c estimated size: 13

/opt/microchip/xc8/v1.41/sources/common/isdigit.c
		_isdigit       		CODE           	0F10	0000	15

/opt/microchip/xc8/v1.41/sources/common/isdigit.c estimated size: 15

/opt/microchip/xc8/v1.41/sources/common/doprnt.c
		_printf        		CODE           	0445	0000	401

/opt/microchip/xc8/v1.41/sources/common/doprnt.c estimated size: 401

/opt/microchip/xc8/v1.41/sources/common/float.c
		___ftpack      		CODE           	01D7	0000	101

/opt/microchip/xc8/v1.41/sources/common/float.c estimated size: 101

shared
		_dpowers       		STRCODE        	0800	0000	11
		__initialization		CODE           	07C1	0000	61

shared estimated size: 72

/opt/microchip/xc8/v1.41/sources/common/lwmod.c
		___lwmod       		CODE           	0FA4	0000	45

/opt/microchip/xc8/v1.41/sources/common/lwmod.c estimated size: 45

mcc_generated_files/mcc.c
		_OSCILLATOR_Initialize		CODE           	0ED8	0000	10
		_SYSTEM_Initialize		CODE           	0F2E	0000	19

mcc_generated_files/mcc.c estimated size: 29

mcc_generated_files/eusart.c
		_putch         		CODE           	0EC3	0000	6
		_EUSART_Write  		CODE           	0ED0	0000	9
		_EUSART_Initialize		CODE           	0EE1	0000	12

mcc_generated_files/eusart.c estimated size: 27

mcc_generated_files/adcc.c
		_ADCC_GetSingleConversion		CODE           	0F1E	0000	17
		_ADCC_Initialize		CODE           	0F54	0000	25

mcc_generated_files/adcc.c estimated size: 42

/opt/microchip/xc8/v1.41/sources/common/Umul16.c
		___wmul        		CODE           	0F86	0000	31

/opt/microchip/xc8/v1.41/sources/common/Umul16.c estimated size: 31

main.c
		_delay         		CODE           	0F6C	0000	27
		_main          		CODE           	036B	0000	219
		_playNote      		CODE           	000B	0000	36
		_setTempo      		CODE           	017B	0000	93
		_SetNCOFreq    		CODE           	0EC8	0000	9

main.c estimated size: 384

/opt/microchip/xc8/v1.41/sources/common/ftdiv.c
		___ftdiv       		CODE           	02C2	0000	170

/opt/microchip/xc8/v1.41/sources/common/ftdiv.c estimated size: 170

