Microchip MPLAB XC8 Compiler V1.42 ()

Linker command line:

--edf=/opt/microchip/xc8/v1.42/dat/en_msgs.txt -cs \
  -h+dist/default/production/PIC10F32x_Source_Code.X.production.sym \
  --cmf=dist/default/production/PIC10F32x_Source_Code.X.production.cmf -z \
  -Q10F322 -o/tmp/xcXbdL0nr \
  -Mdist/default/production/PIC10F32x_Source_Code.X.production.map -E1 \
  -ver=XC8 -ASTACK=048h-07dh -pstack=STACK -ACODE=00h-01FFh \
  -ASTRCODE=00h-01FFh -ASTRING=00h-0FFhx2 -ACONST=00h-0FFhx2 \
  -AENTRY=00h-0FFhx2 -ABANK0=040h-07Dh -ARAM=040h-07Dh -AABS1=040h-07Fh \
  -ACOMMON=07Eh-07Fh -ASFR0=00h-03Fh -preset_vec=00h,intentry,init,end_init \
  -ppowerup=CODE -pcinit=CODE -pfunctab=CODE -ACONFIG=02007h-02007h \
  -pconfig=CONFIG -DCONFIG=2 -AIDLOC=02000h-02003h -pidloc=IDLOC -DIDLOC=2 \
  -DCODE=2 -DSTRCODE=2 -DSTRING=2 -DCONST=2 -DENTRY=2 -k /tmp/xcXRjsL0C.obj \
  dist/default/production/PIC10F32x_Source_Code.X.production.obj 

Object code version is 3.11

Machine type is 10F322



                Name                               Link     Load   Length Selector   Space Scale
/tmp/xcXRjsL0C.obj
                end_init                              0        0        1        0       0
                config                             2007     2007        1     400E       0
dist/default/production/PIC10F32x_Source_Code.X.production.obj
                cinit                               1FE      1FE        2      3FC       0
                text8                               1BD      1BD       10      37A       0
                text7                               1CD      1CD       18      39A       0
                text6                               1AD      1AD        5      35A       0
                text5                               1A7      1A7        3      34E       0
                text4                               1AA      1AA        3      354       0
                text3                               1B7      1B7        6      36E       0
                text2                               1B2      1B2        5      364       0
                text1                               1A5      1A5        2      34A       0
                maintext                            1E5      1E5       19      3CA       0
                cstackBANK0                          40       40        6       40       1
                nvBANK0                              46       46        2       40       1

TOTAL           Name                               Link     Load   Length     Space
        CLASS   STACK          

        CLASS   CODE           
                end_init                              0        0        1         0
                cinit                               1FE      1FE        2         0
                text8                               1BD      1BD       10         0
                text7                               1CD      1CD       18         0
                text6                               1AD      1AD        5         0
                text5                               1A7      1A7        3         0
                text4                               1AA      1AA        3         0
                text3                               1B7      1B7        6         0
                text2                               1B2      1B2        5         0
                text1                               1A5      1A5        2         0
                maintext                            1E5      1E5       19         0

        CLASS   STRCODE        

        CLASS   STRING         

        CLASS   CONST          

        CLASS   ENTRY          

        CLASS   BANK0          
                cstackBANK0                          40       40        6         1
                nvBANK0                              46       46        2         1

        CLASS   RAM            

        CLASS   ABS1           
                abs_s1                               7E       7E        2         1

        CLASS   COMMON         

        CLASS   SFR0           

        CLASS   CONFIG         
                config                             2007     2007        1         0

        CLASS   IDLOC          

        CLASS   EEDATA         



SEGMENTS        Name                           Load    Length   Top    Selector   Space  Class     Delta

                reset_vec                      000000  000001  000001         0       0  CODE        2
                cstackBANK0                    000040  000008  000048        40       1  BANK0       1
                text1                          0001A5  000002  0001A7       34A       0  CODE        2
                text5                          0001A7  000003  0001AA       34E       0  CODE        2
                text4                          0001AA  000003  0001AD       354       0  CODE        2
                text6                          0001AD  000005  0001B2       35A       0  CODE        2
                text2                          0001B2  000005  0001B7       364       0  CODE        2
                text3                          0001B7  000006  0001BD       36E       0  CODE        2
                text8                          0001BD  000010  0001CD       37A       0  CODE        2
                text7                          0001CD  000018  0001E5       39A       0  CODE        2
                maintext                       0001E5  000019  0001FE       3CA       0  CODE        2
                cinit                          0001FE  000002  000200       3FC       0  CODE        2
                config                         002007  000001  002008      400E       0  CONFIG      2


UNUSED ADDRESS RANGES

        Name                Unused          Largest block    Delta
        BANK0            0048-007D             36           1
        CODE             0001-01A4            1A4           2
        CONST            0001-01A4             FF           2
        ENTRY            0001-01A4             FF           2
        IDLOC            2000-2003              4           2
        RAM              0048-007D             36           1
        SFR0             0000-003F             40           1
        STACK            0048-007D             36           1
        STRCODE          0001-01A4            1A4           2
        STRING           0001-01A4             FF           2

                                  Symbol Table

ADC_GetConversion@channel       cstackBANK0  0041
PWM_LoadDutyValue@dutyValue     cstackBANK0  0040
_ADCON                          (abs)        001F
_ADCONbits                      (abs)        001F
_ADC_GetConversion              text8        01BD
_ADC_Initialize                 text6        01AD
_ADRES                          (abs)        001E
_ANSELAbits                     (abs)        0008
_LATAbits                       (abs)        0007
_OSCCON                         (abs)        0010
_OSCILLATOR_Initialize          text5        01A7
_PIR1bits                       (abs)        000C
_PR2                            (abs)        0012
_PWM1CON                        (abs)        0016
_PWM1DCH                        (abs)        0015
_PWM1DCL                        (abs)        0014
_PWM_Initialize                 text4        01AA
_PWM_LoadDutyValue              text7        01CD
_SYSTEM_Initialize              text2        01B2
_T2CON                          (abs)        0013
_T2CONbits                      (abs)        0013
_TMR2                           (abs)        0011
_TMR2_Initialize                text3        01B7
_TMR2_StartTimer                text1        01A5
_TRISAbits                      (abs)        0006
__CFG_BOREN$OFF                 (abs)        0000
__CFG_BORV$LO                   (abs)        0000
__CFG_CP$OFF                    (abs)        0000
__CFG_FOSC$INTOSC               (abs)        0000
__CFG_LPBOR$OFF                 (abs)        0000
__CFG_LVP$ON                    (abs)        0000
__CFG_MCLRE$ON                  (abs)        0000
__CFG_PWRTE$OFF                 (abs)        0000
__CFG_WDTE$OFF                  (abs)        0000
__CFG_WRT$OFF                   (abs)        0000
__Habs1                         abs1         0000
__Hbank0                        bank0        0000
__Hcinit                        cinit        0200
__Hclrtext                      clrtext      0000
__Hcode                         code         0000
__Hcommon                       common       0000
__Hconfig                       config       2008
__HcstackBANK0                  cstackBANK0  0000
__HcstackCOMMON                 cstackCOMMON 0000
__Heeprom_data                  eeprom_data  0000
__Hend_init                     end_init     0001
__Hfunctab                      functab      0000
__Hidloc                        idloc        0000
__Hinit                         init         0000
__Hintentry                     intentry     0000
__Hmaintext                     maintext     0000
__HnvBANK0                      nvBANK0      0000
__Hpowerup                      powerup      0000
__Hram                          ram          0000
__Hreset_vec                    reset_vec    0000
__Hsfr0                         sfr0         0000
__Hspace_0                      (abs)        2008
__Hspace_1                      (abs)        0048
__Hspace_2                      (abs)        0000
__Hspace_3                      (abs)        0000
__Hstack                        stack        0000
__Hstrings                      strings      0000
__Htext                         text         0000
__Labs1                         abs1         0000
__Lbank0                        bank0        0000
__Lcinit                        cinit        01FE
__Lclrtext                      clrtext      0000
__Lcode                         code         0000
__Lcommon                       common       0000
__Lconfig                       config       2007
__LcstackBANK0                  cstackBANK0  0000
__LcstackCOMMON                 cstackCOMMON 0000
__Leeprom_data                  eeprom_data  0000
__Lend_init                     end_init     0000
__Lfunctab                      functab      0000
__Lidloc                        idloc        0000
__Linit                         init         0000
__Lintentry                     intentry     0000
__Lmaintext                     maintext     0000
__LnvBANK0                      nvBANK0      0000
__Lpowerup                      powerup      0000
__Lram                          ram          0000
__Lreset_vec                    reset_vec    0000
__Lsfr0                         sfr0         0000
__Lspace_0                      (abs)        0000
__Lspace_1                      (abs)        0000
__Lspace_2                      (abs)        0000
__Lspace_3                      (abs)        0000
__Lstack                        stack        0000
__Lstrings                      strings      0000
__Ltext                         text         0000
__S0                            (abs)        2008
__S1                            (abs)        0048
__S2                            (abs)        0000
___int_sp                       stack        0000
___latbits                      (abs)        0000
___sp                           stack        0000
__end_of_ADC_GetConversion      text8        01CD
__end_of_ADC_Initialize         text6        01B2
__end_of_OSCILLATOR_Initialize  text5        01AA
__end_of_PWM_Initialize         text4        01AD
__end_of_PWM_LoadDutyValue      text7        01E5
__end_of_SYSTEM_Initialize      text2        01B7
__end_of_TMR2_Initialize        text3        01BD
__end_of_TMR2_StartTimer        text1        01A7
__end_of__initialization        cinit        01FE
__end_of_main                   maintext     01FE
__initialization                cinit        01FE
__pcstackBANK0                  cstackBANK0  0040
__pcstackCOMMON                 cstackCOMMON 0000
__pmaintext                     maintext     01E5
__pnvBANK0                      nvBANK0      0046
__ptext1                        text1        01A5
__ptext2                        text2        01B2
__ptext3                        text3        01B7
__ptext4                        text4        01AA
__ptext5                        text5        01A7
__ptext6                        text6        01AD
__ptext7                        text7        01CD
__ptext8                        text8        01BD
__size_of_ADC_GetConversion     (abs)        0000
__size_of_ADC_Initialize        (abs)        0000
__size_of_OSCILLATOR_Initialize (abs)        0000
__size_of_PWM_Initialize        (abs)        0000
__size_of_PWM_LoadDutyValue     (abs)        0000
__size_of_SYSTEM_Initialize     (abs)        0000
__size_of_TMR2_Initialize       (abs)        0000
__size_of_TMR2_StartTimer       (abs)        0000
__size_of_main                  (abs)        0000
_dutycycle                      nvBANK0      0046
_main                           maintext     01E5
btemp                           (abs)        007E
end_of_initialization           cinit        01FE
intlevel0                       functab      0000
intlevel1                       functab      0000
intlevel2                       functab      0000
intlevel3                       functab      0000
intlevel4                       functab      0000
intlevel5                       functab      0000
reset_vec                       reset_vec    0000
stackhi                         (abs)        0000
stacklo                         (abs)        0000
start                           init         0000
start_initialization            cinit        01FE
wtemp0                          (abs)        007E


FUNCTION INFORMATION:

 *************** function _main *****************
 Defined at:
		line 49 in file "main.c"
 Parameters:    Size  Location     Type
		None
 Auto vars:     Size  Location     Type
		None
 Return value:  Size  Location     Type
                  1    wreg      void 
 Registers used:
		wreg, status,2, status,0, pclath, cstack
 Tracked objects:
		On entry : 
		On exit  : 
		Unchanged: 
 Data sizes:     COMMON   BANK0
      Params:         0       0
      Locals:         0       0
      Temps:          0       2
      Totals:         0       2
Total ram usage:        2 bytes
 Hardware stack levels required when called:    2
 This function calls:
		_ADC_GetConversion
		_PWM_LoadDutyValue
		_SYSTEM_Initialize
		_TMR2_StartTimer
 This function is called by:
		Startup code after reset
 This function uses a non-reentrant model


 *************** function _TMR2_StartTimer *****************
 Defined at:
		line 39 in file "tmr2.c"
 Parameters:    Size  Location     Type
		None
 Auto vars:     Size  Location     Type
		None
 Return value:  Size  Location     Type
                  1    wreg      void 
 Registers used:
		None
 Tracked objects:
		On entry : 
		On exit  : 
		Unchanged: 
 Data sizes:     COMMON   BANK0
      Params:         0       0
      Locals:         0       0
      Temps:          0       0
      Totals:         0       0
Total ram usage:        0 bytes
 Hardware stack levels used:    1
 This function calls:
		Nothing
 This function is called by:
		_main
 This function uses a non-reentrant model


 *************** function _SYSTEM_Initialize *****************
 Defined at:
		line 33 in file "device_initialize.c"
 Parameters:    Size  Location     Type
		None
 Auto vars:     Size  Location     Type
		None
 Return value:  Size  Location     Type
                  1    wreg      void 
 Registers used:
		wreg, status,2, status,0, pclath, cstack
 Tracked objects:
		On entry : 
		On exit  : 
		Unchanged: 
 Data sizes:     COMMON   BANK0
      Params:         0       0
      Locals:         0       0
      Temps:          0       0
      Totals:         0       0
Total ram usage:        0 bytes
 Hardware stack levels used:    1
 Hardware stack levels required when called:    1
 This function calls:
		_ADC_Initialize
		_OSCILLATOR_Initialize
		_PWM_Initialize
		_TMR2_Initialize
 This function is called by:
		_main
 This function uses a non-reentrant model


 *************** function _TMR2_Initialize *****************
 Defined at:
		line 24 in file "tmr2.c"
 Parameters:    Size  Location     Type
		None
 Auto vars:     Size  Location     Type
		None
 Return value:  Size  Location     Type
                  1    wreg      void 
 Registers used:
		wreg, status,2
 Tracked objects:
		On entry : 
		On exit  : 
		Unchanged: 
 Data sizes:     COMMON   BANK0
      Params:         0       0
      Locals:         0       0
      Temps:          0       0
      Totals:         0       0
Total ram usage:        0 bytes
 Hardware stack levels used:    1
 This function calls:
		Nothing
 This function is called by:
		_SYSTEM_Initialize
 This function uses a non-reentrant model


 *************** function _PWM_Initialize *****************
 Defined at:
		line 26 in file "pwm.c"
 Parameters:    Size  Location     Type
		None
 Auto vars:     Size  Location     Type
		None
 Return value:  Size  Location     Type
                  1    wreg      void 
 Registers used:
		wreg
 Tracked objects:
		On entry : 
		On exit  : 
		Unchanged: 
 Data sizes:     COMMON   BANK0
      Params:         0       0
      Locals:         0       0
      Temps:          0       0
      Totals:         0       0
Total ram usage:        0 bytes
 Hardware stack levels used:    1
 This function calls:
		Nothing
 This function is called by:
		_SYSTEM_Initialize
 This function uses a non-reentrant model


 *************** function _OSCILLATOR_Initialize *****************
 Defined at:
		line 41 in file "device_initialize.c"
 Parameters:    Size  Location     Type
		None
 Auto vars:     Size  Location     Type
		None
 Return value:  Size  Location     Type
                  1    wreg      void 
 Registers used:
		wreg
 Tracked objects:
		On entry : 
		On exit  : 
		Unchanged: 
 Data sizes:     COMMON   BANK0
      Params:         0       0
      Locals:         0       0
      Temps:          0       0
      Totals:         0       0
Total ram usage:        0 bytes
 Hardware stack levels used:    1
 This function calls:
		Nothing
 This function is called by:
		_SYSTEM_Initialize
 This function uses a non-reentrant model


 *************** function _ADC_Initialize *****************
 Defined at:
		line 26 in file "adc.c"
 Parameters:    Size  Location     Type
		None
 Auto vars:     Size  Location     Type
		None
 Return value:  Size  Location     Type
                  1    wreg      void 
 Registers used:
		wreg
 Tracked objects:
		On entry : 
		On exit  : 
		Unchanged: 
 Data sizes:     COMMON   BANK0
      Params:         0       0
      Locals:         0       0
      Temps:          0       0
      Totals:         0       0
Total ram usage:        0 bytes
 Hardware stack levels used:    1
 This function calls:
		Nothing
 This function is called by:
		_SYSTEM_Initialize
 This function uses a non-reentrant model


 *************** function _PWM_LoadDutyValue *****************
 Defined at:
		line 32 in file "pwm.c"
 Parameters:    Size  Location     Type
  dutyValue       2    0[BANK0 ] unsigned int 
 Auto vars:     Size  Location     Type
		None
 Return value:  Size  Location     Type
                  1    wreg      void 
 Registers used:
		wreg, status,2, status,0
 Tracked objects:
		On entry : 
		On exit  : 
		Unchanged: 
 Data sizes:     COMMON   BANK0
      Params:         0       2
      Locals:         0       0
      Temps:          0       2
      Totals:         0       4
Total ram usage:        4 bytes
 Hardware stack levels used:    1
 This function calls:
		Nothing
 This function is called by:
		_main
 This function uses a non-reentrant model


 *************** function _ADC_GetConversion *****************
 Defined at:
		line 36 in file "adc.c"
 Parameters:    Size  Location     Type
  channel         1    wreg     enum E1463
 Auto vars:     Size  Location     Type
  channel         1    1[BANK0 ] enum E1463
 Return value:  Size  Location     Type
                  1    wreg      unsigned char 
 Registers used:
		wreg, status,2, status,0
 Tracked objects:
		On entry : 
		On exit  : 
		Unchanged: 
 Data sizes:     COMMON   BANK0
      Params:         0       0
      Locals:         0       1
      Temps:          0       1
      Totals:         0       2
Total ram usage:        2 bytes
 Hardware stack levels used:    1
 This function calls:
		Nothing
 This function is called by:
		_main
 This function uses a non-reentrant model



MODULE INFORMATION

Module		Function		Class		Link	Load	Size
pwm.c
		_PWM_Initialize		CODE           	01AA	0000	4
		_PWM_LoadDutyValue		CODE           	01CD	0000	25

pwm.c estimated size: 29

adc.c
		_ADC_Initialize		CODE           	01AD	0000	6
		_ADC_GetConversion		CODE           	01BD	0000	17

adc.c estimated size: 23

tmr2.c
		_TMR2_Initialize		CODE           	01B7	0000	7
		_TMR2_StartTimer		CODE           	01A5	0000	3

tmr2.c estimated size: 10

shared
		__initialization		CODE           	01FE	0000	1

shared estimated size: 1

device_initialize.c
		_OSCILLATOR_Initialize		CODE           	01A7	0000	4
		_SYSTEM_Initialize		CODE           	01B2	0000	6

device_initialize.c estimated size: 10

main.c
		_main          		CODE           	01E5	0000	26

main.c estimated size: 26

