Microchip MPLAB XC8 Compiler V1.41 ()

Linker command line:

--edf=/opt/microchip/xc8/v1.41/dat/en_msgs.txt -cs \
  -h+dist/free/production/PIC16F18855_XpressTempSensor.X.production.sym \
  --cmf=dist/free/production/PIC16F18855_XpressTempSensor.X.production.cmf \
  -z -Q16F18855 -o/tmp/xcX0qGjg9 \
  -Mdist/free/production/PIC16F18855_XpressTempSensor.X.production.map -E1 \
  -ver=XC8 -ASTACK=02047h-023efh -pstack=STACK -ACODE=00h-07FFhx4 \
  -ASTRCODE=00h-01FFFh -ASTRING=00h-0FFhx32 -ACONST=00h-0FFhx32 \
  -AENTRY=00h-0FFhx32 -ACOMMON=070h-07Fh -ABANK0=020h-06Fh \
  -ABANK1=0A0h-0EFh -ABANK2=0120h-016Fh -ABANK3=01A0h-01EFh \
  -ABANK4=0220h-026Fh -ABANK5=02A0h-02EFh -ABANK6=0320h-036Fh \
  -ABANK7=03A0h-03EFh -ABANK8=0420h-046Fh -ABANK9=04A0h-04EFh \
  -ABANK10=0520h-056Fh -ABANK11=05A0h-05EFh -ABANK12=0620h-064Fh \
  -ABIGRAM=02000h-023EFh \
  -ARAM=020h-06Fh,0A0h-0EFh,0120h-016Fh,01A0h-01EFh,0220h-026Fh,02A0h-02EFh,0320h-036Fh,03A0h-03EFh,0420h-046Fh,04A0h-04EFh,0520h-056Fh,05A0h-05EFh,0620h-064Fh \
  -AABS1=020h-07Fh,0A0h-0EFh,0120h-016Fh,01A0h-01EFh,0220h-026Fh,02A0h-02EFh,0320h-036Fh,03A0h-03EFh,0420h-046Fh,04A0h-04EFh,0520h-056Fh,05A0h-05EFh,0620h-064Fh \
  -ASFR0=00h-01Fh -ASFR1=080h-09Fh -ASFR2=0100h-011Fh -ASFR3=0180h-019Fh \
  -ASFR4=0200h-021Fh -ASFR5=0280h-029Fh -ASFR6=0300h-031Fh \
  -ASFR7=0380h-039Fh -ASFR8=0400h-041Fh -ASFR9=0480h-049Fh \
  -ASFR10=0500h-051Fh -ASFR11=0580h-059Fh -ASFR12=0600h-061Fh \
  -ASFR13=0680h-06EFh -ASFR14=0700h-076Fh -ASFR15=0780h-07EFh \
  -ASFR16=0800h-086Fh -ASFR17=0880h-08EFh -ASFR18=0900h-096Fh \
  -ASFR19=0980h-09EFh -ASFR20=0A00h-0A6Fh -ASFR21=0A80h-0AEFh \
  -ASFR22=0B00h-0B6Fh -ASFR23=0B80h-0BEFh -ASFR24=0C00h-0C6Fh \
  -ASFR25=0C80h-0CEFh -ASFR26=0D00h-0D6Fh -ASFR27=0D80h-0DEFh \
  -ASFR28=0E00h-0E6Fh -ASFR29=0E80h-0EEFh -ASFR30=0F00h-0F6Fh \
  -ASFR31=0F80h-0FEFh -preset_vec=00h,intentry=04h,init,end_init \
  -ppowerup=CODE -pcinit=CODE -pfunctab=CODE -ACONFIG=08007h-0800Bh \
  -pconfig=CONFIG -DCONFIG=2 -AIDLOC=08000h-08003h -pidloc=IDLOC -DIDLOC=2 \
  -AEEDATA=00h-0FFh/0F000h -peeprom_data=EEDATA -DEEDATA=2 -DCODE=2 \
  -DSTRCODE=2 -DSTRING=2 -DCONST=2 -DENTRY=2 -k /tmp/xcXDo0WVB.obj \
  dist/free/production/PIC16F18855_XpressTempSensor.X.production.obj 

Object code version is 3.11

Machine type is 16F18855



                Name                               Link     Load   Length Selector   Space Scale
/tmp/xcXDo0WVB.obj
                end_init                             1B       1B        2        8       0
                reset_vec                             0        0        2        0       0
                config                             8007     8007        5    1000E       0
dist/free/production/PIC16F18855_XpressTempSensor.X.production.obj
                cinit                                1D       1D       11        8       0
                intentry                              4        4       17        8       0
                text24                              7FB      7FB        1      F1A       0
                text23                              7BC      7BC       12      F1A       0
                text22                              78D      78D       18      F1A       0
                swtext1                             775      775       18      EEA       0
                text21                              42D      42D      13A      85A       0
                text19                              6D8      6D8       28      85A       0
                text18                              5F4      5F4       46      85A       0
                text17                              721      721       20      85A       0
                text16                              63A      63A       3C      85A       0
                text15                              741      741       1C      85A       0
                text14                              676      676       35      85A       0
                text13                              6AB      6AB       2D      85A       0
                text12                              7F1      7F1        A      F1A       0
                text11                              FEB      FEB        6     1FD6       0
                text10                               2E       2E      161        8       0
                text9                               7A5      7A5       17      F1A       0
                text8                               7DA      7DA        C      F1A       0
                text7                               18F      18F      150        8       0
                text6                               567      567       47      85A       0
                text5                               7E6      7E6        B      F1A       0
                text4                               75D      75D       18      85A       0
                text3                               FF7      FF7        9     1FEE       0
                text2                               5AE      5AE       46      85A       0
                text1                               7CE      7CE        C      F1A       0
                maintext                            700      700       21      85A       0
                cstackBANK0                          20       20       2C       20       1
                cstackCOMMON                         70       70        7       70       1
                clrtext                             FF1      FF1        6     1FE2       0
                bssBANK0                             4C       4C       1B       20       1
                bssCOMMON                            77       77        6       70       1
                stringtext                          2DF      2DF      14E      5BE       0

TOTAL           Name                               Link     Load   Length     Space
        CLASS   STACK          

        CLASS   CODE           
                end_init                             1B       1B        2         0
                cinit                                1D       1D       11         0
                intentry                              4        4       17         0
                reset_vec                             0        0        2         0
                text24                              7FB      7FB        1         0
                text23                              7BC      7BC       12         0
                text22                              78D      78D       18         0
                text21                              42D      42D      13A         0
                text19                              6D8      6D8       28         0
                text18                              5F4      5F4       46         0
                text17                              721      721       20         0
                text16                              63A      63A       3C         0
                text15                              741      741       1C         0
                text14                              676      676       35         0
                text13                              6AB      6AB       2D         0
                text12                              7F1      7F1        A         0
                text11                              FEB      FEB        6         0
                text10                               2E       2E      161         0
                text9                               7A5      7A5       17         0
                text8                               7DA      7DA        C         0
                text7                               18F      18F      150         0
                text6                               567      567       47         0
                text5                               7E6      7E6        B         0
                text4                               75D      75D       18         0
                text3                               FF7      FF7        9         0
                text2                               5AE      5AE       46         0
                text1                               7CE      7CE        C         0
                maintext                            700      700       21         0
                clrtext                             FF1      FF1        6         0

        CLASS   STRCODE        
                stringtext                          2DF      2DF      14E         0

        CLASS   STRING         

        CLASS   CONST          
                swtext1                             775      775       18         0

        CLASS   ENTRY          

        CLASS   COMMON         
                cstackCOMMON                         70       70        7         1
                bssCOMMON                            77       77        6         1

        CLASS   BANK0          
                cstackBANK0                          20       20       2C         1
                bssBANK0                             4C       4C       1B         1

        CLASS   BANK1          

        CLASS   BANK2          

        CLASS   BANK3          

        CLASS   BANK4          

        CLASS   BANK5          

        CLASS   BANK6          

        CLASS   BANK7          

        CLASS   BANK8          

        CLASS   BANK9          

        CLASS   BANK10         

        CLASS   BANK11         

        CLASS   BANK12         

        CLASS   BIGRAM         

        CLASS   RAM            

        CLASS   ABS1           
                abs_s1                               7E       7E        2         1

        CLASS   SFR0           

        CLASS   SFR1           

        CLASS   SFR2           

        CLASS   SFR3           

        CLASS   SFR4           

        CLASS   SFR5           

        CLASS   SFR6           

        CLASS   SFR7           

        CLASS   SFR8           

        CLASS   SFR9           

        CLASS   SFR10          

        CLASS   SFR11          

        CLASS   SFR12          

        CLASS   SFR13          

        CLASS   SFR14          

        CLASS   SFR15          

        CLASS   SFR16          

        CLASS   SFR17          

        CLASS   SFR18          

        CLASS   SFR19          

        CLASS   SFR20          

        CLASS   SFR21          

        CLASS   SFR22          

        CLASS   SFR23          

        CLASS   SFR24          

        CLASS   SFR25          

        CLASS   SFR26          

        CLASS   SFR27          

        CLASS   SFR28          

        CLASS   SFR29          

        CLASS   SFR30          

        CLASS   SFR31          

        CLASS   CONFIG         
                config                             8007     8007        5         0

        CLASS   IDLOC          

        CLASS   EEDATA         

        CLASS   BANK31         

        CLASS   BANK30         

        CLASS   BANK29         

        CLASS   BANK28         

        CLASS   BANK27         

        CLASS   BANK26         

        CLASS   BANK25         

        CLASS   BANK24         

        CLASS   BANK23         

        CLASS   BANK22         

        CLASS   BANK21         

        CLASS   BANK20         

        CLASS   BANK19         

        CLASS   BANK18         

        CLASS   BANK17         

        CLASS   BANK16         

        CLASS   BANK15         

        CLASS   BANK14         

        CLASS   BANK13         



SEGMENTS        Name                           Load    Length   Top    Selector   Space  Class     Delta

                reset_vec                      000000  000002  000002         0       0  CODE        2
                intentry                       000004  0002DB  0002DF         8       0  CODE        2
                cstackBANK0                    000020  000047  000067        20       1  BANK0       1
                cstackCOMMON                   000070  00000D  00007D        70       1  COMMON      1
                stringtext                     0002DF  00014E  00042D       5BE       0  STRCODE     2
                text21                         00042D  000348  000775       85A       0  CODE        2
                swtext1                        000775  000018  00078D       EEA       0  CONST       2
                text22                         00078D  00006F  0007FC       F1A       0  CODE        2
                text11                         000FEB  000006  000FF1      1FD6       0  CODE        2
                clrtext                        000FF1  000006  000FF7      1FE2       0  CODE        2
                text3                          000FF7  000009  001000      1FEE       0  CODE        2
                config                         008007  000005  00800C     1000E       0  CONFIG      2


UNUSED ADDRESS RANGES

        Name                Unused          Largest block    Delta
        BANK0            00067-0006F               9           1
        BANK1            000A0-000EF              50           1
        BANK10           00520-0056F              50           1
        BANK11           005A0-005EF              50           1
        BANK12           00620-0064F              30           1
        BANK2            00120-0016F              50           1
        BANK3            001A0-001EF              50           1
        BANK4            00220-0026F              50           1
        BANK5            002A0-002EF              50           1
        BANK6            00320-0036F              50           1
        BANK7            003A0-003EF              50           1
        BANK8            00420-0046F              50           1
        BANK9            004A0-004EF              50           1
        BIGRAM           02000-023EF             3F0           1
        CODE             00002-00003               2           2
                         007FC-00FEA               4
                         01000-01FFF             800
        COMMON           0007D-0007D               1           1
        CONST            00002-00003               2           2
                         007FC-00FEA             100
                         01000-01FFF             100
        EEDATA           0F000-0F0FF             100           2
        ENTRY            00002-00003               2           2
                         007FC-00FEA             100
                         01000-01FFF             100
        IDLOC            08000-08003               4           2
        RAM              00067-0006F               9           1
                         000A0-000EF              50
                         00120-0016F              50
                         001A0-001EF              50
                         00220-0026F              50
                         002A0-002EF              50
                         00320-0036F              50
                         003A0-003EF              50
                         00420-0046F              50
                         004A0-004EF              50
                         00520-0056F              50
                         005A0-005EF              50
                         00620-0064F              30
        SFR0             00000-0001F              20           1
        SFR1             00080-0009F              20           1
        SFR10            00500-0051F              20           1
        SFR11            00580-0059F              20           1
        SFR12            00600-0061F              20           1
        SFR13            00680-006EF              70           1
        SFR14            00700-0076F              70           1
        SFR15            00780-007EF              70           1
        SFR16            00800-0086F              70           1
        SFR17            00880-008EF              70           1
        SFR18            00900-0096F              70           1
        SFR19            00980-009EF              70           1
        SFR2             00100-0011F              20           1
        SFR20            00A00-00A6F              70           1
        SFR21            00A80-00AEF              70           1
        SFR22            00B00-00B6F              70           1
        SFR23            00B80-00BEF              70           1
        SFR24            00C00-00C6F              70           1
        SFR25            00C80-00CEF              70           1
        SFR26            00D00-00D6F              70           1
        SFR27            00D80-00DEF              70           1
        SFR28            00E00-00E6F              70           1
        SFR29            00E80-00EEF              70           1
        SFR3             00180-0019F              20           1
        SFR30            00F00-00F6F              70           1
        SFR31            00F80-00FEF              70           1
        SFR4             00200-0021F              20           1
        SFR5             00280-0029F              20           1
        SFR6             00300-0031F              20           1
        SFR7             00380-0039F              20           1
        SFR8             00400-0041F              20           1
        SFR9             00480-0049F              20           1
        STACK            02047-023EF             3A9           1
        STRCODE          00002-00003               2           2
                         007FC-00FEA             7EF
                         01000-01FFF            1000
        STRING           00002-00003               2           2
                         007FC-00FEA             100
                         01000-01FFF             100

                                  Symbol Table

?___lwdiv                            cstackBANK0  00020
?___lwmod                            cstackBANK0  00028
?___wmul                             cstackBANK0  00020
?_printf                             cstackBANK0  0002E
EMC1001_PrintInfo@data               cstackBANK0  00049
EMC1001_PrintInfo@temp               cstackBANK0  00047
EMC1001_PrintInfo@templo             cstackBANK0  00048
EMC1001_PrintTemp@temp               cstackBANK0  00045
EMC1001_PrintTemp@templo             cstackBANK0  00046
EMC1001_Read@pData                   cstackBANK0  00027
EMC1001_Read@reg                     cstackBANK0  0002A
EMC1001_Read@status                  cstackBANK0  0002B
EMC1001_Read@trb                     bssBANK0     00052
EUSART_Write@txData                  cstackBANK0  00020
I2C2_ISR@i2c_10bit_address_restart   bssCOMMON    00077
I2C2_ISR@i2c_address                 bssBANK0     00065
I2C2_ISR@i2c_bytes_left              bssCOMMON    00078
I2C2_ISR@pi2c_buf_ptr                bssCOMMON    00079
I2C2_MasterRead@trBlock              bssBANK0     0005A
I2C2_MasterReadTRBBuild@address      cstackBANK0  00022
I2C2_MasterReadTRBBuild@length       cstackBANK0  00021
I2C2_MasterReadTRBBuild@pdata        cstackBANK0  00020
I2C2_MasterReadTRBBuild@ptrb         cstackBANK0  00026
I2C2_MasterTRBInsert@count           cstackBANK0  00023
I2C2_MasterTRBInsert@pflag           cstackBANK0  00021
I2C2_MasterTRBInsert@ptrb_list       cstackBANK0  00020
I2C2_MasterWrite@trBlock             bssBANK0     0005E
I2C2_MasterWriteTRBBuild@address     cstackBANK0  00022
I2C2_MasterWriteTRBBuild@length      cstackBANK0  00021
I2C2_MasterWriteTRBBuild@pdata       cstackBANK0  00020
I2C2_MasterWriteTRBBuild@ptrb        cstackBANK0  00026
I2C2_Stop@completion_code            cstackCOMMON 00071
PIN_MANAGER_Initialize@state         cstackBANK0  00020
_ANSELA                              (abs)        00F38
_ANSELB                              (abs)        00F43
_ANSELC                              (abs)        00F4E
_BAUD1CON                            (abs)        0011F
_EMC1001_PrintInfo                   text7        0018F
_EMC1001_PrintInfo$597               cstackBANK0  00045
_EMC1001_PrintTemp                   text6        00567
_EMC1001_Read                        text16       0063A
_EUSART_Initialize                   text5        007E6
_EUSART_Write                        text12       007F1
_GIE                                 (abs)        0005F
_I2C2_BusCollisionISR                text24       007FB
_I2C2_FunctionComplete               text23       007BC
_I2C2_ISR                            text21       0042D
_I2C2_Initialize                     text4        0075D
_I2C2_MasterReadTRBBuild             text19       006D8
_I2C2_MasterTRBInsert                text18       005F4
_I2C2_MasterWriteTRBBuild            text17       00721
_I2C2_Stop                           text22       0078D
_INTCONbits                          (abs)        0000B
_INTERRUPT_InterruptManager          intentry     00004
_LATA                                (abs)        00016
_LATB                                (abs)        00017
_LATC                                (abs)        00018
_OSCCON1                             (abs)        0088D
_OSCCON3                             (abs)        0088F
_OSCEN                               (abs)        00891
_OSCFRQ                              (abs)        00893
_OSCILLATOR_Initialize               text3        00FF7
_OSCTUNE                             (abs)        00892
_PIE3bits                            (abs)        00719
_PIN_MANAGER_Initialize              text2        005AE
_PIR3bits                            (abs)        0070F
_PPSLOCK                             (abs)        00E8F
_PPSLOCKbits                         (abs)        00E8F
_RC0PPS                              (abs)        00F20
_RC1REG                              (abs)        00119
_RC1STA                              (abs)        0011D
_RC1STAbits                          (abs)        0011D
_RC3PPS                              (abs)        00F23
_RC4PPS                              (abs)        00F24
_SP1BRGH                             (abs)        0011C
_SP1BRGL                             (abs)        0011B
_SSP2ADD                             (abs)        00197
_SSP2BUF                             (abs)        00196
_SSP2CLKPPSbits                      (abs)        00EC8
_SSP2CON1                            (abs)        0019A
_SSP2CON1bits                        (abs)        0019A
_SSP2CON2bits                        (abs)        0019B
_SSP2CON3                            (abs)        0019C
_SSP2DATPPSbits                      (abs)        00EC9
_SSP2STAT                            (abs)        00199
_SYSTEM_Initialize                   text1        007CE
_TRISA                               (abs)        00011
_TRISB                               (abs)        00012
_TRISC                               (abs)        00013
_TX1REG                              (abs)        0011A
_TX1STA                              (abs)        0011E
_WPUA                                (abs)        00F39
_WPUB                                (abs)        00F44
_WPUC                                (abs)        00F4F
_WPUE                                (abs)        00F65
__CFG_BOREN$ON                       (abs)        00000
__CFG_BORV$LO                        (abs)        00000
__CFG_CLKOUTEN$OFF                   (abs)        00000
__CFG_CP$OFF                         (abs)        00000
__CFG_CPD$OFF                        (abs)        00000
__CFG_CSWEN$ON                       (abs)        00000
__CFG_FCMEN$ON                       (abs)        00000
__CFG_FEXTOSC$OFF                    (abs)        00000
__CFG_LPBOREN$OFF                    (abs)        00000
__CFG_LVP$ON                         (abs)        00000
__CFG_MCLRE$ON                       (abs)        00000
__CFG_PPS1WAY$ON                     (abs)        00000
__CFG_PWRTE$OFF                      (abs)        00000
__CFG_RSTOSC$HFINT1                  (abs)        00000
__CFG_SCANE$available                (abs)        00000
__CFG_STVREN$ON                      (abs)        00000
__CFG_WDTCCS$SC                      (abs)        00000
__CFG_WDTCPS$WDTCPS_31               (abs)        00000
__CFG_WDTCWS$WDTCWS_7                (abs)        00000
__CFG_WDTE$OFF                       (abs)        00000
__CFG_WRT$OFF                        (abs)        00000
__CFG_ZCD$ON                         (abs)        00000
__Habs1                              abs1         00000
__Hbank0                             bank0        00000
__Hbank1                             bank1        00000
__Hbank10                            bank10       00000
__Hbank11                            bank11       00000
__Hbank12                            bank12       00000
__Hbank13                            bank13       00000
__Hbank14                            bank14       00000
__Hbank15                            bank15       00000
__Hbank16                            bank16       00000
__Hbank17                            bank17       00000
__Hbank18                            bank18       00000
__Hbank19                            bank19       00000
__Hbank2                             bank2        00000
__Hbank20                            bank20       00000
__Hbank21                            bank21       00000
__Hbank22                            bank22       00000
__Hbank23                            bank23       00000
__Hbank24                            bank24       00000
__Hbank25                            bank25       00000
__Hbank26                            bank26       00000
__Hbank27                            bank27       00000
__Hbank28                            bank28       00000
__Hbank29                            bank29       00000
__Hbank3                             bank3        00000
__Hbank30                            bank30       00000
__Hbank31                            bank31       00000
__Hbank4                             bank4        00000
__Hbank5                             bank5        00000
__Hbank6                             bank6        00000
__Hbank7                             bank7        00000
__Hbank8                             bank8        00000
__Hbank9                             bank9        00000
__Hbigram                            bigram       00000
__HbssBANK0                          bssBANK0     00000
__HbssCOMMON                         bssCOMMON    00000
__Hcinit                             cinit        0002E
__Hclrtext                           clrtext      00000
__Hcode                              code         00000
__Hcommon                            common       00000
__Hconfig                            config       0800C
__HcstackBANK0                       cstackBANK0  00000
__HcstackCOMMON                      cstackCOMMON 00000
__Heeprom_data                       eeprom_data  00000
__Hend_init                          end_init     0001D
__Hfunctab                           functab      00000
__Hidloc                             idloc        00000
__Hinit                              init         0001B
__Hintentry                          intentry     0001B
__Hmaintext                          maintext     00000
__Hpowerup                           powerup      00000
__Hram                               ram          00000
__Hreset_vec                         reset_vec    00002
__Hsfr0                              sfr0         00000
__Hsfr1                              sfr1         00000
__Hsfr10                             sfr10        00000
__Hsfr11                             sfr11        00000
__Hsfr12                             sfr12        00000
__Hsfr13                             sfr13        00000
__Hsfr14                             sfr14        00000
__Hsfr15                             sfr15        00000
__Hsfr16                             sfr16        00000
__Hsfr17                             sfr17        00000
__Hsfr18                             sfr18        00000
__Hsfr19                             sfr19        00000
__Hsfr2                              sfr2         00000
__Hsfr20                             sfr20        00000
__Hsfr21                             sfr21        00000
__Hsfr22                             sfr22        00000
__Hsfr23                             sfr23        00000
__Hsfr24                             sfr24        00000
__Hsfr25                             sfr25        00000
__Hsfr26                             sfr26        00000
__Hsfr27                             sfr27        00000
__Hsfr28                             sfr28        00000
__Hsfr29                             sfr29        00000
__Hsfr3                              sfr3         00000
__Hsfr30                             sfr30        00000
__Hsfr31                             sfr31        00000
__Hsfr4                              sfr4         00000
__Hsfr5                              sfr5         00000
__Hsfr6                              sfr6         00000
__Hsfr7                              sfr7         00000
__Hsfr8                              sfr8         00000
__Hsfr9                              sfr9         00000
__Hspace_0                           (abs)        0800C
__Hspace_1                           (abs)        0007D
__Hspace_2                           (abs)        00000
__Hspace_3                           (abs)        00000
__Hstack                             stack        00000
__Hstrings                           strings      00000
__Hstringtext                        stringtext   00000
__Htext                              text         00000
__Labs1                              abs1         00000
__Lbank0                             bank0        00000
__Lbank1                             bank1        00000
__Lbank10                            bank10       00000
__Lbank11                            bank11       00000
__Lbank12                            bank12       00000
__Lbank13                            bank13       00000
__Lbank14                            bank14       00000
__Lbank15                            bank15       00000
__Lbank16                            bank16       00000
__Lbank17                            bank17       00000
__Lbank18                            bank18       00000
__Lbank19                            bank19       00000
__Lbank2                             bank2        00000
__Lbank20                            bank20       00000
__Lbank21                            bank21       00000
__Lbank22                            bank22       00000
__Lbank23                            bank23       00000
__Lbank24                            bank24       00000
__Lbank25                            bank25       00000
__Lbank26                            bank26       00000
__Lbank27                            bank27       00000
__Lbank28                            bank28       00000
__Lbank29                            bank29       00000
__Lbank3                             bank3        00000
__Lbank30                            bank30       00000
__Lbank31                            bank31       00000
__Lbank4                             bank4        00000
__Lbank5                             bank5        00000
__Lbank6                             bank6        00000
__Lbank7                             bank7        00000
__Lbank8                             bank8        00000
__Lbank9                             bank9        00000
__Lbigram                            bigram       00000
__LbssBANK0                          bssBANK0     00000
__LbssCOMMON                         bssCOMMON    00000
__Lcinit                             cinit        0001D
__Lclrtext                           clrtext      00000
__Lcode                              code         00000
__Lcommon                            common       00000
__Lconfig                            config       08007
__LcstackBANK0                       cstackBANK0  00000
__LcstackCOMMON                      cstackCOMMON 00000
__Leeprom_data                       eeprom_data  00000
__Lend_init                          end_init     0001B
__Lfunctab                           functab      00000
__Lidloc                             idloc        00000
__Linit                              init         0001B
__Lintentry                          intentry     00004
__Lmaintext                          maintext     00000
__Lpowerup                           powerup      00000
__Lram                               ram          00000
__Lreset_vec                         reset_vec    00000
__Lsfr0                              sfr0         00000
__Lsfr1                              sfr1         00000
__Lsfr10                             sfr10        00000
__Lsfr11                             sfr11        00000
__Lsfr12                             sfr12        00000
__Lsfr13                             sfr13        00000
__Lsfr14                             sfr14        00000
__Lsfr15                             sfr15        00000
__Lsfr16                             sfr16        00000
__Lsfr17                             sfr17        00000
__Lsfr18                             sfr18        00000
__Lsfr19                             sfr19        00000
__Lsfr2                              sfr2         00000
__Lsfr20                             sfr20        00000
__Lsfr21                             sfr21        00000
__Lsfr22                             sfr22        00000
__Lsfr23                             sfr23        00000
__Lsfr24                             sfr24        00000
__Lsfr25                             sfr25        00000
__Lsfr26                             sfr26        00000
__Lsfr27                             sfr27        00000
__Lsfr28                             sfr28        00000
__Lsfr29                             sfr29        00000
__Lsfr3                              sfr3         00000
__Lsfr30                             sfr30        00000
__Lsfr31                             sfr31        00000
__Lsfr4                              sfr4         00000
__Lsfr5                              sfr5         00000
__Lsfr6                              sfr6         00000
__Lsfr7                              sfr7         00000
__Lsfr8                              sfr8         00000
__Lsfr9                              sfr9         00000
__Lspace_0                           (abs)        00000
__Lspace_1                           (abs)        00000
__Lspace_2                           (abs)        00000
__Lspace_3                           (abs)        00000
__Lstack                             stack        00000
__Lstrings                           strings      00000
__Lstringtext                        stringtext   00000
__Ltext                              text         00000
__S0                                 (abs)        0800C
__S1                                 (abs)        0007D
__S2                                 (abs)        00000
__S3                                 (abs)        00000
___int_sp                            stack        00000
___latbits                           (abs)        00002
___lwdiv                             text14       00676
___lwdiv@counter                     cstackBANK0  00027
___lwdiv@dividend                    cstackBANK0  00022
___lwdiv@divisor                     cstackBANK0  00020
___lwdiv@quotient                    cstackBANK0  00025
___lwmod                             text13       006AB
___lwmod@counter                     cstackBANK0  0002D
___lwmod@dividend                    cstackBANK0  0002A
___lwmod@divisor                     cstackBANK0  00028
___sp                                stack        00000
___wmul                              text15       00741
___wmul@multiplicand                 cstackBANK0  00022
___wmul@multiplier                   cstackBANK0  00020
___wmul@product                      cstackBANK0  00024
__end_of_EMC1001_PrintInfo           text7        002DF
__end_of_EMC1001_PrintTemp           text6        005AE
__end_of_EMC1001_Read                text16       00676
__end_of_EUSART_Initialize           text5        007F1
__end_of_EUSART_Write                text12       007FB
__end_of_I2C2_BusCollisionISR        text24       007FC
__end_of_I2C2_FunctionComplete       text23       007CE
__end_of_I2C2_ISR                    text21       00567
__end_of_I2C2_Initialize             text4        00775
__end_of_I2C2_MasterReadTRBBuild     text19       00700
__end_of_I2C2_MasterTRBInsert        text18       0063A
__end_of_I2C2_MasterWriteTRBBuild    text17       00741
__end_of_I2C2_Stop                   text22       007A5
__end_of_INTERRUPT_InterruptManager  intentry     0001B
__end_of_OSCILLATOR_Initialize       text3        01000
__end_of_PIN_MANAGER_Initialize      text2        005F4
__end_of_SYSTEM_Initialize           text1        007DA
__end_of___lwdiv                     text14       006AB
__end_of___lwmod                     text13       006D8
__end_of___wmul                      text15       0075D
__end_of__initialization             cinit        0002A
__end_of_cputs                       text9        007BC
__end_of_dpowers                     stringtext   002E9
__end_of_hexpowers                   stringtext   002F1
__end_of_main                        maintext     00721
__end_of_printf                      text10       0018F
__end_of_putch                       text11       00FF1
__end_of_puts                        text8        007E6
__initialization                     cinit        0001D
__pbssBANK0                          bssBANK0     0004C
__pbssCOMMON                         bssCOMMON    00077
__pcstackBANK0                       cstackBANK0  00020
__pcstackCOMMON                      cstackCOMMON 00070
__pintentry                          intentry     00004
__pmaintext                          maintext     00700
__pstringtext                        stringtext   002DF
__pswtext1                           swtext1      00775
__ptext1                             text1        007CE
__ptext10                            text10       0002E
__ptext11                            text11       00FEB
__ptext12                            text12       007F1
__ptext13                            text13       006AB
__ptext14                            text14       00676
__ptext15                            text15       00741
__ptext16                            text16       0063A
__ptext17                            text17       00721
__ptext18                            text18       005F4
__ptext19                            text19       006D8
__ptext2                             text2        005AE
__ptext21                            text21       0042D
__ptext22                            text22       0078D
__ptext23                            text23       007BC
__ptext24                            text24       007FB
__ptext3                             text3        00FF7
__ptext4                             text4        0075D
__ptext5                             text5        007E6
__ptext6                             text6        00567
__ptext7                             text7        0018F
__ptext8                             text8        007DA
__ptext9                             text9        007A5
__size_of_EMC1001_PrintInfo          (abs)        00000
__size_of_EMC1001_PrintTemp          (abs)        00000
__size_of_EMC1001_Read               (abs)        00000
__size_of_EUSART_Initialize          (abs)        00000
__size_of_EUSART_Write               (abs)        00000
__size_of_I2C2_BusCollisionISR       (abs)        00000
__size_of_I2C2_FunctionComplete      (abs)        00000
__size_of_I2C2_ISR                   (abs)        00000
__size_of_I2C2_Initialize            (abs)        00000
__size_of_I2C2_MasterReadTRBBuild    (abs)        00000
__size_of_I2C2_MasterTRBInsert       (abs)        00000
__size_of_I2C2_MasterWriteTRBBuild   (abs)        00000
__size_of_I2C2_Stop                  (abs)        00000
__size_of_INTERRUPT_InterruptManager (abs)        00000
__size_of_OSCILLATOR_Initialize      (abs)        00000
__size_of_PIN_MANAGER_Initialize     (abs)        00000
__size_of_SYSTEM_Initialize          (abs)        00000
__size_of___lwdiv                    (abs)        00000
__size_of___lwmod                    (abs)        00000
__size_of___wmul                     (abs)        00000
__size_of_cputs                      (abs)        00000
__size_of_main                       (abs)        00000
__size_of_printf                     (abs)        00000
__size_of_putch                      (abs)        00000
__size_of_puts                       (abs)        00000
_cputs                               text9        007A5
_dpowers                             stringtext   002DF
_hexpowers                           stringtext   002E9
_i2c2_object                         bssBANK0     0004C
_i2c2_state                          bssBANK0     00051
_i2c2_tr_queue                       bssBANK0     00062
_i2c2_trb_count                      bssCOMMON    0007C
_main                                maintext     00700
_p_i2c2_current                      bssCOMMON    0007A
_p_i2c2_trb_current                  bssCOMMON    0007B
_printf                              text10       0002E
_printf$655                          cstackBANK0  00039
_putch                               text11       00FEB
_puts                                text8        007DA
btemp                                (abs)        0007E
clear_ram0                           clrtext      00FF1
cputs@s                              cstackBANK0  00022
end_of_initialization                cinit        0002A
int$flags                            (abs)        0007E
intlevel0                            functab      00000
intlevel1                            functab      00000
intlevel2                            functab      00000
intlevel3                            functab      00000
intlevel4                            functab      00000
intlevel5                            functab      00000
printf@ap                            cstackBANK0  0003E
printf@c                             cstackBANK0  00042
printf@cp                            cstackBANK0  0003C
printf@f                             cstackBANK0  0002E
printf@flag                          cstackBANK0  0003F
printf@idx                           cstackBANK0  00038
printf@prec                          cstackBANK0  0003B
printf@val                           cstackBANK0  00040
putch@txData                         cstackBANK0  00021
puts@s                               cstackBANK0  00025
reset_vec                            reset_vec    00000
stackhi                              (abs)        023EF
stacklo                              (abs)        02047
start                                init         0001B
start_initialization                 cinit        0001D
wtemp0                               (abs)        0007E


FUNCTION INFORMATION:

 *************** function _main *****************
 Defined at:
		line 94 in file "main.c"
 Parameters:    Size  Location     Type
		None
 Auto vars:     Size  Location     Type
		None
 Return value:  Size  Location     Type
                  1    wreg      void 
 Registers used:
		wreg, fsr0l, fsr0h, fsr1l, fsr1h, status,2, status,0, pclath, cstack
 Tracked objects:
		On entry : 
		On exit  : 
		Unchanged: 
 Data sizes:     COMMON   BANK0   BANK1   BANK2   BANK3   BANK4   BANK5   BANK6   BANK7   BANK8   BANK9  BANK10  BANK11  BANK12
      Params:         0       0       0       0       0       0       0       0       0       0       0       0       0       0
      Locals:         0       0       0       0       0       0       0       0       0       0       0       0       0       0
      Temps:          0       2       0       0       0       0       0       0       0       0       0       0       0       0
      Totals:         0       2       0       0       0       0       0       0       0       0       0       0       0       0
Total ram usage:        2 bytes
 Hardware stack levels required when called:    8
 This function calls:
		_EMC1001_PrintInfo
		_EMC1001_PrintTemp
		_SYSTEM_Initialize
		_printf
 This function is called by:
		Startup code after reset
 This function uses a non-reentrant model


 *************** function _SYSTEM_Initialize *****************
 Defined at:
		line 82 in file "mcc_generated_files/mcc.c"
 Parameters:    Size  Location     Type
		None
 Auto vars:     Size  Location     Type
		None
 Return value:  Size  Location     Type
                  1    wreg      void 
 Registers used:
		wreg, status,2, status,0, pclath, cstack
 Tracked objects:
		On entry : 
		On exit  : 
		Unchanged: 
 Data sizes:     COMMON   BANK0   BANK1   BANK2   BANK3   BANK4   BANK5   BANK6   BANK7   BANK8   BANK9  BANK10  BANK11  BANK12
      Params:         0       0       0       0       0       0       0       0       0       0       0       0       0       0
      Locals:         0       0       0       0       0       0       0       0       0       0       0       0       0       0
      Temps:          0       0       0       0       0       0       0       0       0       0       0       0       0       0
      Totals:         0       0       0       0       0       0       0       0       0       0       0       0       0       0
Total ram usage:        0 bytes
 Hardware stack levels used:    1
 Hardware stack levels required when called:    4
 This function calls:
		_EUSART_Initialize
		_I2C2_Initialize
		_OSCILLATOR_Initialize
		_PIN_MANAGER_Initialize
 This function is called by:
		_main
 This function uses a non-reentrant model


 *************** function _PIN_MANAGER_Initialize *****************
 Defined at:
		line 50 in file "mcc_generated_files/pin_manager.c"
 Parameters:    Size  Location     Type
		None
 Auto vars:     Size  Location     Type
  state           1    0[BANK0 ] unsigned char 
 Return value:  Size  Location     Type
                  1    wreg      void 
 Registers used:
		wreg, status,2, status,0
 Tracked objects:
		On entry : 
		On exit  : 
		Unchanged: 
 Data sizes:     COMMON   BANK0   BANK1   BANK2   BANK3   BANK4   BANK5   BANK6   BANK7   BANK8   BANK9  BANK10  BANK11  BANK12
      Params:         0       0       0       0       0       0       0       0       0       0       0       0       0       0
      Locals:         0       1       0       0       0       0       0       0       0       0       0       0       0       0
      Temps:          0       0       0       0       0       0       0       0       0       0       0       0       0       0
      Totals:         0       1       0       0       0       0       0       0       0       0       0       0       0       0
Total ram usage:        1 bytes
 Hardware stack levels used:    1
 Hardware stack levels required when called:    3
 This function calls:
		Nothing
 This function is called by:
		_SYSTEM_Initialize
 This function uses a non-reentrant model


 *************** function _OSCILLATOR_Initialize *****************
 Defined at:
		line 91 in file "mcc_generated_files/mcc.c"
 Parameters:    Size  Location     Type
		None
 Auto vars:     Size  Location     Type
		None
 Return value:  Size  Location     Type
                  1    wreg      void 
 Registers used:
		wreg, status,2
 Tracked objects:
		On entry : 
		On exit  : 
		Unchanged: 
 Data sizes:     COMMON   BANK0   BANK1   BANK2   BANK3   BANK4   BANK5   BANK6   BANK7   BANK8   BANK9  BANK10  BANK11  BANK12
      Params:         0       0       0       0       0       0       0       0       0       0       0       0       0       0
      Locals:         0       0       0       0       0       0       0       0       0       0       0       0       0       0
      Temps:          0       0       0       0       0       0       0       0       0       0       0       0       0       0
      Totals:         0       0       0       0       0       0       0       0       0       0       0       0       0       0
Total ram usage:        0 bytes
 Hardware stack levels used:    1
 Hardware stack levels required when called:    3
 This function calls:
		Nothing
 This function is called by:
		_SYSTEM_Initialize
 This function uses a non-reentrant model


 *************** function _I2C2_Initialize *****************
 Defined at:
		line 198 in file "mcc_generated_files/i2c2.c"
 Parameters:    Size  Location     Type
		None
 Auto vars:     Size  Location     Type
		None
 Return value:  Size  Location     Type
                  1    wreg      void 
 Registers used:
		wreg, status,2
 Tracked objects:
		On entry : 
		On exit  : 
		Unchanged: 
 Data sizes:     COMMON   BANK0   BANK1   BANK2   BANK3   BANK4   BANK5   BANK6   BANK7   BANK8   BANK9  BANK10  BANK11  BANK12
      Params:         0       0       0       0       0       0       0       0       0       0       0       0       0       0
      Locals:         0       0       0       0       0       0       0       0       0       0       0       0       0       0
      Temps:          0       1       0       0       0       0       0       0       0       0       0       0       0       0
      Totals:         0       1       0       0       0       0       0       0       0       0       0       0       0       0
Total ram usage:        1 bytes
 Hardware stack levels used:    1
 Hardware stack levels required when called:    3
 This function calls:
		Nothing
 This function is called by:
		_SYSTEM_Initialize
 This function uses a non-reentrant model


 *************** function _EUSART_Initialize *****************
 Defined at:
		line 55 in file "mcc_generated_files/eusart.c"
 Parameters:    Size  Location     Type
		None
 Auto vars:     Size  Location     Type
		None
 Return value:  Size  Location     Type
                  1    wreg      void 
 Registers used:
		wreg, status,2
 Tracked objects:
		On entry : 
		On exit  : 
		Unchanged: 
 Data sizes:     COMMON   BANK0   BANK1   BANK2   BANK3   BANK4   BANK5   BANK6   BANK7   BANK8   BANK9  BANK10  BANK11  BANK12
      Params:         0       0       0       0       0       0       0       0       0       0       0       0       0       0
      Locals:         0       0       0       0       0       0       0       0       0       0       0       0       0       0
      Temps:          0       0       0       0       0       0       0       0       0       0       0       0       0       0
      Totals:         0       0       0       0       0       0       0       0       0       0       0       0       0       0
Total ram usage:        0 bytes
 Hardware stack levels used:    1
 Hardware stack levels required when called:    3
 This function calls:
		Nothing
 This function is called by:
		_SYSTEM_Initialize
 This function uses a non-reentrant model


 *************** function _EMC1001_PrintTemp *****************
 Defined at:
		line 79 in file "main.c"
 Parameters:    Size  Location     Type
		None
 Auto vars:     Size  Location     Type
  templo          1   38[BANK0 ] unsigned char 
  temp            1   37[BANK0 ] char 
 Return value:  Size  Location     Type
                  1    wreg      void 
 Registers used:
		wreg, fsr0l, fsr0h, fsr1l, fsr1h, status,2, status,0, pclath, cstack
 Tracked objects:
		On entry : 
		On exit  : 
		Unchanged: 
 Data sizes:     COMMON   BANK0   BANK1   BANK2   BANK3   BANK4   BANK5   BANK6   BANK7   BANK8   BANK9  BANK10  BANK11  BANK12
      Params:         0       0       0       0       0       0       0       0       0       0       0       0       0       0
      Locals:         0       2       0       0       0       0       0       0       0       0       0       0       0       0
      Temps:          0       2       0       0       0       0       0       0       0       0       0       0       0       0
      Totals:         0       4       0       0       0       0       0       0       0       0       0       0       0       0
Total ram usage:        4 bytes
 Hardware stack levels used:    1
 Hardware stack levels required when called:    6
 This function calls:
		_EMC1001_Read
		___wmul
		_printf
 This function is called by:
		_main
 This function uses a non-reentrant model


 *************** function _EMC1001_PrintInfo *****************
 Defined at:
		line 41 in file "main.c"
 Parameters:    Size  Location     Type
		None
 Auto vars:     Size  Location     Type
  data            1   41[BANK0 ] unsigned char 
  templo          1   40[BANK0 ] unsigned char 
  temp            1   39[BANK0 ] char 
 Return value:  Size  Location     Type
                  1    wreg      void 
 Registers used:
		wreg, fsr0l, fsr0h, fsr1l, fsr1h, status,2, status,0, pclath, cstack
 Tracked objects:
		On entry : 
		On exit  : 
		Unchanged: 
 Data sizes:     COMMON   BANK0   BANK1   BANK2   BANK3   BANK4   BANK5   BANK6   BANK7   BANK8   BANK9  BANK10  BANK11  BANK12
      Params:         0       0       0       0       0       0       0       0       0       0       0       0       0       0
      Locals:         0       5       0       0       0       0       0       0       0       0       0       0       0       0
      Temps:          0       2       0       0       0       0       0       0       0       0       0       0       0       0
      Totals:         0       7       0       0       0       0       0       0       0       0       0       0       0       0
Total ram usage:        7 bytes
 Hardware stack levels used:    1
 Hardware stack levels required when called:    7
 This function calls:
		_EMC1001_Read
		___wmul
		_printf
		_puts
 This function is called by:
		_main
 This function uses a non-reentrant model


 *************** function _puts *****************
 Defined at:
		line 8 in file "/opt/microchip/xc8/v1.41/sources/common/puts.c"
 Parameters:    Size  Location     Type
  s               2    5[BANK0 ] PTR const unsigned char 
		 -> STR_13(2), STR_7(2), STR_1(43), 
 Auto vars:     Size  Location     Type
		None
 Return value:  Size  Location     Type
                  2    5[BANK0 ] int 
 Registers used:
		wreg, fsr0l, fsr0h, status,2, status,0, pclath, cstack
 Tracked objects:
		On entry : 
		On exit  : 
		Unchanged: 
 Data sizes:     COMMON   BANK0   BANK1   BANK2   BANK3   BANK4   BANK5   BANK6   BANK7   BANK8   BANK9  BANK10  BANK11  BANK12
      Params:         0       2       0       0       0       0       0       0       0       0       0       0       0       0
      Locals:         0       0       0       0       0       0       0       0       0       0       0       0       0       0
      Temps:          0       0       0       0       0       0       0       0       0       0       0       0       0       0
      Totals:         0       2       0       0       0       0       0       0       0       0       0       0       0       0
Total ram usage:        2 bytes
 Hardware stack levels used:    1
 Hardware stack levels required when called:    6
 This function calls:
		_cputs
		_putch
 This function is called by:
		_EMC1001_PrintInfo
 This function uses a non-reentrant model


 *************** function _cputs *****************
 Defined at:
		line 4 in file "/opt/microchip/xc8/v1.41/sources/common/cputs.c"
 Parameters:    Size  Location     Type
  s               2    2[BANK0 ] PTR const unsigned char 
		 -> STR_13(2), STR_7(2), STR_1(43), 
 Auto vars:     Size  Location     Type
		None
 Return value:  Size  Location     Type
                  1    wreg      void 
 Registers used:
		wreg, fsr0l, fsr0h, status,2, status,0, pclath, cstack
 Tracked objects:
		On entry : 
		On exit  : 
		Unchanged: 
 Data sizes:     COMMON   BANK0   BANK1   BANK2   BANK3   BANK4   BANK5   BANK6   BANK7   BANK8   BANK9  BANK10  BANK11  BANK12
      Params:         0       2       0       0       0       0       0       0       0       0       0       0       0       0
      Locals:         0       0       0       0       0       0       0       0       0       0       0       0       0       0
      Temps:          0       1       0       0       0       0       0       0       0       0       0       0       0       0
      Totals:         0       3       0       0       0       0       0       0       0       0       0       0       0       0
Total ram usage:        3 bytes
 Hardware stack levels used:    1
 Hardware stack levels required when called:    5
 This function calls:
		_putch
 This function is called by:
		_puts
 This function uses a non-reentrant model


 *************** function _printf *****************
 Defined at:
		line 464 in file "/opt/microchip/xc8/v1.41/sources/common/doprnt.c"
 Parameters:    Size  Location     Type
  f               2   14[BANK0 ] PTR const unsigned char 
		 -> STR_15(2), STR_14(30), STR_12(26), STR_11(22), 
		 -> STR_10(32), STR_9(33), STR_8(21), STR_6(16), 
		 -> STR_5(23), STR_2(24), 
 Auto vars:     Size  Location     Type
  idx             1   24[BANK0 ] unsigned char 
  tmpval          4    0        struct .
  val             2   32[BANK0 ] unsigned int 
  cp              2   28[BANK0 ] PTR const unsigned char 
		 -> STR_16(7), STR_4(1), STR_3(3), I2C2_ISR@i2c_address(2), 
  len             2    0        unsigned int 
  c               1   34[BANK0 ] char 
  flag            1   31[BANK0 ] unsigned char 
  ap              1   30[BANK0 ] PTR void [1]
		 -> ?_printf(2), 
  prec            1   27[BANK0 ] char 
 Return value:  Size  Location     Type
                  2   14[BANK0 ] int 
 Registers used:
		wreg, fsr0l, fsr0h, fsr1l, fsr1h, status,2, status,0, pclath, cstack
 Tracked objects:
		On entry : 
		On exit  : 
		Unchanged: 
 Data sizes:     COMMON   BANK0   BANK1   BANK2   BANK3   BANK4   BANK5   BANK6   BANK7   BANK8   BANK9  BANK10  BANK11  BANK12
      Params:         0       6       0       0       0       0       0       0       0       0       0       0       0       0
      Locals:         0      11       0       0       0       0       0       0       0       0       0       0       0       0
      Temps:          0       4       0       0       0       0       0       0       0       0       0       0       0       0
      Totals:         0      21       0       0       0       0       0       0       0       0       0       0       0       0
Total ram usage:       21 bytes
 Hardware stack levels used:    1
 Hardware stack levels required when called:    5
 This function calls:
		___lwdiv
		___lwmod
		_putch
 This function is called by:
		_EMC1001_PrintInfo
		_EMC1001_PrintTemp
		_main
 This function uses a non-reentrant model


 *************** function _putch *****************
 Defined at:
		line 111 in file "mcc_generated_files/eusart.c"
 Parameters:    Size  Location     Type
  txData          1    wreg     unsigned char 
 Auto vars:     Size  Location     Type
  txData          1    1[BANK0 ] unsigned char 
 Return value:  Size  Location     Type
                  1    wreg      void 
 Registers used:
		wreg, status,2, status,0, pclath, cstack
 Tracked objects:
		On entry : 
		On exit  : 
		Unchanged: 
 Data sizes:     COMMON   BANK0   BANK1   BANK2   BANK3   BANK4   BANK5   BANK6   BANK7   BANK8   BANK9  BANK10  BANK11  BANK12
      Params:         0       0       0       0       0       0       0       0       0       0       0       0       0       0
      Locals:         0       1       0       0       0       0       0       0       0       0       0       0       0       0
      Temps:          0       0       0       0       0       0       0       0       0       0       0       0       0       0
      Totals:         0       1       0       0       0       0       0       0       0       0       0       0       0       0
Total ram usage:        1 bytes
 Hardware stack levels used:    1
 Hardware stack levels required when called:    4
 This function calls:
		_EUSART_Write
 This function is called by:
		_printf
		_puts
		_cputs
 This function uses a non-reentrant model


 *************** function _EUSART_Write *****************
 Defined at:
		line 97 in file "mcc_generated_files/eusart.c"
 Parameters:    Size  Location     Type
  txData          1    wreg     unsigned char 
 Auto vars:     Size  Location     Type
  txData          1    0[BANK0 ] unsigned char 
 Return value:  Size  Location     Type
                  1    wreg      void 
 Registers used:
		wreg
 Tracked objects:
		On entry : 
		On exit  : 
		Unchanged: 
 Data sizes:     COMMON   BANK0   BANK1   BANK2   BANK3   BANK4   BANK5   BANK6   BANK7   BANK8   BANK9  BANK10  BANK11  BANK12
      Params:         0       0       0       0       0       0       0       0       0       0       0       0       0       0
      Locals:         0       1       0       0       0       0       0       0       0       0       0       0       0       0
      Temps:          0       0       0       0       0       0       0       0       0       0       0       0       0       0
      Totals:         0       1       0       0       0       0       0       0       0       0       0       0       0       0
Total ram usage:        1 bytes
 Hardware stack levels used:    1
 Hardware stack levels required when called:    3
 This function calls:
		Nothing
 This function is called by:
		_putch
 This function uses a non-reentrant model


 *************** function ___lwmod *****************
 Defined at:
		line 6 in file "/opt/microchip/xc8/v1.41/sources/common/lwmod.c"
 Parameters:    Size  Location     Type
  divisor         2    8[BANK0 ] unsigned int 
  dividend        2   10[BANK0 ] unsigned int 
 Auto vars:     Size  Location     Type
  counter         1   13[BANK0 ] unsigned char 
 Return value:  Size  Location     Type
                  2    8[BANK0 ] unsigned int 
 Registers used:
		wreg, status,2, status,0
 Tracked objects:
		On entry : 
		On exit  : 
		Unchanged: 
 Data sizes:     COMMON   BANK0   BANK1   BANK2   BANK3   BANK4   BANK5   BANK6   BANK7   BANK8   BANK9  BANK10  BANK11  BANK12
      Params:         0       4       0       0       0       0       0       0       0       0       0       0       0       0
      Locals:         0       1       0       0       0       0       0       0       0       0       0       0       0       0
      Temps:          0       1       0       0       0       0       0       0       0       0       0       0       0       0
      Totals:         0       6       0       0       0       0       0       0       0       0       0       0       0       0
Total ram usage:        6 bytes
 Hardware stack levels used:    1
 Hardware stack levels required when called:    3
 This function calls:
		Nothing
 This function is called by:
		_printf
 This function uses a non-reentrant model


 *************** function ___lwdiv *****************
 Defined at:
		line 6 in file "/opt/microchip/xc8/v1.41/sources/common/lwdiv.c"
 Parameters:    Size  Location     Type
  divisor         2    0[BANK0 ] unsigned int 
  dividend        2    2[BANK0 ] unsigned int 
 Auto vars:     Size  Location     Type
  quotient        2    5[BANK0 ] unsigned int 
  counter         1    7[BANK0 ] unsigned char 
 Return value:  Size  Location     Type
                  2    0[BANK0 ] unsigned int 
 Registers used:
		wreg, status,2, status,0
 Tracked objects:
		On entry : 
		On exit  : 
		Unchanged: 
 Data sizes:     COMMON   BANK0   BANK1   BANK2   BANK3   BANK4   BANK5   BANK6   BANK7   BANK8   BANK9  BANK10  BANK11  BANK12
      Params:         0       4       0       0       0       0       0       0       0       0       0       0       0       0
      Locals:         0       3       0       0       0       0       0       0       0       0       0       0       0       0
      Temps:          0       1       0       0       0       0       0       0       0       0       0       0       0       0
      Totals:         0       8       0       0       0       0       0       0       0       0       0       0       0       0
Total ram usage:        8 bytes
 Hardware stack levels used:    1
 Hardware stack levels required when called:    3
 This function calls:
		Nothing
 This function is called by:
		_printf
 This function uses a non-reentrant model


 *************** function ___wmul *****************
 Defined at:
		line 15 in file "/opt/microchip/xc8/v1.41/sources/common/Umul16.c"
 Parameters:    Size  Location     Type
  multiplier      2    0[BANK0 ] unsigned int 
  multiplicand    2    2[BANK0 ] unsigned int 
 Auto vars:     Size  Location     Type
  product         2    4[BANK0 ] unsigned int 
 Return value:  Size  Location     Type
                  2    0[BANK0 ] unsigned int 
 Registers used:
		wreg, status,2, status,0
 Tracked objects:
		On entry : 
		On exit  : 
		Unchanged: 
 Data sizes:     COMMON   BANK0   BANK1   BANK2   BANK3   BANK4   BANK5   BANK6   BANK7   BANK8   BANK9  BANK10  BANK11  BANK12
      Params:         0       4       0       0       0       0       0       0       0       0       0       0       0       0
      Locals:         0       2       0       0       0       0       0       0       0       0       0       0       0       0
      Temps:          0       0       0       0       0       0       0       0       0       0       0       0       0       0
      Totals:         0       6       0       0       0       0       0       0       0       0       0       0       0       0
Total ram usage:        6 bytes
 Hardware stack levels used:    1
 Hardware stack levels required when called:    3
 This function calls:
		Nothing
 This function is called by:
		_EMC1001_PrintInfo
		_EMC1001_PrintTemp
 This function uses a non-reentrant model


 *************** function _EMC1001_Read *****************
 Defined at:
		line 26 in file "main.c"
 Parameters:    Size  Location     Type
  reg             1    wreg     unsigned char 
  pData           1    7[BANK0 ] PTR unsigned char 
		 -> EMC1001_PrintTemp@templo(1), EMC1001_PrintTemp@temp(1), EMC1001_PrintInfo@templo(1), EMC1001_PrintInfo@temp(1), 
		 -> EMC1001_PrintInfo@data(1), 
 Auto vars:     Size  Location     Type
  reg             1   10[BANK0 ] unsigned char 
  status          1   11[BANK0 ] enum E14334
 Return value:  Size  Location     Type
                  1    wreg      unsigned char 
 Registers used:
		wreg, fsr1l, fsr1h, status,2, status,0, pclath, cstack
 Tracked objects:
		On entry : 
		On exit  : 
		Unchanged: 
 Data sizes:     COMMON   BANK0   BANK1   BANK2   BANK3   BANK4   BANK5   BANK6   BANK7   BANK8   BANK9  BANK10  BANK11  BANK12
      Params:         0       1       0       0       0       0       0       0       0       0       0       0       0       0
      Locals:         0       2       0       0       0       0       0       0       0       0       0       0       0       0
      Temps:          0       2       0       0       0       0       0       0       0       0       0       0       0       0
      Totals:         0       5       0       0       0       0       0       0       0       0       0       0       0       0
Total ram usage:        5 bytes
 Hardware stack levels used:    1
 Hardware stack levels required when called:    4
 This function calls:
		_I2C2_MasterReadTRBBuild
		_I2C2_MasterTRBInsert
		_I2C2_MasterWriteTRBBuild
 This function is called by:
		_EMC1001_PrintInfo
		_EMC1001_PrintTemp
 This function uses a non-reentrant model


 *************** function _I2C2_MasterWriteTRBBuild *****************
 Defined at:
		line 707 in file "mcc_generated_files/i2c2.c"
 Parameters:    Size  Location     Type
  ptrb            1    wreg     PTR struct .
		 -> EMC1001_Read@trb(8), I2C2_MasterWrite@trBlock(4), 
  pdata           1    0[BANK0 ] PTR unsigned char 
		 -> EMC1001_Read@reg(1), 
  length          1    1[BANK0 ] unsigned char 
  address         2    2[BANK0 ] unsigned int 
 Auto vars:     Size  Location     Type
  ptrb            1    6[BANK0 ] PTR struct .
		 -> EMC1001_Read@trb(8), I2C2_MasterWrite@trBlock(4), 
 Return value:  Size  Location     Type
                  1    wreg      void 
 Registers used:
		wreg, fsr1l, fsr1h, status,2, status,0
 Tracked objects:
		On entry : 
		On exit  : 
		Unchanged: 
 Data sizes:     COMMON   BANK0   BANK1   BANK2   BANK3   BANK4   BANK5   BANK6   BANK7   BANK8   BANK9  BANK10  BANK11  BANK12
      Params:         0       4       0       0       0       0       0       0       0       0       0       0       0       0
      Locals:         0       1       0       0       0       0       0       0       0       0       0       0       0       0
      Temps:          0       2       0       0       0       0       0       0       0       0       0       0       0       0
      Totals:         0       7       0       0       0       0       0       0       0       0       0       0       0       0
Total ram usage:        7 bytes
 Hardware stack levels used:    1
 Hardware stack levels required when called:    3
 This function calls:
		Nothing
 This function is called by:
		_EMC1001_Read
		_I2C2_MasterWrite
 This function uses a non-reentrant model


 *************** function _I2C2_MasterTRBInsert *****************
 Defined at:
		line 641 in file "mcc_generated_files/i2c2.c"
 Parameters:    Size  Location     Type
  count           1    wreg     unsigned char 
  ptrb_list       1    0[BANK0 ] PTR struct .
		 -> EMC1001_Read@trb(8), I2C2_MasterRead@trBlock(4), I2C2_MasterWrite@trBlock(4), 
  pflag           1    1[BANK0 ] PTR enum E14260
		 -> EMC1001_Read@status(1), 
 Auto vars:     Size  Location     Type
  count           1    3[BANK0 ] unsigned char 
 Return value:  Size  Location     Type
                  1    wreg      void 
 Registers used:
		wreg, fsr1l, fsr1h, status,2, status,0
 Tracked objects:
		On entry : 
		On exit  : 
		Unchanged: 
 Data sizes:     COMMON   BANK0   BANK1   BANK2   BANK3   BANK4   BANK5   BANK6   BANK7   BANK8   BANK9  BANK10  BANK11  BANK12
      Params:         0       2       0       0       0       0       0       0       0       0       0       0       0       0
      Locals:         0       1       0       0       0       0       0       0       0       0       0       0       0       0
      Temps:          0       1       0       0       0       0       0       0       0       0       0       0       0       0
      Totals:         0       4       0       0       0       0       0       0       0       0       0       0       0       0
Total ram usage:        4 bytes
 Hardware stack levels used:    1
 Hardware stack levels required when called:    3
 This function calls:
		Nothing
 This function is called by:
		_EMC1001_Read
		_I2C2_MasterWrite
		_I2C2_MasterRead
 This function uses a non-reentrant model


 *************** function _I2C2_MasterReadTRBBuild *****************
 Defined at:
		line 694 in file "mcc_generated_files/i2c2.c"
 Parameters:    Size  Location     Type
  ptrb            1    wreg     PTR struct .
		 -> EMC1001_Read@trb(8), I2C2_MasterRead@trBlock(4), 
  pdata           1    0[BANK0 ] PTR unsigned char 
		 -> EMC1001_PrintTemp@templo(1), EMC1001_PrintTemp@temp(1), EMC1001_PrintInfo@templo(1), EMC1001_PrintInfo@temp(1), 
		 -> EMC1001_PrintInfo@data(1), 
  length          1    1[BANK0 ] unsigned char 
  address         2    2[BANK0 ] unsigned int 
 Auto vars:     Size  Location     Type
  ptrb            1    6[BANK0 ] PTR struct .
		 -> EMC1001_Read@trb(8), I2C2_MasterRead@trBlock(4), 
 Return value:  Size  Location     Type
                  1    wreg      void 
 Registers used:
		wreg, fsr1l, fsr1h, status,2, status,0
 Tracked objects:
		On entry : 
		On exit  : 
		Unchanged: 
 Data sizes:     COMMON   BANK0   BANK1   BANK2   BANK3   BANK4   BANK5   BANK6   BANK7   BANK8   BANK9  BANK10  BANK11  BANK12
      Params:         0       4       0       0       0       0       0       0       0       0       0       0       0       0
      Locals:         0       1       0       0       0       0       0       0       0       0       0       0       0       0
      Temps:          0       2       0       0       0       0       0       0       0       0       0       0       0       0
      Totals:         0       7       0       0       0       0       0       0       0       0       0       0       0       0
Total ram usage:        7 bytes
 Hardware stack levels used:    1
 Hardware stack levels required when called:    3
 This function calls:
		Nothing
 This function is called by:
		_EMC1001_Read
		_I2C2_MasterRead
 This function uses a non-reentrant model


 *************** function _INTERRUPT_InterruptManager *****************
 Defined at:
		line 51 in file "mcc_generated_files/interrupt_manager.c"
 Parameters:    Size  Location     Type
		None
 Auto vars:     Size  Location     Type
		None
 Return value:  Size  Location     Type
                  1    wreg      void 
 Registers used:
		wreg, fsr0l, fsr0h, fsr1l, fsr1h, status,2, status,0, pclath, cstack
 Tracked objects:
		On entry : 
		On exit  : 
		Unchanged: 
 Data sizes:     COMMON   BANK0   BANK1   BANK2   BANK3   BANK4   BANK5   BANK6   BANK7   BANK8   BANK9  BANK10  BANK11  BANK12
      Params:         0       0       0       0       0       0       0       0       0       0       0       0       0       0
      Locals:         0       0       0       0       0       0       0       0       0       0       0       0       0       0
      Temps:          1       0       0       0       0       0       0       0       0       0       0       0       0       0
      Totals:         1       0       0       0       0       0       0       0       0       0       0       0       0       0
Total ram usage:        1 bytes
 Hardware stack levels used:    1
 Hardware stack levels required when called:    2
 This function calls:
		_I2C2_BusCollisionISR
		_I2C2_ISR
 This function is called by:
		Interrupt level 1
 This function uses a non-reentrant model


 *************** function _I2C2_ISR *****************
 Defined at:
		line 233 in file "mcc_generated_files/i2c2.c"
 Parameters:    Size  Location     Type
		None
 Auto vars:     Size  Location     Type
		None
 Return value:  Size  Location     Type
                  1    wreg      void 
 Registers used:
		wreg, fsr0l, fsr0h, fsr1l, fsr1h, status,2, status,0, pclath, cstack
 Tracked objects:
		On entry : 
		On exit  : 
		Unchanged: 
 Data sizes:     COMMON   BANK0   BANK1   BANK2   BANK3   BANK4   BANK5   BANK6   BANK7   BANK8   BANK9  BANK10  BANK11  BANK12
      Params:         0       0       0       0       0       0       0       0       0       0       0       0       0       0
      Locals:         0       0       0       0       0       0       0       0       0       0       0       0       0       0
      Temps:          4       0       0       0       0       0       0       0       0       0       0       0       0       0
      Totals:         4       0       0       0       0       0       0       0       0       0       0       0       0       0
Total ram usage:        4 bytes
 Hardware stack levels used:    1
 Hardware stack levels required when called:    1
 This function calls:
		_I2C2_FunctionComplete
		_I2C2_Stop
 This function is called by:
		_INTERRUPT_InterruptManager
 This function uses a non-reentrant model


 *************** function _I2C2_Stop *****************
 Defined at:
		line 581 in file "mcc_generated_files/i2c2.c"
 Parameters:    Size  Location     Type
  completion_c    1    wreg     enum E14260
 Auto vars:     Size  Location     Type
  completion_c    1    1[COMMON] enum E14260
 Return value:  Size  Location     Type
                  1    wreg      void 
 Registers used:
		wreg, fsr1l, fsr1h, status,2, status,0
 Tracked objects:
		On entry : 
		On exit  : 
		Unchanged: 
 Data sizes:     COMMON   BANK0   BANK1   BANK2   BANK3   BANK4   BANK5   BANK6   BANK7   BANK8   BANK9  BANK10  BANK11  BANK12
      Params:         0       0       0       0       0       0       0       0       0       0       0       0       0       0
      Locals:         1       0       0       0       0       0       0       0       0       0       0       0       0       0
      Temps:          1       0       0       0       0       0       0       0       0       0       0       0       0       0
      Totals:         2       0       0       0       0       0       0       0       0       0       0       0       0       0
Total ram usage:        2 bytes
 Hardware stack levels used:    1
 This function calls:
		Nothing
 This function is called by:
		_I2C2_ISR
 This function uses a non-reentrant model


 *************** function _I2C2_FunctionComplete *****************
 Defined at:
		line 563 in file "mcc_generated_files/i2c2.c"
 Parameters:    Size  Location     Type
		None
 Auto vars:     Size  Location     Type
		None
 Return value:  Size  Location     Type
                  1    wreg      void 
 Registers used:
		wreg, status,2, status,0
 Tracked objects:
		On entry : 
		On exit  : 
		Unchanged: 
 Data sizes:     COMMON   BANK0   BANK1   BANK2   BANK3   BANK4   BANK5   BANK6   BANK7   BANK8   BANK9  BANK10  BANK11  BANK12
      Params:         0       0       0       0       0       0       0       0       0       0       0       0       0       0
      Locals:         0       0       0       0       0       0       0       0       0       0       0       0       0       0
      Temps:          1       0       0       0       0       0       0       0       0       0       0       0       0       0
      Totals:         1       0       0       0       0       0       0       0       0       0       0       0       0       0
Total ram usage:        1 bytes
 Hardware stack levels used:    1
 This function calls:
		Nothing
 This function is called by:
		_I2C2_ISR
 This function uses a non-reentrant model


 *************** function _I2C2_BusCollisionISR *****************
 Defined at:
		line 728 in file "mcc_generated_files/i2c2.c"
 Parameters:    Size  Location     Type
		None
 Auto vars:     Size  Location     Type
		None
 Return value:  Size  Location     Type
                  1    wreg      void 
 Registers used:
		None
 Tracked objects:
		On entry : 
		On exit  : 
		Unchanged: 
 Data sizes:     COMMON   BANK0   BANK1   BANK2   BANK3   BANK4   BANK5   BANK6   BANK7   BANK8   BANK9  BANK10  BANK11  BANK12
      Params:         0       0       0       0       0       0       0       0       0       0       0       0       0       0
      Locals:         0       0       0       0       0       0       0       0       0       0       0       0       0       0
      Temps:          0       0       0       0       0       0       0       0       0       0       0       0       0       0
      Totals:         0       0       0       0       0       0       0       0       0       0       0       0       0       0
Total ram usage:        0 bytes
 Hardware stack levels used:    1
 This function calls:
		Nothing
 This function is called by:
		_INTERRUPT_InterruptManager
 This function uses a non-reentrant model



MODULE INFORMATION

Module		Function		Class		Link	Load	Size
/opt/microchip/xc8/v1.41/sources/common/lwdiv.c
		___lwdiv       		CODE           	0676	0000	54

/opt/microchip/xc8/v1.41/sources/common/lwdiv.c estimated size: 54

mcc_generated_files/interrupt_manager.c
		_INTERRUPT_InterruptManager		CODE           	0004	0000	24

mcc_generated_files/interrupt_manager.c estimated size: 24

mcc_generated_files/pin_manager.c
		_PIN_MANAGER_Initialize		CODE           	05AE	0000	71

mcc_generated_files/pin_manager.c estimated size: 71

/opt/microchip/xc8/v1.41/sources/common/doprnt.c
		_printf        		CODE           	002E	0000	354

/opt/microchip/xc8/v1.41/sources/common/doprnt.c estimated size: 354

shared
		_dpowers       		STRCODE        	02DF	0000	11
		__initialization		CODE           	001D	0000	14
		_hexpowers     		STRCODE        	02E9	0000	9

shared estimated size: 34

/opt/microchip/xc8/v1.41/sources/common/cputs.c
		_cputs         		CODE           	07A5	0000	24

/opt/microchip/xc8/v1.41/sources/common/cputs.c estimated size: 24

mcc_generated_files/mcc.c
		_OSCILLATOR_Initialize		CODE           	0FF7	0000	10
		_SYSTEM_Initialize		CODE           	07CE	0000	13

mcc_generated_files/mcc.c estimated size: 23

/opt/microchip/xc8/v1.41/sources/common/lwmod.c
		___lwmod       		CODE           	06AB	0000	46

/opt/microchip/xc8/v1.41/sources/common/lwmod.c estimated size: 46

/opt/microchip/xc8/v1.41/sources/common/puts.c
		_puts          		CODE           	07DA	0000	13

/opt/microchip/xc8/v1.41/sources/common/puts.c estimated size: 13

mcc_generated_files/i2c2.c
		_I2C2_BusCollisionISR		CODE           	07FB	0000	2
		_I2C2_FunctionComplete		CODE           	07BC	0000	19
		_I2C2_MasterWriteTRBBuild		CODE           	0721	0000	33
		_I2C2_ISR      		CODE           	042D	0000	315
		_I2C2_Initialize		CODE           	075D	0000	25
		_I2C2_Stop     		CODE           	078D	0000	25
		_I2C2_MasterReadTRBBuild		CODE           	06D8	0000	41
		_I2C2_MasterTRBInsert		CODE           	05F4	0000	71

mcc_generated_files/i2c2.c estimated size: 531

mcc_generated_files/eusart.c
		_putch         		CODE           	0FEB	0000	7
		_EUSART_Write  		CODE           	07F1	0000	11
		_EUSART_Initialize		CODE           	07E6	0000	12

mcc_generated_files/eusart.c estimated size: 30

/opt/microchip/xc8/v1.41/sources/common/Umul16.c
		___wmul        		CODE           	0741	0000	29

/opt/microchip/xc8/v1.41/sources/common/Umul16.c estimated size: 29

main.c
		_EMC1001_Read  		CODE           	063A	0000	61
		_main          		CODE           	0700	0000	34
		_EMC1001_PrintInfo		CODE           	018F	0000	337
		_EMC1001_PrintTemp		CODE           	0567	0000	72

main.c estimated size: 504

