Microchip MPLAB XC8 Compiler V1.41 ()

Linker command line:

-W-3 --edf=/opt/microchip/xc8/v1.41/dat/en_msgs.txt -cs \
  -h+dist/default/production/PIC16F18875_DemoCHPC.X.production.sym \
  --cmf=dist/default/production/PIC16F18875_DemoCHPC.X.production.cmf -z \
  -Q16F18875 -o/tmp/xcXYWwy3x \
  -Mdist/default/production/PIC16F18875_DemoCHPC.X.production.map -E1 \
  -ver=XC8 -ASTACK=0201Fh-023efh -pstack=STACK -ACODE=00h-07FFhx4 \
  -ASTRCODE=00h-01FFFh -ASTRING=00h-0FFhx32 -ACONST=00h-0FFhx32 \
  -AENTRY=00h-0FFhx32 -ACOMMON=070h-07Fh -ABANK0=020h-06Fh \
  -ABANK1=0A0h-0EFh -ABANK2=0120h-016Fh -ABANK3=01A0h-01EFh \
  -ABANK4=0220h-026Fh -ABANK5=02A0h-02EFh -ABANK6=0320h-036Fh \
  -ABANK7=03A0h-03EFh -ABANK8=0420h-046Fh -ABANK9=04A0h-04EFh \
  -ABANK10=0520h-056Fh -ABANK11=05A0h-05EFh -ABANK12=0620h-064Fh \
  -ABIGRAM=02000h-023EFh \
  -ARAM=020h-06Fh,0A0h-0EFh,0120h-016Fh,01A0h-01EFh,0220h-026Fh,02A0h-02EFh,0320h-036Fh,03A0h-03EFh,0420h-046Fh,04A0h-04EFh,0520h-056Fh,05A0h-05EFh,0620h-064Fh \
  -AABS1=020h-07Fh,0A0h-0EFh,0120h-016Fh,01A0h-01EFh,0220h-026Fh,02A0h-02EFh,0320h-036Fh,03A0h-03EFh,0420h-046Fh,04A0h-04EFh,0520h-056Fh,05A0h-05EFh,0620h-064Fh \
  -ASFR0=00h-01Fh -ASFR1=080h-09Fh -ASFR2=0100h-011Fh -ASFR3=0180h-019Fh \
  -ASFR4=0200h-021Fh -ASFR5=0280h-029Fh -ASFR6=0300h-031Fh \
  -ASFR7=0380h-039Fh -ASFR8=0400h-041Fh -ASFR9=0480h-049Fh \
  -ASFR10=0500h-051Fh -ASFR11=0580h-059Fh -ASFR12=0600h-061Fh \
  -ASFR13=0680h-06EFh -ASFR14=0700h-076Fh -ASFR15=0780h-07EFh \
  -ASFR16=0800h-086Fh -ASFR17=0880h-08EFh -ASFR18=0900h-096Fh \
  -ASFR19=0980h-09EFh -ASFR20=0A00h-0A6Fh -ASFR21=0A80h-0AEFh \
  -ASFR22=0B00h-0B6Fh -ASFR23=0B80h-0BEFh -ASFR24=0C00h-0C6Fh \
  -ASFR25=0C80h-0CEFh -ASFR26=0D00h-0D6Fh -ASFR27=0D80h-0DEFh \
  -ASFR28=0E00h-0E6Fh -ASFR29=0E80h-0EEFh -ASFR30=0F00h-0F6Fh \
  -ASFR31=0F80h-0FEFh -preset_vec=00h,intentry=04h,init,end_init \
  -ppowerup=CODE -pcinit=CODE -pfunctab=CODE -ACONFIG=08007h-0800Bh \
  -pconfig=CONFIG -DCONFIG=2 -AIDLOC=08000h-08003h -pidloc=IDLOC -DIDLOC=2 \
  -AEEDATA=00h-0FFh/0F000h -peeprom_data=EEDATA -DEEDATA=2 -DCODE=2 \
  -DSTRCODE=2 -DSTRING=2 -DCONST=2 -DENTRY=2 -k /tmp/xcXSD3Ov0.obj \
  dist/default/production/PIC16F18875_DemoCHPC.X.production.obj 

Object code version is 3.11

Machine type is 16F18875



                Name                               Link     Load   Length Selector   Space Scale
/tmp/xcXSD3Ov0.obj
                end_init                             14       14        2        8       0
                reset_vec                             0        0        2        0       0
                config                             8007     8007        5    1000E       0
dist/default/production/PIC16F18875_DemoCHPC.X.production.obj
                cinit                                16       16        E        8       0
                intentry                              4        4       10        8       0
                text42                              423      423        1      68C       0
                text41                              2EE      2EE       18        8       0
                text40                              3C7      3C7        D      68C       0
                text38                              380      380       10      68C       0
                text37                              225      225       30        8       0
                text36                              3E9      3E9        9      68C       0
                text35                              420      420        3      68C       0
                text34                              41D      41D        3      68C       0
                text33                              1C2      1C2       33        8       0
                text32                              3D4      3D4        C      68C       0
                text31                              2A2      2A2       1C        8       0
                text30                               75       75       4C        8       0
                text29                              35A      35A       14      68C       0
                text28                              3FE      3FE        6      68C       0
                text27                              282      282       20        8       0
                text26                              31C      31C       16        8       0
                text25                              41A      41A        3      68C       0
                text24                              417      417        3      68C       0
                text23                              414      414        3      68C       0
                text22                              411      411        3      68C       0
                text21                               24       24       51        8       0
                text20                              36E      36E       12      68C       0
                text19                              255      255       2D        8       0
                text18                              2D6      2D6       18        8       0
                text17                              3E0      3E0        9      68C       0
                text16                              148      148       41        8       0
                text15                              3BA      3BA        D      68C       0
                text14                              40E      40E        3      68C       0
                text13                              346      346       14      68C       0
                text12                              306      306       16        8       0
                text11                              39F      39F        E      68C       0
                text10                              3F8      3F8        6      68C       0
                text9                               2BE      2BE       18        8       0
                text8                               40B      40B        3      68C       0
                text7                               408      408        3      68C       0
                text6                               404      404        4      68C       0
                text5                               1F5      1F5       30        8       0
                text4                               189      189       39        8       0
                text3                               105      105       43        8       0
                text2                               390      390        F      68C       0
                text1                               3AD      3AD        D      68C       0
                swtext1                             332      332       14      664       0
                maintext                             C1       C1       44        8       0
                cstackBANK0                          3B       3B        4       20       1
                cstackCOMMON                         70       70        7       70       1
                clrtext                             3F2      3F2        6      68C       0
                bssBANK0                             20       20       17       20       1
                bssCOMMON                            77       77        3       70       1
                nvBANK0                              37       37        4       20       1

TOTAL           Name                               Link     Load   Length     Space
        CLASS   STACK          

        CLASS   CODE           
                end_init                             14       14        2         0
                cinit                                16       16        E         0
                intentry                              4        4       10         0
                reset_vec                             0        0        2         0
                text42                              423      423        1         0
                text41                              2EE      2EE       18         0
                text40                              3C7      3C7        D         0
                text38                              380      380       10         0
                text37                              225      225       30         0
                text36                              3E9      3E9        9         0
                text35                              420      420        3         0
                text34                              41D      41D        3         0
                text33                              1C2      1C2       33         0
                text32                              3D4      3D4        C         0
                text31                              2A2      2A2       1C         0
                text30                               75       75       4C         0
                text29                              35A      35A       14         0
                text28                              3FE      3FE        6         0
                text27                              282      282       20         0
                text26                              31C      31C       16         0
                text25                              41A      41A        3         0
                text24                              417      417        3         0
                text23                              414      414        3         0
                text22                              411      411        3         0
                text21                               24       24       51         0
                text20                              36E      36E       12         0
                text19                              255      255       2D         0
                text18                              2D6      2D6       18         0
                text17                              3E0      3E0        9         0
                text16                              148      148       41         0
                text15                              3BA      3BA        D         0
                text14                              40E      40E        3         0
                text13                              346      346       14         0
                text12                              306      306       16         0
                text11                              39F      39F        E         0
                text10                              3F8      3F8        6         0
                text9                               2BE      2BE       18         0
                text8                               40B      40B        3         0
                text7                               408      408        3         0
                text6                               404      404        4         0
                text5                               1F5      1F5       30         0
                text4                               189      189       39         0
                text3                               105      105       43         0
                text2                               390      390        F         0
                text1                               3AD      3AD        D         0
                maintext                             C1       C1       44         0
                clrtext                             3F2      3F2        6         0

        CLASS   STRCODE        

        CLASS   STRING         

        CLASS   CONST          
                swtext1                             332      332       14         0

        CLASS   ENTRY          

        CLASS   COMMON         
                cstackCOMMON                         70       70        7         1
                bssCOMMON                            77       77        3         1

        CLASS   BANK0          
                cstackBANK0                          3B       3B        4         1
                bssBANK0                             20       20       17         1
                nvBANK0                              37       37        4         1

        CLASS   BANK1          

        CLASS   BANK2          

        CLASS   BANK3          

        CLASS   BANK4          

        CLASS   BANK5          

        CLASS   BANK6          

        CLASS   BANK7          

        CLASS   BANK8          

        CLASS   BANK9          

        CLASS   BANK10         

        CLASS   BANK11         

        CLASS   BANK12         

        CLASS   BIGRAM         

        CLASS   RAM            

        CLASS   ABS1           
                abs_s1                               7E       7E        2         1

        CLASS   SFR0           

        CLASS   SFR1           

        CLASS   SFR2           

        CLASS   SFR3           

        CLASS   SFR4           

        CLASS   SFR5           

        CLASS   SFR6           

        CLASS   SFR7           

        CLASS   SFR8           

        CLASS   SFR9           

        CLASS   SFR10          

        CLASS   SFR11          

        CLASS   SFR12          

        CLASS   SFR13          

        CLASS   SFR14          

        CLASS   SFR15          

        CLASS   SFR16          

        CLASS   SFR17          

        CLASS   SFR18          

        CLASS   SFR19          

        CLASS   SFR20          

        CLASS   SFR21          

        CLASS   SFR22          

        CLASS   SFR23          

        CLASS   SFR24          

        CLASS   SFR25          

        CLASS   SFR26          

        CLASS   SFR27          

        CLASS   SFR28          

        CLASS   SFR29          

        CLASS   SFR30          

        CLASS   SFR31          

        CLASS   CONFIG         
                config                             8007     8007        5         0

        CLASS   IDLOC          

        CLASS   EEDATA         

        CLASS   BANK31         

        CLASS   BANK30         

        CLASS   BANK29         

        CLASS   BANK28         

        CLASS   BANK27         

        CLASS   BANK26         

        CLASS   BANK25         

        CLASS   BANK24         

        CLASS   BANK23         

        CLASS   BANK22         

        CLASS   BANK21         

        CLASS   BANK20         

        CLASS   BANK19         

        CLASS   BANK18         

        CLASS   BANK17         

        CLASS   BANK16         

        CLASS   BANK15         

        CLASS   BANK14         

        CLASS   BANK13         



SEGMENTS        Name                           Load    Length   Top    Selector   Space  Class     Delta

                reset_vec                      000000  000002  000002         0       0  CODE        2
                intentry                       000004  00032E  000332         8       0  CODE        2
                bssBANK0                       000020  00001F  00003F        20       1  BANK0       1
                cstackCOMMON                   000070  00000A  00007A        70       1  COMMON      1
                swtext1                        000332  000014  000346       664       0  CONST       2
                text13                         000346  0000DE  000424       68C       0  CODE        2
                config                         008007  000005  00800C     1000E       0  CONFIG      2


UNUSED ADDRESS RANGES

        Name                Unused          Largest block    Delta
        BANK0            0003F-0006F              31           1
        BANK1            000A0-000EF              50           1
        BANK10           00520-0056F              50           1
        BANK11           005A0-005EF              50           1
        BANK12           00620-0064F              30           1
        BANK2            00120-0016F              50           1
        BANK3            001A0-001EF              50           1
        BANK4            00220-0026F              50           1
        BANK5            002A0-002EF              50           1
        BANK6            00320-0036F              50           1
        BANK7            003A0-003EF              50           1
        BANK8            00420-0046F              50           1
        BANK9            004A0-004EF              50           1
        BIGRAM           02000-023EF             3F0           1
        CODE             00002-00003               2           2
                         00424-01FFF             800
        COMMON           0007A-0007D               4           1
        CONST            00002-00003               2           2
                         00424-01FFF             100
        EEDATA           0F000-0F0FF             100           2
        ENTRY            00002-00003               2           2
                         00424-01FFF             100
        IDLOC            08000-08003               4           2
        RAM              0003F-0006F              31           1
                         000A0-000EF              50
                         00120-0016F              50
                         001A0-001EF              50
                         00220-0026F              50
                         002A0-002EF              50
                         00320-0036F              50
                         003A0-003EF              50
                         00420-0046F              50
                         004A0-004EF              50
                         00520-0056F              50
                         005A0-005EF              50
                         00620-0064F              30
        SFR0             00000-0001F              20           1
        SFR1             00080-0009F              20           1
        SFR10            00500-0051F              20           1
        SFR11            00580-0059F              20           1
        SFR12            00600-0061F              20           1
        SFR13            00680-006EF              70           1
        SFR14            00700-0076F              70           1
        SFR15            00780-007EF              70           1
        SFR16            00800-0086F              70           1
        SFR17            00880-008EF              70           1
        SFR18            00900-0096F              70           1
        SFR19            00980-009EF              70           1
        SFR2             00100-0011F              20           1
        SFR20            00A00-00A6F              70           1
        SFR21            00A80-00AEF              70           1
        SFR22            00B00-00B6F              70           1
        SFR23            00B80-00BEF              70           1
        SFR24            00C00-00C6F              70           1
        SFR25            00C80-00CEF              70           1
        SFR26            00D00-00D6F              70           1
        SFR27            00D80-00DEF              70           1
        SFR28            00E00-00E6F              70           1
        SFR29            00E80-00EEF              70           1
        SFR3             00180-0019F              20           1
        SFR30            00F00-00F6F              70           1
        SFR31            00F80-00FEF              70           1
        SFR4             00200-0021F              20           1
        SFR5             00280-0029F              20           1
        SFR6             00300-0031F              20           1
        SFR7             00380-0039F              20           1
        SFR8             00400-0041F              20           1
        SFR9             00480-0049F              20           1
        STACK            0201F-023EF             3D1           1
        STRCODE          00002-00003               2           2
                         00424-01FFF            1BDC
        STRING           00002-00003               2           2
                         00424-01FFF             100

                                  Symbol Table

?_ADCC_GetSingleConversion                cstackCOMMON 00073
ADC@LEDs                                  bssBANK0     00032
ADC@adcResult                             bssBANK0     00033
ADCC_GetSingleConversion@channel          cstackCOMMON 00076
Blink@counter                             bssBANK0     00036
DATAEE_ReadByte@bAdd                      cstackCOMMON 00073
DATAEE_WriteByte@GIEBitValue              cstackCOMMON 00076
DATAEE_WriteByte@bAdd                     cstackCOMMON 00073
DATAEE_WriteByte@bData                    cstackCOMMON 00075
Delay500ms@i                              cstackCOMMON 00074
EEPROM@LEDs                               bssBANK0     0002A
EEPROM@adcResult                          bssBANK0     00024
EEPROM@eeAddr                             cstackBANK0  0003D
Interrupt@LEDs                            bssBANK0     0002C
Interrupt@rotateReg                       bssBANK0     0002D
PIN_MANAGER_Initialize@state              cstackCOMMON 00073
PWM6_LoadDutyValue@dutyValue              cstackCOMMON 00073
TMR0_SetInterruptHandler@InterruptHandler cstackCOMMON 00073
Timer1@LEDs                               bssBANK0     0002E
Timer1@rotateReg                          bssBANK0     0002F
VSR@LEDs                                  bssBANK0     00030
VSR@rotateReg                             bssCOMMON    00077
_ADACCH                                   (abs)        00091
_ADACCL                                   (abs)        00090
_ADACQ                                    (abs)        0009D
_ADACT                                    (abs)        00099
_ADC                                      text37       00225
_ADCACTPPS                                (abs)        00EC3
_ADCAP                                    (abs)        0009B
_ADCC_GetSingleConversion                 text38       00380
_ADCC_Initialize                          text18       002D6
_ADCLK                                    (abs)        00098
_ADCNT                                    (abs)        0010C
_ADCON0                                   (abs)        00093
_ADCON0bits                               (abs)        00093
_ADCON1                                   (abs)        00094
_ADCON1bits                               (abs)        00094
_ADCON2                                   (abs)        00095
_ADCON2bits                               (abs)        00095
_ADCON3                                   (abs)        00096
_ADCON3bits                               (abs)        00096
_ADERRH                                   (abs)        00117
_ADERRL                                   (abs)        00116
_ADFLTRH                                  (abs)        00115
_ADFLTRL                                  (abs)        00114
_ADLTHH                                   (abs)        0010F
_ADLTHL                                   (abs)        0010E
_ADPCH                                    (abs)        0009E
_ADPRE                                    (abs)        0009C
_ADPREVH                                  (abs)        0008F
_ADPREVL                                  (abs)        0008E
_ADREF                                    (abs)        0009A
_ADRESH                                   (abs)        0008D
_ADRESL                                   (abs)        0008C
_ADRPT                                    (abs)        0010D
_ADSTAT                                   (abs)        00097
_ADSTATbits                               (abs)        00097
_ADSTPTH                                  (abs)        00113
_ADSTPTL                                  (abs)        00112
_ADUTHH                                   (abs)        00111
_ADUTHL                                   (abs)        00110
_ANSELA                                   (abs)        00F38
_ANSELB                                   (abs)        00F43
_ANSELC                                   (abs)        00F4E
_ANSELD                                   (abs)        00F59
_ANSELE                                   (abs)        00F64
_Blink                                    text33       001C2
_CCPTMRS1bits                             (abs)        0021F
_DATAEE_ReadByte                          text32       003D4
_DATAEE_WriteByte                         text31       002A2
_Delay500ms                               text20       0036E
_EEPROM                                   text30       00075
_GIE                                      (abs)        0005F
_HelloWorld                               text29       0035A
_INTCONbits                               (abs)        0000B
_INTERRUPT_InterruptManager               intentry     00004
_Interrupt                                text27       00282
_LAB_ISR                                  text41       002EE
_LATA                                     (abs)        00016
_LATAbits                                 (abs)        00016
_LATB                                     (abs)        00017
_LATC                                     (abs)        00018
_LATD                                     (abs)        00019
_LATE                                     (abs)        0001A
_LEDs                                     bssBANK0     00034
_NVMADRH                                  (abs)        0081B
_NVMADRL                                  (abs)        0081A
_NVMCON1bits                              (abs)        0081E
_NVMCON2                                  (abs)        0081F
_NVMDATH                                  (abs)        0081D
_NVMDATL                                  (abs)        0081C
_ODCONA                                   (abs)        00F3A
_ODCONB                                   (abs)        00F45
_ODCONC                                   (abs)        00F50
_ODCOND                                   (abs)        00F5B
_ODCONE                                   (abs)        00F66
_OSCCON1                                  (abs)        0088D
_OSCCON3                                  (abs)        0088F
_OSCEN                                    (abs)        00891
_OSCFRQ                                   (abs)        00893
_OSCILLATOR_Initialize                    text17       003E0
_OSCTUNE                                  (abs)        00892
_PCON0bits                                (abs)        00813
_PIE0bits                                 (abs)        00716
_PIN_MANAGER_Initialize                   text16       00148
_PIR0bits                                 (abs)        0070C
_PIR4bits                                 (abs)        00710
_PORTBbits                                (abs)        0000D
_PPSLOCK                                  (abs)        00E8F
_PPSLOCKbits                              (abs)        00E8F
_PR2                                      (abs)        0028D
_PWM                                      text21       00024
_PWM6CON                                  (abs)        0038E
_PWM6CONbits                              (abs)        0038E
_PWM6DCH                                  (abs)        0038D
_PWM6DCL                                  (abs)        0038C
_PWM6_Initialize                          text15       003BA
_PWM6_LoadDutyValue                       text26       0031C
_RA7PPS                                   (abs)        00F17
_Rotate                                   text19       00255
_SYSTEM_Initialize                        text9        002BE
_SleepWakeUp                              text5        001F5
_T0CON0                                   (abs)        0001E
_T0CON0bits                               (abs)        0001E
_T0CON1                                   (abs)        0001F
_T1CLK                                    (abs)        00211
_T1CON                                    (abs)        0020E
_T1CONbits                                (abs)        0020E
_T1GATE                                   (abs)        00210
_T1GCON                                   (abs)        0020F
_T1GCONbits                               (abs)        0020F
_T2AINPPSbits                             (abs)        00E9C
_T2CLKCON                                 (abs)        00290
_T2CON                                    (abs)        0028E
_T2CONbits                                (abs)        0028E
_T2HLT                                    (abs)        0028F
_T2HLTbits                                (abs)        0028F
_T2PR                                     (abs)        0028D
_T2RST                                    (abs)        00291
_T2RSTbits                                (abs)        00291
_T2TMR                                    (abs)        0028C
_TMR0H                                    (abs)        0001D
_TMR0IE                                   (abs)        038B5
_TMR0L                                    (abs)        0001C
_TMR0_DefaultInterruptHandler             text42       00423
_TMR0_ISR                                 text40       003C7
_TMR0_Initialize                          text13       00346
_TMR0_InterruptHandler                    nvBANK0      00037
_TMR0_SetInterruptHandler                 text28       003FE
_TMR0_StartTimer                          text14       0040E
_TMR1H                                    (abs)        0020D
_TMR1IF                                   (abs)        03880
_TMR1L                                    (abs)        0020C
_TMR1_Initialize                          text12       00306
_TMR1_Reload                              text36       003E9
_TMR1_StartTimer                          text35       00420
_TMR1_StopTimer                           text34       0041D
_TMR2                                     (abs)        0028C
_TMR2_Initialize                          text11       0039F
_TMR2_Start                               text25       0041A
_TMR2_StartTimer                          text24       00417
_TMR2_Stop                                text23       00414
_TMR2_StopTimer                           text22       00411
_TRISA                                    (abs)        00011
_TRISB                                    (abs)        00012
_TRISC                                    (abs)        00013
_TRISD                                    (abs)        00014
_TRISE                                    (abs)        00015
_Timer1                                   text4        00189
_VSR                                      text3        00105
_WDTCON0                                  (abs)        0080C
_WDTCON0bits                              (abs)        0080C
_WDTCON1                                  (abs)        0080D
_WPUA                                     (abs)        00F39
_WPUB                                     (abs)        00F44
_WPUC                                     (abs)        00F4F
_WPUD                                     (abs)        00F5A
_WPUE                                     (abs)        00F65
_WWDT_Initialize                          text10       003F8
_WWDT_SoftDisable                         text8        0040B
_WWDT_SoftEnable                          text7        00408
_WWDT_TimeOutStatusGet                    text6        00404
__CFG_BOREN$ON                            (abs)        00000
__CFG_BORV$LO                             (abs)        00000
__CFG_CLKOUTEN$OFF                        (abs)        00000
__CFG_CP$OFF                              (abs)        00000
__CFG_CPD$OFF                             (abs)        00000
__CFG_CSWEN$ON                            (abs)        00000
__CFG_FCMEN$ON                            (abs)        00000
__CFG_FEXTOSC$OFF                         (abs)        00000
__CFG_LPBOREN$OFF                         (abs)        00000
__CFG_LVP$ON                              (abs)        00000
__CFG_MCLRE$ON                            (abs)        00000
__CFG_PPS1WAY$OFF                         (abs)        00000
__CFG_PWRTE$OFF                           (abs)        00000
__CFG_RSTOSC$HFINT1                       (abs)        00000
__CFG_SCANE$available                     (abs)        00000
__CFG_STVREN$ON                           (abs)        00000
__CFG_WDTCCS$HFINTOSC                     (abs)        00000
__CFG_WDTCPS$WDTCPS_12                    (abs)        00000
__CFG_WDTCWS$WDTCWS_7                     (abs)        00000
__CFG_WDTE$SWDTEN                         (abs)        00000
__CFG_WRT$OFF                             (abs)        00000
__CFG_ZCD$ON                              (abs)        00000
__Habs1                                   abs1         00000
__Hbank0                                  bank0        00000
__Hbank1                                  bank1        00000
__Hbank10                                 bank10       00000
__Hbank11                                 bank11       00000
__Hbank12                                 bank12       00000
__Hbank13                                 bank13       00000
__Hbank14                                 bank14       00000
__Hbank15                                 bank15       00000
__Hbank16                                 bank16       00000
__Hbank17                                 bank17       00000
__Hbank18                                 bank18       00000
__Hbank19                                 bank19       00000
__Hbank2                                  bank2        00000
__Hbank20                                 bank20       00000
__Hbank21                                 bank21       00000
__Hbank22                                 bank22       00000
__Hbank23                                 bank23       00000
__Hbank24                                 bank24       00000
__Hbank25                                 bank25       00000
__Hbank26                                 bank26       00000
__Hbank27                                 bank27       00000
__Hbank28                                 bank28       00000
__Hbank29                                 bank29       00000
__Hbank3                                  bank3        00000
__Hbank30                                 bank30       00000
__Hbank31                                 bank31       00000
__Hbank4                                  bank4        00000
__Hbank5                                  bank5        00000
__Hbank6                                  bank6        00000
__Hbank7                                  bank7        00000
__Hbank8                                  bank8        00000
__Hbank9                                  bank9        00000
__Hbigram                                 bigram       00000
__HbssBANK0                               bssBANK0     00000
__HbssCOMMON                              bssCOMMON    00000
__Hcinit                                  cinit        00024
__Hclrtext                                clrtext      00000
__Hcode                                   code         00000
__Hcommon                                 common       00000
__Hconfig                                 config       0800C
__HcstackBANK0                            cstackBANK0  00000
__HcstackCOMMON                           cstackCOMMON 00000
__Heeprom_data                            eeprom_data  00000
__Hend_init                               end_init     00016
__Hfunctab                                functab      00000
__Hidloc                                  idloc        00000
__Hinit                                   init         00014
__Hintentry                               intentry     00014
__Hmaintext                               maintext     00000
__HnvBANK0                                nvBANK0      00000
__Hpowerup                                powerup      00000
__Hram                                    ram          00000
__Hreset_vec                              reset_vec    00002
__Hsfr0                                   sfr0         00000
__Hsfr1                                   sfr1         00000
__Hsfr10                                  sfr10        00000
__Hsfr11                                  sfr11        00000
__Hsfr12                                  sfr12        00000
__Hsfr13                                  sfr13        00000
__Hsfr14                                  sfr14        00000
__Hsfr15                                  sfr15        00000
__Hsfr16                                  sfr16        00000
__Hsfr17                                  sfr17        00000
__Hsfr18                                  sfr18        00000
__Hsfr19                                  sfr19        00000
__Hsfr2                                   sfr2         00000
__Hsfr20                                  sfr20        00000
__Hsfr21                                  sfr21        00000
__Hsfr22                                  sfr22        00000
__Hsfr23                                  sfr23        00000
__Hsfr24                                  sfr24        00000
__Hsfr25                                  sfr25        00000
__Hsfr26                                  sfr26        00000
__Hsfr27                                  sfr27        00000
__Hsfr28                                  sfr28        00000
__Hsfr29                                  sfr29        00000
__Hsfr3                                   sfr3         00000
__Hsfr30                                  sfr30        00000
__Hsfr31                                  sfr31        00000
__Hsfr4                                   sfr4         00000
__Hsfr5                                   sfr5         00000
__Hsfr6                                   sfr6         00000
__Hsfr7                                   sfr7         00000
__Hsfr8                                   sfr8         00000
__Hsfr9                                   sfr9         00000
__Hspace_0                                (abs)        0800C
__Hspace_1                                (abs)        0007A
__Hspace_2                                (abs)        00000
__Hspace_3                                (abs)        00000
__Hstack                                  stack        00000
__Hstrings                                strings      00000
__Htext                                   text         00000
__Labs1                                   abs1         00000
__Lbank0                                  bank0        00000
__Lbank1                                  bank1        00000
__Lbank10                                 bank10       00000
__Lbank11                                 bank11       00000
__Lbank12                                 bank12       00000
__Lbank13                                 bank13       00000
__Lbank14                                 bank14       00000
__Lbank15                                 bank15       00000
__Lbank16                                 bank16       00000
__Lbank17                                 bank17       00000
__Lbank18                                 bank18       00000
__Lbank19                                 bank19       00000
__Lbank2                                  bank2        00000
__Lbank20                                 bank20       00000
__Lbank21                                 bank21       00000
__Lbank22                                 bank22       00000
__Lbank23                                 bank23       00000
__Lbank24                                 bank24       00000
__Lbank25                                 bank25       00000
__Lbank26                                 bank26       00000
__Lbank27                                 bank27       00000
__Lbank28                                 bank28       00000
__Lbank29                                 bank29       00000
__Lbank3                                  bank3        00000
__Lbank30                                 bank30       00000
__Lbank31                                 bank31       00000
__Lbank4                                  bank4        00000
__Lbank5                                  bank5        00000
__Lbank6                                  bank6        00000
__Lbank7                                  bank7        00000
__Lbank8                                  bank8        00000
__Lbank9                                  bank9        00000
__Lbigram                                 bigram       00000
__LbssBANK0                               bssBANK0     00000
__LbssCOMMON                              bssCOMMON    00000
__Lcinit                                  cinit        00016
__Lclrtext                                clrtext      00000
__Lcode                                   code         00000
__Lcommon                                 common       00000
__Lconfig                                 config       08007
__LcstackBANK0                            cstackBANK0  00000
__LcstackCOMMON                           cstackCOMMON 00000
__Leeprom_data                            eeprom_data  00000
__Lend_init                               end_init     00014
__Lfunctab                                functab      00000
__Lidloc                                  idloc        00000
__Linit                                   init         00014
__Lintentry                               intentry     00004
__Lmaintext                               maintext     00000
__LnvBANK0                                nvBANK0      00000
__Lpowerup                                powerup      00000
__Lram                                    ram          00000
__Lreset_vec                              reset_vec    00000
__Lsfr0                                   sfr0         00000
__Lsfr1                                   sfr1         00000
__Lsfr10                                  sfr10        00000
__Lsfr11                                  sfr11        00000
__Lsfr12                                  sfr12        00000
__Lsfr13                                  sfr13        00000
__Lsfr14                                  sfr14        00000
__Lsfr15                                  sfr15        00000
__Lsfr16                                  sfr16        00000
__Lsfr17                                  sfr17        00000
__Lsfr18                                  sfr18        00000
__Lsfr19                                  sfr19        00000
__Lsfr2                                   sfr2         00000
__Lsfr20                                  sfr20        00000
__Lsfr21                                  sfr21        00000
__Lsfr22                                  sfr22        00000
__Lsfr23                                  sfr23        00000
__Lsfr24                                  sfr24        00000
__Lsfr25                                  sfr25        00000
__Lsfr26                                  sfr26        00000
__Lsfr27                                  sfr27        00000
__Lsfr28                                  sfr28        00000
__Lsfr29                                  sfr29        00000
__Lsfr3                                   sfr3         00000
__Lsfr30                                  sfr30        00000
__Lsfr31                                  sfr31        00000
__Lsfr4                                   sfr4         00000
__Lsfr5                                   sfr5         00000
__Lsfr6                                   sfr6         00000
__Lsfr7                                   sfr7         00000
__Lsfr8                                   sfr8         00000
__Lsfr9                                   sfr9         00000
__Lspace_0                                (abs)        00000
__Lspace_1                                (abs)        00000
__Lspace_2                                (abs)        00000
__Lspace_3                                (abs)        00000
__Lstack                                  stack        00000
__Lstrings                                strings      00000
__Ltext                                   text         00000
__S0                                      (abs)        0800C
__S1                                      (abs)        0007A
__S2                                      (abs)        00000
__S3                                      (abs)        00000
___int_sp                                 stack        00000
___latbits                                (abs)        00002
___sp                                     stack        00000
__end_of_ADC                              text37       00255
__end_of_ADCC_GetSingleConversion         text38       00390
__end_of_ADCC_Initialize                  text18       002EE
__end_of_Blink                            text33       001F5
__end_of_DATAEE_ReadByte                  text32       003E0
__end_of_DATAEE_WriteByte                 text31       002BE
__end_of_Delay500ms                       text20       00380
__end_of_EEPROM                           text30       000C1
__end_of_HelloWorld                       text29       0036E
__end_of_INTERRUPT_InterruptManager       intentry     00014
__end_of_Interrupt                        text27       002A2
__end_of_LAB_ISR                          text41       00306
__end_of_OSCILLATOR_Initialize            text17       003E9
__end_of_PIN_MANAGER_Initialize           text16       00189
__end_of_PWM                              text21       00075
__end_of_PWM6_Initialize                  text15       003C7
__end_of_PWM6_LoadDutyValue               text26       00332
__end_of_Rotate                           text19       00282
__end_of_SYSTEM_Initialize                text9        002D6
__end_of_SleepWakeUp                      text5        00225
__end_of_TMR0_DefaultInterruptHandler     text42       00424
__end_of_TMR0_ISR                         text40       003D4
__end_of_TMR0_Initialize                  text13       0035A
__end_of_TMR0_SetInterruptHandler         text28       00404
__end_of_TMR0_StartTimer                  text14       00411
__end_of_TMR1_Initialize                  text12       0031C
__end_of_TMR1_Reload                      text36       003F2
__end_of_TMR1_StartTimer                  text35       00423
__end_of_TMR1_StopTimer                   text34       00420
__end_of_TMR2_Initialize                  text11       003AD
__end_of_TMR2_Start                       text25       0041D
__end_of_TMR2_StartTimer                  text24       0041A
__end_of_TMR2_Stop                        text23       00417
__end_of_TMR2_StopTimer                   text22       00414
__end_of_Timer1                           text4        001C2
__end_of_VSR                              text3        00148
__end_of_WWDT_Initialize                  text10       003FE
__end_of_WWDT_SoftDisable                 text8        0040E
__end_of_WWDT_SoftEnable                  text7        0040B
__end_of_WWDT_TimeOutStatusGet            text6        00408
__end_of__initialization                  cinit        00020
__end_of_checkButtonS1                    text2        0039F
__end_of_main                             maintext     00105
__end_of_nextLab                          text1        003BA
__initialization                          cinit        00016
__pbssBANK0                               bssBANK0     00020
__pbssCOMMON                              bssCOMMON    00077
__pcstackBANK0                            cstackBANK0  0003B
__pcstackCOMMON                           cstackCOMMON 00070
__pintentry                               intentry     00004
__pmaintext                               maintext     000C1
__pnvBANK0                                nvBANK0      00037
__pswtext1                                swtext1      00332
__ptext1                                  text1        003AD
__ptext10                                 text10       003F8
__ptext11                                 text11       0039F
__ptext12                                 text12       00306
__ptext13                                 text13       00346
__ptext14                                 text14       0040E
__ptext15                                 text15       003BA
__ptext16                                 text16       00148
__ptext17                                 text17       003E0
__ptext18                                 text18       002D6
__ptext19                                 text19       00255
__ptext2                                  text2        00390
__ptext20                                 text20       0036E
__ptext21                                 text21       00024
__ptext22                                 text22       00411
__ptext23                                 text23       00414
__ptext24                                 text24       00417
__ptext25                                 text25       0041A
__ptext26                                 text26       0031C
__ptext27                                 text27       00282
__ptext28                                 text28       003FE
__ptext29                                 text29       0035A
__ptext3                                  text3        00105
__ptext30                                 text30       00075
__ptext31                                 text31       002A2
__ptext32                                 text32       003D4
__ptext33                                 text33       001C2
__ptext34                                 text34       0041D
__ptext35                                 text35       00420
__ptext36                                 text36       003E9
__ptext37                                 text37       00225
__ptext38                                 text38       00380
__ptext4                                  text4        00189
__ptext40                                 text40       003C7
__ptext41                                 text41       002EE
__ptext42                                 text42       00423
__ptext5                                  text5        001F5
__ptext6                                  text6        00404
__ptext7                                  text7        00408
__ptext8                                  text8        0040B
__ptext9                                  text9        002BE
__size_of_ADC                             (abs)        00000
__size_of_ADCC_GetSingleConversion        (abs)        00000
__size_of_ADCC_Initialize                 (abs)        00000
__size_of_Blink                           (abs)        00000
__size_of_DATAEE_ReadByte                 (abs)        00000
__size_of_DATAEE_WriteByte                (abs)        00000
__size_of_Delay500ms                      (abs)        00000
__size_of_EEPROM                          (abs)        00000
__size_of_HelloWorld                      (abs)        00000
__size_of_INTERRUPT_InterruptManager      (abs)        00000
__size_of_Interrupt                       (abs)        00000
__size_of_LAB_ISR                         (abs)        00000
__size_of_OSCILLATOR_Initialize           (abs)        00000
__size_of_PIN_MANAGER_Initialize          (abs)        00000
__size_of_PWM                             (abs)        00000
__size_of_PWM6_Initialize                 (abs)        00000
__size_of_PWM6_LoadDutyValue              (abs)        00000
__size_of_Rotate                          (abs)        00000
__size_of_SYSTEM_Initialize               (abs)        00000
__size_of_SleepWakeUp                     (abs)        00000
__size_of_TMR0_DefaultInterruptHandler    (abs)        00000
__size_of_TMR0_ISR                        (abs)        00000
__size_of_TMR0_Initialize                 (abs)        00000
__size_of_TMR0_SetInterruptHandler        (abs)        00000
__size_of_TMR0_StartTimer                 (abs)        00000
__size_of_TMR1_Initialize                 (abs)        00000
__size_of_TMR1_Reload                     (abs)        00000
__size_of_TMR1_StartTimer                 (abs)        00000
__size_of_TMR1_StopTimer                  (abs)        00000
__size_of_TMR2_Initialize                 (abs)        00000
__size_of_TMR2_Start                      (abs)        00000
__size_of_TMR2_StartTimer                 (abs)        00000
__size_of_TMR2_Stop                       (abs)        00000
__size_of_TMR2_StopTimer                  (abs)        00000
__size_of_Timer1                          (abs)        00000
__size_of_VSR                             (abs)        00000
__size_of_WWDT_Initialize                 (abs)        00000
__size_of_WWDT_SoftDisable                (abs)        00000
__size_of_WWDT_SoftEnable                 (abs)        00000
__size_of_WWDT_TimeOutStatusGet           (abs)        00000
__size_of_checkButtonS1                   (abs)        00000
__size_of_main                            (abs)        00000
__size_of_nextLab                         (abs)        00000
_adcResult                                bssBANK0     00026
_btnState                                 bssBANK0     00028
_checkButtonS1                            text2        00390
_delay                                    bssBANK0     00031
_labNumber                                bssBANK0     00029
_labState                                 bssCOMMON    00079
_ledDisplay                               bssBANK0     0002B
_main                                     maintext     000C1
_nextLab                                  text1        003AD
_rotateReg                                bssBANK0     00035
_switchEvent                              bssCOMMON    00078
_timer1ReloadVal                          nvBANK0      00039
btemp                                     (abs)        0007E
clear_ram0                                clrtext      003F2
end_of_initialization                     cinit        00020
int$flags                                 (abs)        0007E
intlevel0                                 functab      00000
intlevel1                                 functab      00000
intlevel2                                 functab      00000
intlevel3                                 functab      00000
intlevel4                                 functab      00000
intlevel5                                 functab      00000
reset_vec                                 reset_vec    00000
stackhi                                   (abs)        023EF
stacklo                                   (abs)        0201F
start                                     init         00014
start_initialization                      cinit        00016
wtemp0                                    (abs)        0007E


FUNCTION INFORMATION:

 *************** function _main *****************
 Defined at:
		line 60 in file "main.c"
 Parameters:    Size  Location     Type
		None
 Auto vars:     Size  Location     Type
		None
 Return value:  Size  Location     Type
                  1    wreg      void 
 Registers used:
		wreg, fsr0l, fsr0h, status,2, status,0, pclath, cstack
 Tracked objects:
		On entry : 
		On exit  : 
		Unchanged: 
 Data sizes:     COMMON   BANK0   BANK1   BANK2   BANK3   BANK4   BANK5   BANK6   BANK7   BANK8   BANK9  BANK10  BANK11  BANK12
      Params:         0       0       0       0       0       0       0       0       0       0       0       0       0       0
      Locals:         0       0       0       0       0       0       0       0       0       0       0       0       0       0
      Temps:          0       0       0       0       0       0       0       0       0       0       0       0       0       0
      Totals:         0       0       0       0       0       0       0       0       0       0       0       0       0       0
Total ram usage:        0 bytes
 Hardware stack levels required when called:    6
 This function calls:
		_ADC
		_Blink
		_EEPROM
		_HelloWorld
		_Interrupt
		_PWM
		_Rotate
		_SYSTEM_Initialize
		_SleepWakeUp
		_Timer1
		_VSR
		_checkButtonS1
		_nextLab
 This function is called by:
		Startup code after reset
 This function uses a non-reentrant model


 *************** function _nextLab *****************
 Defined at:
		line 116 in file "main.c"
 Parameters:    Size  Location     Type
		None
 Auto vars:     Size  Location     Type
		None
 Return value:  Size  Location     Type
                  1    wreg      void 
 Registers used:
		wreg, status,2, status,0
 Tracked objects:
		On entry : 
		On exit  : 
		Unchanged: 
 Data sizes:     COMMON   BANK0   BANK1   BANK2   BANK3   BANK4   BANK5   BANK6   BANK7   BANK8   BANK9  BANK10  BANK11  BANK12
      Params:         0       0       0       0       0       0       0       0       0       0       0       0       0       0
      Locals:         0       0       0       0       0       0       0       0       0       0       0       0       0       0
      Temps:          1       0       0       0       0       0       0       0       0       0       0       0       0       0
      Totals:         1       0       0       0       0       0       0       0       0       0       0       0       0       0
Total ram usage:        1 bytes
 Hardware stack levels used:    1
 Hardware stack levels required when called:    3
 This function calls:
		Nothing
 This function is called by:
		_main
 This function uses a non-reentrant model


 *************** function _checkButtonS1 *****************
 Defined at:
		line 98 in file "main.c"
 Parameters:    Size  Location     Type
		None
 Auto vars:     Size  Location     Type
		None
 Return value:  Size  Location     Type
                  1    wreg      void 
 Registers used:
		wreg, status,2, status,0
 Tracked objects:
		On entry : 
		On exit  : 
		Unchanged: 
 Data sizes:     COMMON   BANK0   BANK1   BANK2   BANK3   BANK4   BANK5   BANK6   BANK7   BANK8   BANK9  BANK10  BANK11  BANK12
      Params:         0       0       0       0       0       0       0       0       0       0       0       0       0       0
      Locals:         0       0       0       0       0       0       0       0       0       0       0       0       0       0
      Temps:          0       0       0       0       0       0       0       0       0       0       0       0       0       0
      Totals:         0       0       0       0       0       0       0       0       0       0       0       0       0       0
Total ram usage:        0 bytes
 Hardware stack levels used:    1
 Hardware stack levels required when called:    3
 This function calls:
		Nothing
 This function is called by:
		_main
 This function uses a non-reentrant model


 *************** function _VSR *****************
 Defined at:
		line 63 in file "Labs/Lab05_VariableSpeedRotate/VSR.c"
 Parameters:    Size  Location     Type
		None
 Auto vars:     Size  Location     Type
		None
 Return value:  Size  Location     Type
                  1    wreg      void 
 Registers used:
		wreg, status,2, status,0, pclath, cstack
 Tracked objects:
		On entry : 
		On exit  : 
		Unchanged: 
 Data sizes:     COMMON   BANK0   BANK1   BANK2   BANK3   BANK4   BANK5   BANK6   BANK7   BANK8   BANK9  BANK10  BANK11  BANK12
      Params:         0       0       0       0       0       0       0       0       0       0       0       0       0       0
      Locals:         0       0       0       0       0       0       0       0       0       0       0       0       0       0
      Temps:          0       2       0       0       0       0       0       0       0       0       0       0       0       0
      Totals:         0       2       0       0       0       0       0       0       0       0       0       0       0       0
Total ram usage:        2 bytes
 Hardware stack levels used:    1
 Hardware stack levels required when called:    4
 This function calls:
		_ADCC_GetSingleConversion
 This function is called by:
		_main
 This function uses a non-reentrant model


 *************** function _Timer1 *****************
 Defined at:
		line 62 in file "Labs/Lab07_Timers/Timer1.c"
 Parameters:    Size  Location     Type
		None
 Auto vars:     Size  Location     Type
		None
 Return value:  Size  Location     Type
                  1    wreg      void 
 Registers used:
		wreg, status,2, status,0, pclath, cstack
 Tracked objects:
		On entry : 
		On exit  : 
		Unchanged: 
 Data sizes:     COMMON   BANK0   BANK1   BANK2   BANK3   BANK4   BANK5   BANK6   BANK7   BANK8   BANK9  BANK10  BANK11  BANK12
      Params:         0       0       0       0       0       0       0       0       0       0       0       0       0       0
      Locals:         0       0       0       0       0       0       0       0       0       0       0       0       0       0
      Temps:          2       0       0       0       0       0       0       0       0       0       0       0       0       0
      Totals:         2       0       0       0       0       0       0       0       0       0       0       0       0       0
Total ram usage:        2 bytes
 Hardware stack levels used:    1
 Hardware stack levels required when called:    4
 This function calls:
		_TMR1_Reload
		_TMR1_StartTimer
		_TMR1_StopTimer
 This function is called by:
		_main
 This function uses a non-reentrant model


 *************** function _SleepWakeUp *****************
 Defined at:
		line 53 in file "Labs/Lab09_SleepWakeup/SleepWakeUp.c"
 Parameters:    Size  Location     Type
		None
 Auto vars:     Size  Location     Type
		None
 Return value:  Size  Location     Type
                  1    wreg      void 
 Registers used:
		wreg, status,2, status,0, pclath, cstack
 Tracked objects:
		On entry : 
		On exit  : 
		Unchanged: 
 Data sizes:     COMMON   BANK0   BANK1   BANK2   BANK3   BANK4   BANK5   BANK6   BANK7   BANK8   BANK9  BANK10  BANK11  BANK12
      Params:         0       0       0       0       0       0       0       0       0       0       0       0       0       0
      Locals:         0       0       0       0       0       0       0       0       0       0       0       0       0       0
      Temps:          0       0       0       0       0       0       0       0       0       0       0       0       0       0
      Totals:         0       0       0       0       0       0       0       0       0       0       0       0       0       0
Total ram usage:        0 bytes
 Hardware stack levels used:    1
 Hardware stack levels required when called:    4
 This function calls:
		_WWDT_SoftDisable
		_WWDT_SoftEnable
		_WWDT_TimeOutStatusGet
 This function is called by:
		_main
 This function uses a non-reentrant model


 *************** function _WWDT_TimeOutStatusGet *****************
 Defined at:
		line 136 in file "mcc_generated_files/mcc.c"
 Parameters:    Size  Location     Type
		None
 Auto vars:     Size  Location     Type
		None
 Return value:  Size  Location     Type
                  1    wreg      unsigned char 
 Registers used:
		wreg, status,2, status,0
 Tracked objects:
		On entry : 
		On exit  : 
		Unchanged: 
 Data sizes:     COMMON   BANK0   BANK1   BANK2   BANK3   BANK4   BANK5   BANK6   BANK7   BANK8   BANK9  BANK10  BANK11  BANK12
      Params:         0       0       0       0       0       0       0       0       0       0       0       0       0       0
      Locals:         0       0       0       0       0       0       0       0       0       0       0       0       0       0
      Temps:          0       0       0       0       0       0       0       0       0       0       0       0       0       0
      Totals:         0       0       0       0       0       0       0       0       0       0       0       0       0       0
Total ram usage:        0 bytes
 Hardware stack levels used:    1
 Hardware stack levels required when called:    3
 This function calls:
		Nothing
 This function is called by:
		_SleepWakeUp
 This function uses a non-reentrant model


 *************** function _WWDT_SoftEnable *****************
 Defined at:
		line 124 in file "mcc_generated_files/mcc.c"
 Parameters:    Size  Location     Type
		None
 Auto vars:     Size  Location     Type
		None
 Return value:  Size  Location     Type
                  1    wreg      void 
 Registers used:
		None
 Tracked objects:
		On entry : 
		On exit  : 
		Unchanged: 
 Data sizes:     COMMON   BANK0   BANK1   BANK2   BANK3   BANK4   BANK5   BANK6   BANK7   BANK8   BANK9  BANK10  BANK11  BANK12
      Params:         0       0       0       0       0       0       0       0       0       0       0       0       0       0
      Locals:         0       0       0       0       0       0       0       0       0       0       0       0       0       0
      Temps:          0       0       0       0       0       0       0       0       0       0       0       0       0       0
      Totals:         0       0       0       0       0       0       0       0       0       0       0       0       0       0
Total ram usage:        0 bytes
 Hardware stack levels used:    1
 Hardware stack levels required when called:    3
 This function calls:
		Nothing
 This function is called by:
		_SleepWakeUp
 This function uses a non-reentrant model


 *************** function _WWDT_SoftDisable *****************
 Defined at:
		line 130 in file "mcc_generated_files/mcc.c"
 Parameters:    Size  Location     Type
		None
 Auto vars:     Size  Location     Type
		None
 Return value:  Size  Location     Type
                  1    wreg      void 
 Registers used:
		None
 Tracked objects:
		On entry : 
		On exit  : 
		Unchanged: 
 Data sizes:     COMMON   BANK0   BANK1   BANK2   BANK3   BANK4   BANK5   BANK6   BANK7   BANK8   BANK9  BANK10  BANK11  BANK12
      Params:         0       0       0       0       0       0       0       0       0       0       0       0       0       0
      Locals:         0       0       0       0       0       0       0       0       0       0       0       0       0       0
      Temps:          0       0       0       0       0       0       0       0       0       0       0       0       0       0
      Totals:         0       0       0       0       0       0       0       0       0       0       0       0       0       0
Total ram usage:        0 bytes
 Hardware stack levels used:    1
 Hardware stack levels required when called:    3
 This function calls:
		Nothing
 This function is called by:
		_SleepWakeUp
 This function uses a non-reentrant model


 *************** function _SYSTEM_Initialize *****************
 Defined at:
		line 86 in file "mcc_generated_files/mcc.c"
 Parameters:    Size  Location     Type
		None
 Auto vars:     Size  Location     Type
		None
 Return value:  Size  Location     Type
                  1    wreg      void 
 Registers used:
		wreg, status,2, status,0, pclath, cstack
 Tracked objects:
		On entry : 
		On exit  : 
		Unchanged: 
 Data sizes:     COMMON   BANK0   BANK1   BANK2   BANK3   BANK4   BANK5   BANK6   BANK7   BANK8   BANK9  BANK10  BANK11  BANK12
      Params:         0       0       0       0       0       0       0       0       0       0       0       0       0       0
      Locals:         0       0       0       0       0       0       0       0       0       0       0       0       0       0
      Temps:          0       0       0       0       0       0       0       0       0       0       0       0       0       0
      Totals:         0       0       0       0       0       0       0       0       0       0       0       0       0       0
Total ram usage:        0 bytes
 Hardware stack levels used:    1
 Hardware stack levels required when called:    5
 This function calls:
		_ADCC_Initialize
		_OSCILLATOR_Initialize
		_PIN_MANAGER_Initialize
		_PWM6_Initialize
		_TMR0_Initialize
		_TMR1_Initialize
		_TMR2_Initialize
		_WWDT_Initialize
 This function is called by:
		_main
 This function uses a non-reentrant model


 *************** function _WWDT_Initialize *****************
 Defined at:
		line 116 in file "mcc_generated_files/mcc.c"
 Parameters:    Size  Location     Type
		None
 Auto vars:     Size  Location     Type
		None
 Return value:  Size  Location     Type
                  1    wreg      void 
 Registers used:
		wreg
 Tracked objects:
		On entry : 
		On exit  : 
		Unchanged: 
 Data sizes:     COMMON   BANK0   BANK1   BANK2   BANK3   BANK4   BANK5   BANK6   BANK7   BANK8   BANK9  BANK10  BANK11  BANK12
      Params:         0       0       0       0       0       0       0       0       0       0       0       0       0       0
      Locals:         0       0       0       0       0       0       0       0       0       0       0       0       0       0
      Temps:          0       0       0       0       0       0       0       0       0       0       0       0       0       0
      Totals:         0       0       0       0       0       0       0       0       0       0       0       0       0       0
Total ram usage:        0 bytes
 Hardware stack levels used:    1
 Hardware stack levels required when called:    3
 This function calls:
		Nothing
 This function is called by:
		_SYSTEM_Initialize
 This function uses a non-reentrant model


 *************** function _TMR2_Initialize *****************
 Defined at:
		line 63 in file "mcc_generated_files/tmr2.c"
 Parameters:    Size  Location     Type
		None
 Auto vars:     Size  Location     Type
		None
 Return value:  Size  Location     Type
                  1    wreg      void 
 Registers used:
		wreg, status,2, status,0, pclath, cstack
 Tracked objects:
		On entry : 
		On exit  : 
		Unchanged: 
 Data sizes:     COMMON   BANK0   BANK1   BANK2   BANK3   BANK4   BANK5   BANK6   BANK7   BANK8   BANK9  BANK10  BANK11  BANK12
      Params:         0       0       0       0       0       0       0       0       0       0       0       0       0       0
      Locals:         0       0       0       0       0       0       0       0       0       0       0       0       0       0
      Temps:          0       0       0       0       0       0       0       0       0       0       0       0       0       0
      Totals:         0       0       0       0       0       0       0       0       0       0       0       0       0       0
Total ram usage:        0 bytes
 Hardware stack levels used:    1
 Hardware stack levels required when called:    4
 This function calls:
		_TMR2_Start
 This function is called by:
		_SYSTEM_Initialize
 This function uses a non-reentrant model


 *************** function _TMR1_Initialize *****************
 Defined at:
		line 63 in file "mcc_generated_files/tmr1.c"
 Parameters:    Size  Location     Type
		None
 Auto vars:     Size  Location     Type
		None
 Return value:  Size  Location     Type
                  1    wreg      void 
 Registers used:
		wreg, status,2, status,0, pclath, cstack
 Tracked objects:
		On entry : 
		On exit  : 
		Unchanged: 
 Data sizes:     COMMON   BANK0   BANK1   BANK2   BANK3   BANK4   BANK5   BANK6   BANK7   BANK8   BANK9  BANK10  BANK11  BANK12
      Params:         0       0       0       0       0       0       0       0       0       0       0       0       0       0
      Locals:         0       0       0       0       0       0       0       0       0       0       0       0       0       0
      Temps:          0       0       0       0       0       0       0       0       0       0       0       0       0       0
      Totals:         0       0       0       0       0       0       0       0       0       0       0       0       0       0
Total ram usage:        0 bytes
 Hardware stack levels used:    1
 Hardware stack levels required when called:    4
 This function calls:
		_TMR1_StartTimer
 This function is called by:
		_SYSTEM_Initialize
 This function uses a non-reentrant model


 *************** function _TMR0_Initialize *****************
 Defined at:
		line 60 in file "mcc_generated_files/tmr0.c"
 Parameters:    Size  Location     Type
		None
 Auto vars:     Size  Location     Type
		None
 Return value:  Size  Location     Type
                  1    wreg      void 
 Registers used:
		wreg, status,2, status,0, pclath, cstack
 Tracked objects:
		On entry : 
		On exit  : 
		Unchanged: 
 Data sizes:     COMMON   BANK0   BANK1   BANK2   BANK3   BANK4   BANK5   BANK6   BANK7   BANK8   BANK9  BANK10  BANK11  BANK12
      Params:         0       0       0       0       0       0       0       0       0       0       0       0       0       0
      Locals:         0       0       0       0       0       0       0       0       0       0       0       0       0       0
      Temps:          0       0       0       0       0       0       0       0       0       0       0       0       0       0
      Totals:         0       0       0       0       0       0       0       0       0       0       0       0       0       0
Total ram usage:        0 bytes
 Hardware stack levels used:    1
 Hardware stack levels required when called:    4
 This function calls:
		_TMR0_SetInterruptHandler
		_TMR0_StartTimer
 This function is called by:
		_SYSTEM_Initialize
 This function uses a non-reentrant model


 *************** function _TMR0_StartTimer *****************
 Defined at:
		line 89 in file "mcc_generated_files/tmr0.c"
 Parameters:    Size  Location     Type
		None
 Auto vars:     Size  Location     Type
		None
 Return value:  Size  Location     Type
                  1    wreg      void 
 Registers used:
		None
 Tracked objects:
		On entry : 
		On exit  : 
		Unchanged: 
 Data sizes:     COMMON   BANK0   BANK1   BANK2   BANK3   BANK4   BANK5   BANK6   BANK7   BANK8   BANK9  BANK10  BANK11  BANK12
      Params:         0       0       0       0       0       0       0       0       0       0       0       0       0       0
      Locals:         0       0       0       0       0       0       0       0       0       0       0       0       0       0
      Temps:          0       0       0       0       0       0       0       0       0       0       0       0       0       0
      Totals:         0       0       0       0       0       0       0       0       0       0       0       0       0       0
Total ram usage:        0 bytes
 Hardware stack levels used:    1
 Hardware stack levels required when called:    3
 This function calls:
		Nothing
 This function is called by:
		_TMR0_Initialize
 This function uses a non-reentrant model


 *************** function _PWM6_Initialize *****************
 Defined at:
		line 57 in file "mcc_generated_files/pwm6.c"
 Parameters:    Size  Location     Type
		None
 Auto vars:     Size  Location     Type
		None
 Return value:  Size  Location     Type
                  1    wreg      void 
 Registers used:
		wreg, status,2, status,0
 Tracked objects:
		On entry : 
		On exit  : 
		Unchanged: 
 Data sizes:     COMMON   BANK0   BANK1   BANK2   BANK3   BANK4   BANK5   BANK6   BANK7   BANK8   BANK9  BANK10  BANK11  BANK12
      Params:         0       0       0       0       0       0       0       0       0       0       0       0       0       0
      Locals:         0       0       0       0       0       0       0       0       0       0       0       0       0       0
      Temps:          0       0       0       0       0       0       0       0       0       0       0       0       0       0
      Totals:         0       0       0       0       0       0       0       0       0       0       0       0       0       0
Total ram usage:        0 bytes
 Hardware stack levels used:    1
 Hardware stack levels required when called:    3
 This function calls:
		Nothing
 This function is called by:
		_SYSTEM_Initialize
 This function uses a non-reentrant model


 *************** function _PIN_MANAGER_Initialize *****************
 Defined at:
		line 51 in file "mcc_generated_files/pin_manager.c"
 Parameters:    Size  Location     Type
		None
 Auto vars:     Size  Location     Type
  state           1    3[COMMON] unsigned char 
 Return value:  Size  Location     Type
                  1    wreg      void 
 Registers used:
		wreg, status,2, status,0
 Tracked objects:
		On entry : 
		On exit  : 
		Unchanged: 
 Data sizes:     COMMON   BANK0   BANK1   BANK2   BANK3   BANK4   BANK5   BANK6   BANK7   BANK8   BANK9  BANK10  BANK11  BANK12
      Params:         0       0       0       0       0       0       0       0       0       0       0       0       0       0
      Locals:         1       0       0       0       0       0       0       0       0       0       0       0       0       0
      Temps:          0       0       0       0       0       0       0       0       0       0       0       0       0       0
      Totals:         1       0       0       0       0       0       0       0       0       0       0       0       0       0
Total ram usage:        1 bytes
 Hardware stack levels used:    1
 Hardware stack levels required when called:    3
 This function calls:
		Nothing
 This function is called by:
		_SYSTEM_Initialize
 This function uses a non-reentrant model


 *************** function _OSCILLATOR_Initialize *****************
 Defined at:
		line 99 in file "mcc_generated_files/mcc.c"
 Parameters:    Size  Location     Type
		None
 Auto vars:     Size  Location     Type
		None
 Return value:  Size  Location     Type
                  1    wreg      void 
 Registers used:
		wreg, status,2
 Tracked objects:
		On entry : 
		On exit  : 
		Unchanged: 
 Data sizes:     COMMON   BANK0   BANK1   BANK2   BANK3   BANK4   BANK5   BANK6   BANK7   BANK8   BANK9  BANK10  BANK11  BANK12
      Params:         0       0       0       0       0       0       0       0       0       0       0       0       0       0
      Locals:         0       0       0       0       0       0       0       0       0       0       0       0       0       0
      Temps:          0       0       0       0       0       0       0       0       0       0       0       0       0       0
      Totals:         0       0       0       0       0       0       0       0       0       0       0       0       0       0
Total ram usage:        0 bytes
 Hardware stack levels used:    1
 Hardware stack levels required when called:    3
 This function calls:
		Nothing
 This function is called by:
		_SYSTEM_Initialize
 This function uses a non-reentrant model


 *************** function _ADCC_Initialize *****************
 Defined at:
		line 58 in file "mcc_generated_files/adcc.c"
 Parameters:    Size  Location     Type
		None
 Auto vars:     Size  Location     Type
		None
 Return value:  Size  Location     Type
                  1    wreg      void 
 Registers used:
		wreg, status,2
 Tracked objects:
		On entry : 
		On exit  : 
		Unchanged: 
 Data sizes:     COMMON   BANK0   BANK1   BANK2   BANK3   BANK4   BANK5   BANK6   BANK7   BANK8   BANK9  BANK10  BANK11  BANK12
      Params:         0       0       0       0       0       0       0       0       0       0       0       0       0       0
      Locals:         0       0       0       0       0       0       0       0       0       0       0       0       0       0
      Temps:          0       0       0       0       0       0       0       0       0       0       0       0       0       0
      Totals:         0       0       0       0       0       0       0       0       0       0       0       0       0       0
Total ram usage:        0 bytes
 Hardware stack levels used:    1
 Hardware stack levels required when called:    3
 This function calls:
		Nothing
 This function is called by:
		_SYSTEM_Initialize
 This function uses a non-reentrant model


 *************** function _Rotate *****************
 Defined at:
		line 61 in file "Labs/Lab03_Rotate/Rotate.c"
 Parameters:    Size  Location     Type
		None
 Auto vars:     Size  Location     Type
		None
 Return value:  Size  Location     Type
                  1    wreg      void 
 Registers used:
		wreg, status,2, status,0, pclath, cstack
 Tracked objects:
		On entry : 
		On exit  : 
		Unchanged: 
 Data sizes:     COMMON   BANK0   BANK1   BANK2   BANK3   BANK4   BANK5   BANK6   BANK7   BANK8   BANK9  BANK10  BANK11  BANK12
      Params:         0       0       0       0       0       0       0       0       0       0       0       0       0       0
      Locals:         0       0       0       0       0       0       0       0       0       0       0       0       0       0
[...]
      Totals:         0       4       0       0       0       0       0       0       0       0       0       0       0       0
Total ram usage:        4 bytes
 Hardware stack levels used:    1
 Hardware stack levels required when called:    4
 This function calls:
		_ADCC_GetSingleConversion
		_DATAEE_ReadByte
		_DATAEE_WriteByte
 This function is called by:
		_main
 This function uses a non-reentrant model


 *************** function _DATAEE_WriteByte *****************
 Defined at:
		line 179 in file "mcc_generated_files/memory.c"
 Parameters:    Size  Location     Type
  bAdd            2    3[COMMON] unsigned int 
  bData           1    5[COMMON] unsigned char 
 Auto vars:     Size  Location     Type
  GIEBitValue     1    6[COMMON] unsigned char 
 Return value:  Size  Location     Type
                  1    wreg      void 
 Registers used:
		wreg, status,2, status,0
 Tracked objects:
		On entry : 
		On exit  : 
		Unchanged: 
 Data sizes:     COMMON   BANK0   BANK1   BANK2   BANK3   BANK4   BANK5   BANK6   BANK7   BANK8   BANK9  BANK10  BANK11  BANK12
      Params:         3       0       0       0       0       0       0       0       0       0       0       0       0       0
      Locals:         1       0       0       0       0       0       0       0       0       0       0       0       0       0
      Temps:          0       0       0       0       0       0       0       0       0       0       0       0       0       0
      Totals:         4       0       0       0       0       0       0       0       0       0       0       0       0       0
Total ram usage:        4 bytes
 Hardware stack levels used:    1
 Hardware stack levels required when called:    3
 This function calls:
		Nothing
 This function is called by:
		_EEPROM
 This function uses a non-reentrant model


 *************** function _DATAEE_ReadByte *****************
 Defined at:
		line 201 in file "mcc_generated_files/memory.c"
 Parameters:    Size  Location     Type
  bAdd            2    3[COMMON] unsigned int 
 Auto vars:     Size  Location     Type
		None
 Return value:  Size  Location     Type
                  1    wreg      unsigned char 
 Registers used:
		wreg, status,2
 Tracked objects:
		On entry : 
		On exit  : 
		Unchanged: 
 Data sizes:     COMMON   BANK0   BANK1   BANK2   BANK3   BANK4   BANK5   BANK6   BANK7   BANK8   BANK9  BANK10  BANK11  BANK12
      Params:         2       0       0       0       0       0       0       0       0       0       0       0       0       0
      Locals:         0       0       0       0       0       0       0       0       0       0       0       0       0       0
      Temps:          0       0       0       0       0       0       0       0       0       0       0       0       0       0
      Totals:         2       0       0       0       0       0       0       0       0       0       0       0       0       0
Total ram usage:        2 bytes
 Hardware stack levels used:    1
 Hardware stack levels required when called:    3
 This function calls:
		Nothing
 This function is called by:
		_EEPROM
 This function uses a non-reentrant model


 *************** function _Blink *****************
 Defined at:
		line 59 in file "Labs/Lab02_Blink/Blink.c"
 Parameters:    Size  Location     Type
		None
 Auto vars:     Size  Location     Type
		None
 Return value:  Size  Location     Type
                  1    wreg      void 
 Registers used:
		wreg, status,2, status,0, pclath, cstack
 Tracked objects:
		On entry : 
		On exit  : 
		Unchanged: 
 Data sizes:     COMMON   BANK0   BANK1   BANK2   BANK3   BANK4   BANK5   BANK6   BANK7   BANK8   BANK9  BANK10  BANK11  BANK12
      Params:         0       0       0       0       0       0       0       0       0       0       0       0       0       0
      Locals:         0       0       0       0       0       0       0       0       0       0       0       0       0       0
      Temps:          1       0       0       0       0       0       0       0       0       0       0       0       0       0
      Totals:         1       0       0       0       0       0       0       0       0       0       0       0       0       0
Total ram usage:        1 bytes
 Hardware stack levels used:    1
 Hardware stack levels required when called:    4
 This function calls:
		_TMR1_Reload
		_TMR1_StartTimer
		_TMR1_StopTimer
 This function is called by:
		_main
 This function uses a non-reentrant model


 *************** function _TMR1_StopTimer *****************
 Defined at:
		line 101 in file "mcc_generated_files/tmr1.c"
 Parameters:    Size  Location     Type
		None
 Auto vars:     Size  Location     Type
		None
 Return value:  Size  Location     Type
                  1    wreg      void 
 Registers used:
		None
 Tracked objects:
		On entry : 
		On exit  : 
		Unchanged: 
 Data sizes:     COMMON   BANK0   BANK1   BANK2   BANK3   BANK4   BANK5   BANK6   BANK7   BANK8   BANK9  BANK10  BANK11  BANK12
      Params:         0       0       0       0       0       0       0       0       0       0       0       0       0       0
      Locals:         0       0       0       0       0       0       0       0       0       0       0       0       0       0
      Temps:          0       0       0       0       0       0       0       0       0       0       0       0       0       0
      Totals:         0       0       0       0       0       0       0       0       0       0       0       0       0       0
Total ram usage:        0 bytes
 Hardware stack levels used:    1
 Hardware stack levels required when called:    3
 This function calls:
		Nothing
 This function is called by:
		_Blink
		_Timer1
 This function uses a non-reentrant model


 *************** function _TMR1_StartTimer *****************
 Defined at:
		line 95 in file "mcc_generated_files/tmr1.c"
 Parameters:    Size  Location     Type
		None
 Auto vars:     Size  Location     Type
		None
 Return value:  Size  Location     Type
                  1    wreg      void 
 Registers used:
		None
 Tracked objects:
		On entry : 
		On exit  : 
		Unchanged: 
 Data sizes:     COMMON   BANK0   BANK1   BANK2   BANK3   BANK4   BANK5   BANK6   BANK7   BANK8   BANK9  BANK10  BANK11  BANK12
      Params:         0       0       0       0       0       0       0       0       0       0       0       0       0       0
      Locals:         0       0       0       0       0       0       0       0       0       0       0       0       0       0
      Temps:          0       0       0       0       0       0       0       0       0       0       0       0       0       0
      Totals:         0       0       0       0       0       0       0       0       0       0       0       0       0       0
Total ram usage:        0 bytes
 Hardware stack levels used:    1
 Hardware stack levels required when called:    3
 This function calls:
		Nothing
 This function is called by:
		_Blink
		_Timer1
		_TMR1_Initialize
 This function uses a non-reentrant model


 *************** function _TMR1_Reload *****************
 Defined at:
		line 138 in file "mcc_generated_files/tmr1.c"
 Parameters:    Size  Location     Type
		None
 Auto vars:     Size  Location     Type
		None
 Return value:  Size  Location     Type
                  1    wreg      void 
 Registers used:
		wreg, status,2
 Tracked objects:
		On entry : 
		On exit  : 
		Unchanged: 
 Data sizes:     COMMON   BANK0   BANK1   BANK2   BANK3   BANK4   BANK5   BANK6   BANK7   BANK8   BANK9  BANK10  BANK11  BANK12
      Params:         0       0       0       0       0       0       0       0       0       0       0       0       0       0
      Locals:         0       0       0       0       0       0       0       0       0       0       0       0       0       0
      Temps:          0       0       0       0       0       0       0       0       0       0       0       0       0       0
      Totals:         0       0       0       0       0       0       0       0       0       0       0       0       0       0
Total ram usage:        0 bytes
 Hardware stack levels used:    1
 Hardware stack levels required when called:    3
 This function calls:
		Nothing
 This function is called by:
		_Blink
		_Timer1
 This function uses a non-reentrant model


 *************** function _ADC *****************
 Defined at:
		line 60 in file "Labs/Lab04_AnalogToDigitalConversion/ADC.c"
 Parameters:    Size  Location     Type
		None
 Auto vars:     Size  Location     Type
		None
 Return value:  Size  Location     Type
                  1    wreg      void 
 Registers used:
		wreg, status,2, status,0, pclath, cstack
 Tracked objects:
		On entry : 
		On exit  : 
		Unchanged: 
 Data sizes:     COMMON   BANK0   BANK1   BANK2   BANK3   BANK4   BANK5   BANK6   BANK7   BANK8   BANK9  BANK10  BANK11  BANK12
      Params:         0       0       0       0       0       0       0       0       0       0       0       0       0       0
      Locals:         0       0       0       0       0       0       0       0       0       0       0       0       0       0
      Temps:          0       3       0       0       0       0       0       0       0       0       0       0       0       0
      Totals:         0       3       0       0       0       0       0       0       0       0       0       0       0       0
Total ram usage:        3 bytes
 Hardware stack levels used:    1
 Hardware stack levels required when called:    4
 This function calls:
		_ADCC_GetSingleConversion
 This function is called by:
		_main
 This function uses a non-reentrant model


 *************** function _ADCC_GetSingleConversion *****************
 Defined at:
		line 128 in file "mcc_generated_files/adcc.c"
 Parameters:    Size  Location     Type
  channel         1    wreg     enum E14958
 Auto vars:     Size  Location     Type
  channel         1    6[COMMON] enum E14958
 Return value:  Size  Location     Type
                  2    3[COMMON] unsigned int 
 Registers used:
		wreg
 Tracked objects:
		On entry : 
		On exit  : 
		Unchanged: 
 Data sizes:     COMMON   BANK0   BANK1   BANK2   BANK3   BANK4   BANK5   BANK6   BANK7   BANK8   BANK9  BANK10  BANK11  BANK12
      Params:         3       0       0       0       0       0       0       0       0       0       0       0       0       0
      Locals:         1       0       0       0       0       0       0       0       0       0       0       0       0       0
      Temps:          0       0       0       0       0       0       0       0       0       0       0       0       0       0
      Totals:         4       0       0       0       0       0       0       0       0       0       0       0       0       0
Total ram usage:        4 bytes
 Hardware stack levels used:    1
 Hardware stack levels required when called:    3
 This function calls:
		Nothing
 This function is called by:
		_ADC
		_VSR
		_PWM
		_EEPROM
 This function uses a non-reentrant model


 *************** function _INTERRUPT_InterruptManager *****************
 Defined at:
		line 51 in file "mcc_generated_files/interrupt_manager.c"
 Parameters:    Size  Location     Type
		None
 Auto vars:     Size  Location     Type
		None
 Return value:  Size  Location     Type
                  1    wreg      void 
 Registers used:
		wreg, status,2, status,0, pclath, cstack
 Tracked objects:
		On entry : 
		On exit  : 
		Unchanged: 
 Data sizes:     COMMON   BANK0   BANK1   BANK2   BANK3   BANK4   BANK5   BANK6   BANK7   BANK8   BANK9  BANK10  BANK11  BANK12
      Params:         0       0       0       0       0       0       0       0       0       0       0       0       0       0
      Locals:         0       0       0       0       0       0       0       0       0       0       0       0       0       0
      Temps:          1       0       0       0       0       0       0       0       0       0       0       0       0       0
      Totals:         1       0       0       0       0       0       0       0       0       0       0       0       0       0
Total ram usage:        1 bytes
 Hardware stack levels used:    1
 Hardware stack levels required when called:    2
 This function calls:
		_TMR0_ISR
 This function is called by:
		Interrupt level 1
 This function uses a non-reentrant model


 *************** function _TMR0_ISR *****************
 Defined at:
		line 123 in file "mcc_generated_files/tmr0.c"
 Parameters:    Size  Location     Type
		None
 Auto vars:     Size  Location     Type
		None
 Return value:  Size  Location     Type
                  1    wreg      void 
 Registers used:
		wreg, status,2, status,0, pclath, cstack
 Tracked objects:
		On entry : 
		On exit  : 
		Unchanged: 
 Data sizes:     COMMON   BANK0   BANK1   BANK2   BANK3   BANK4   BANK5   BANK6   BANK7   BANK8   BANK9  BANK10  BANK11  BANK12
      Params:         0       0       0       0       0       0       0       0       0       0       0       0       0       0
      Locals:         0       0       0       0       0       0       0       0       0       0       0       0       0       0
      Temps:          0       0       0       0       0       0       0       0       0       0       0       0       0       0
      Totals:         0       0       0       0       0       0       0       0       0       0       0       0       0       0
Total ram usage:        0 bytes
 Hardware stack levels used:    1
 Hardware stack levels required when called:    1
 This function calls:
		Absolute function
		_LAB_ISR
		_TMR0_DefaultInterruptHandler
 This function is called by:
		_INTERRUPT_InterruptManager
 This function uses a non-reentrant model


 *************** function _LAB_ISR *****************
 Defined at:
		line 98 in file "Labs/Lab08_Interrupts/Interrupt.c"
 Parameters:    Size  Location     Type
		None
 Auto vars:     Size  Location     Type
		None
 Return value:  Size  Location     Type
                  1    wreg      void 
 Registers used:
		wreg, status,2, status,0
 Tracked objects:
		On entry : 
		On exit  : 
		Unchanged: 
 Data sizes:     COMMON   BANK0   BANK1   BANK2   BANK3   BANK4   BANK5   BANK6   BANK7   BANK8   BANK9  BANK10  BANK11  BANK12
      Params:         0       0       0       0       0       0       0       0       0       0       0       0       0       0
      Locals:         0       0       0       0       0       0       0       0       0       0       0       0       0       0
      Temps:          2       0       0       0       0       0       0       0       0       0       0       0       0       0
      Totals:         2       0       0       0       0       0       0       0       0       0       0       0       0       0
Total ram usage:        2 bytes
 Hardware stack levels used:    1
 This function calls:
		Nothing
 This function is called by:
		_Interrupt
		_TMR0_ISR
 This function uses a non-reentrant model


 *************** function _TMR0_DefaultInterruptHandler *****************
 Defined at:
		line 140 in file "mcc_generated_files/tmr0.c"
 Parameters:    Size  Location     Type
		None
 Auto vars:     Size  Location     Type
		None
 Return value:  Size  Location     Type
                  1    wreg      void 
 Registers used:
		None
 Tracked objects:
		On entry : 
		On exit  : 
		Unchanged: 
 Data sizes:     COMMON   BANK0   BANK1   BANK2   BANK3   BANK4   BANK5   BANK6   BANK7   BANK8   BANK9  BANK10  BANK11  BANK12
      Params:         0       0       0       0       0       0       0       0       0       0       0       0       0       0
      Locals:         0       0       0       0       0       0       0       0       0       0       0       0       0       0
      Temps:          0       0       0       0       0       0       0       0       0       0       0       0       0       0
      Totals:         0       0       0       0       0       0       0       0       0       0       0       0       0       0
Total ram usage:        0 bytes
 Hardware stack levels used:    1
 This function calls:
		Nothing
 This function is called by:
		_TMR0_Initialize
		_TMR0_ISR
 This function uses a non-reentrant model



MODULE INFORMATION

Module		Function		Class		Link	Load	Size
Labs/Lab06_PulseWidthModulation/PWM.c
		_PWM           		CODE           	0024	0000	82

Labs/Lab06_PulseWidthModulation/PWM.c estimated size: 82

Labs/Lab10_EEPROM/EEPROM.c
		_EEPROM        		CODE           	0075	0000	77

Labs/Lab10_EEPROM/EEPROM.c estimated size: 77

Labs/Lab05_VariableSpeedRotate/VSR.c
		_VSR           		CODE           	0105	0000	68

Labs/Lab05_VariableSpeedRotate/VSR.c estimated size: 68

mcc_generated_files/pwm6.c
		_PWM6_LoadDutyValue		CODE           	031C	0000	23
		_PWM6_Initialize		CODE           	03BA	0000	14

mcc_generated_files/pwm6.c estimated size: 37

Labs/Lab08_Interrupts/Interrupt.c
		_Interrupt     		CODE           	0282	0000	33
		_LAB_ISR       		CODE           	02EE	0000	25

Labs/Lab08_Interrupts/Interrupt.c estimated size: 58

Labs/Lab02_Blink/Blink.c
		_Blink         		CODE           	01C2	0000	52

Labs/Lab02_Blink/Blink.c estimated size: 52

mcc_generated_files/tmr2.c
		_TMR2_Initialize		CODE           	039F	0000	15
		_TMR2_Stop     		CODE           	0414	0000	4
		_TMR2_Start    		CODE           	041A	0000	4
		_TMR2_StopTimer		CODE           	0411	0000	4
		_TMR2_StartTimer		CODE           	0417	0000	4

mcc_generated_files/tmr2.c estimated size: 31

mcc_generated_files/interrupt_manager.c
		_INTERRUPT_InterruptManager		CODE           	0004	0000	17

mcc_generated_files/interrupt_manager.c estimated size: 17

Labs/Lab09_SleepWakeup/SleepWakeUp.c
		_SleepWakeUp   		CODE           	01F5	0000	49

Labs/Lab09_SleepWakeup/SleepWakeUp.c estimated size: 49

mcc_generated_files/tmr0.c
		_TMR0_SetInterruptHandler		CODE           	03FE	0000	7
		_TMR0_DefaultInterruptHandler		CODE           	0423	0000	2
		_TMR0_StartTimer		CODE           	040E	0000	4
		_TMR0_ISR      		CODE           	03C7	0000	14
		_TMR0_Initialize		CODE           	0346	0000	21

mcc_generated_files/tmr0.c estimated size: 48

mcc_generated_files/pin_manager.c
		_PIN_MANAGER_Initialize		CODE           	0148	0000	66

mcc_generated_files/pin_manager.c estimated size: 66

Labs/Lab01_HelloWorld/HelloWorld.c
		_HelloWorld    		CODE           	035A	0000	21

Labs/Lab01_HelloWorld/HelloWorld.c estimated size: 21

Labs/Lab03_Rotate/Rotate.c
		_Delay500ms    		CODE           	036E	0000	19
		_Rotate        		CODE           	0255	0000	46

Labs/Lab03_Rotate/Rotate.c estimated size: 65

shared
		__initialization		CODE           	0016	0000	11

shared estimated size: 11

mcc_generated_files/mcc.c
		_WWDT_TimeOutStatusGet		CODE           	0404	0000	5
		_WWDT_SoftDisable		CODE           	040B	0000	4
		_OSCILLATOR_Initialize		CODE           	03E0	0000	10
		_SYSTEM_Initialize		CODE           	02BE	0000	25
		_WWDT_Initialize		CODE           	03F8	0000	7
		_WWDT_SoftEnable		CODE           	0408	0000	4

mcc_generated_files/mcc.c estimated size: 55

Labs/Lab07_Timers/Timer1.c
		_Timer1        		CODE           	0189	0000	58

Labs/Lab07_Timers/Timer1.c estimated size: 58

Labs/Lab04_AnalogToDigitalConversion/ADC.c
		_ADC           		CODE           	0225	0000	49

Labs/Lab04_AnalogToDigitalConversion/ADC.c estimated size: 49

mcc_generated_files/tmr1.c
		_TMR1_Initialize		CODE           	0306	0000	23
		_TMR1_StopTimer		CODE           	041D	0000	4
		_TMR1_Reload   		CODE           	03E9	0000	10
		_TMR1_StartTimer		CODE           	0420	0000	4

mcc_generated_files/tmr1.c estimated size: 41

mcc_generated_files/memory.c
		_DATAEE_WriteByte		CODE           	02A2	0000	29
		_DATAEE_ReadByte		CODE           	03D4	0000	13

mcc_generated_files/memory.c estimated size: 42

mcc_generated_files/adcc.c
		_ADCC_GetSingleConversion		CODE           	0380	0000	17
		_ADCC_Initialize		CODE           	02D6	0000	25

mcc_generated_files/adcc.c estimated size: 42

main.c
		_main          		CODE           	00C1	0000	69
		_nextLab       		CODE           	03AD	0000	14
		_checkButtonS1 		CODE           	0390	0000	16

main.c estimated size: 99

